C:\Users\slubo>mongo
MongoDB shell version v4.2.3
connecting to: mongodb://127.0.0.1:27017/?compressors=disabled&gssapiServiceName=mongodb
Implicit session: session { "id" : UUID("b25ed183-05ea-4f12-84fa-c43b55f81c9a") }
MongoDB server version: 4.2.3
Server has startup warnings:
2020-02-19T20:00:58.716-0500 I  CONTROL  [initandlisten]
2020-02-19T20:00:58.716-0500 I  CONTROL  [initandlisten] ** WARNING: Access control is not enabled for the database.
2020-02-19T20:00:58.717-0500 I  CONTROL  [initandlisten] **          Read and write access to data and configuration is unrestricted.
2020-02-19T20:00:58.717-0500 I  CONTROL  [initandlisten]
1 test>
2 test>
3 test> sayHi()
Hi!
4 test> function sayHello() {
... print('Hello');
... }
5 test> sayHello()
Hello
6 test> let donald = {name: "Donald"}
7 test> edit donald
2020-02-19T20:06:32.215-0500 E  QUERY    [js] uncaught exception: SyntaxError: redeclaration of let donald :
@(shell):1:1
8 test> donals
2020-02-19T20:06:55.076-0500 E  QUERY    [js] uncaught exception: ReferenceError: donals is not defined :
@(shell):1:1
9 test> donald
{ "name" : "The Donald" }
10 test>
11 test> show dbs
admin   0.000GB
config  0.000GB
foo     0.000GB
local   0.000GB
one     0.000GB
test    0.006GB
two     0.000GB
12 test> use one
switched to db one
13 one> use two
switched to db two
14 two> use bar
switched to db bar
15 bar> use one
switched to db one
16 one> show dbs
admin   0.000GB
config  0.000GB
foo     0.000GB
local   0.000GB
one     0.000GB
test    0.006GB
two     0.000GB
17 one> show collections
presidents
18 one> db.presidents.find()
{ "_id" : ObjectId("5e49807373118f3c8854757c"), "name" : "Barack Hussein Obama", "year" : 2014 }
{ "_id" : ObjectId("5e4980cc73118f3c8854757d"), "year" : 2017, "name" : "Donald Trump" }
19 one> db.presidents.find().pretty()
{
        "_id" : ObjectId("5e49807373118f3c8854757c"),
        "name" : "Barack Hussein Obama",
        "year" : 2014
}
{
        "_id" : ObjectId("5e4980cc73118f3c8854757d"),
        "year" : 2017,
        "name" : "Donald Trump"
}
20 one> db.presidents.findOne()
{
        "_id" : ObjectId("5e49807373118f3c8854757c"),
        "name" : "Barack Hussein Obama",
        "year" : 2014
}
21 one> db.presidents.insert({name: "George W Bush", year: "2000"})
WriteResult({ "nInserted" : 1 })
22 one> db.presidents.find().pretty()
{
        "_id" : ObjectId("5e49807373118f3c8854757c"),
        "name" : "Barack Hussein Obama",
        "year" : 2014
}
{
        "_id" : ObjectId("5e4980cc73118f3c8854757d"),
        "year" : 2017,
        "name" : "Donald Trump"
}
{
        "_id" : ObjectId("5e4ddcde71ea6817eb03129e"),
        "name" : "George W Bush",
        "year" : "2000"
}
23 one> db.presidents.insert({foo: 'bar'})
WriteResult({ "nInserted" : 1 })
24 one> db.presidents.find().pretty()
{
        "_id" : ObjectId("5e49807373118f3c8854757c"),
        "name" : "Barack Hussein Obama",
        "year" : 2014
}
{
        "_id" : ObjectId("5e4980cc73118f3c8854757d"),
        "year" : 2017,
        "name" : "Donald Trump"
}
{
        "_id" : ObjectId("5e4ddcde71ea6817eb03129e"),
        "name" : "George W Bush",
        "year" : "2000"
}
{ "_id" : ObjectId("5e4ddd0e71ea6817eb03129f"), "foo" : "bar" }
25 one> db.presidents.insert({another: 'guy', id: 52})
WriteResult({ "nInserted" : 1 })
26 one> db.presidents.find().pretty()
{
        "_id" : ObjectId("5e49807373118f3c8854757c"),
        "name" : "Barack Hussein Obama",
        "year" : 2014
}
{
        "_id" : ObjectId("5e4980cc73118f3c8854757d"),
        "year" : 2017,
        "name" : "Donald Trump"
}
{
        "_id" : ObjectId("5e4ddcde71ea6817eb03129e"),
        "name" : "George W Bush",
        "year" : "2000"
}
{ "_id" : ObjectId("5e4ddd0e71ea6817eb03129f"), "foo" : "bar" }
{
        "_id" : ObjectId("5e4dde1d71ea6817eb0312a0"),
        "another" : "guy",
        "id" : 52
}
27 one> db.presidents.insert({another: 'guy', _id: 52})
WriteResult({ "nInserted" : 1 })
28 one> db.presidents.find().pretty()
{
        "_id" : ObjectId("5e49807373118f3c8854757c"),
        "name" : "Barack Hussein Obama",
        "year" : 2014
}
{
        "_id" : ObjectId("5e4980cc73118f3c8854757d"),
        "year" : 2017,
        "name" : "Donald Trump"
}
{
        "_id" : ObjectId("5e4ddcde71ea6817eb03129e"),
        "name" : "George W Bush",
        "year" : "2000"
}
{ "_id" : ObjectId("5e4ddd0e71ea6817eb03129f"), "foo" : "bar" }
{
        "_id" : ObjectId("5e4dde1d71ea6817eb0312a0"),
        "another" : "guy",
        "id" : 52
}
{ "_id" : 52, "another" : "guy" }
29 one> db.presidents.insert({another: 'guy', _id: 52})
WriteResult({
        "nInserted" : 0,
        "writeError" : {
                "code" : 11000,
                "errmsg" : "E11000 duplicate key error collection: one.presidents index: _id_ dup key: { _id: 52.0 }"
        }
})
30 one> db.presidents.insertOne({another: 'guy', _id: 53})
{ "acknowledged" : true, "insertedId" : 53 }
31 one> db.presidents.insertMany([{name: 'George H W Bush', year: 1994}, {name: "Ronald Reagen": year: 1980}])
2020-02-19T20:19:50.807-0500 E  QUERY    [js] uncaught exception: SyntaxError: missing } after property list :
@(shell):1:87
32 one> db.presidents.insertMany([{name: 'George H W Bush', year: 1994}, {name: "Ronald Reagen", year: 1980}])
{
        "acknowledged" : true,
        "insertedIds" : [
                ObjectId("5e4ddedd71ea6817eb0312a1"),
                ObjectId("5e4ddedd71ea6817eb0312a2")
        ]
}
33 one> db.presidents.find().pretty()
{
        "_id" : ObjectId("5e49807373118f3c8854757c"),
        "name" : "Barack Hussein Obama",
        "year" : 2014
}
{
        "_id" : ObjectId("5e4980cc73118f3c8854757d"),
        "year" : 2017,
        "name" : "Donald Trump"
}
{
        "_id" : ObjectId("5e4ddcde71ea6817eb03129e"),
        "name" : "George W Bush",
        "year" : "2000"
}
{ "_id" : ObjectId("5e4ddd0e71ea6817eb03129f"), "foo" : "bar" }
{
        "_id" : ObjectId("5e4dde1d71ea6817eb0312a0"),
        "another" : "guy",
        "id" : 52
}
{ "_id" : 52, "another" : "guy" }
{ "_id" : 53, "another" : "guy" }
{
        "_id" : ObjectId("5e4ddedd71ea6817eb0312a1"),
        "name" : "George H W Bush",
        "year" : 1994
}
{
        "_id" : ObjectId("5e4ddedd71ea6817eb0312a2"),
        "name" : "Ronald Reagen",
        "year" : 1980
}
34 one> db.presidents.find({name: "Ronald Reagen").pretty()
...
...
35 one> db.presidents.find({name: "Ronald Reagen"}).pretty()
{
        "_id" : ObjectId("5e4ddedd71ea6817eb0312a2"),
        "name" : "Ronald Reagen",
        "year" : 1980
}
36 one> db.presidents.find().pretty()
{
        "_id" : ObjectId("5e49807373118f3c8854757c"),
        "name" : "Barack Hussein Obama",
        "year" : 2014
}
{
        "_id" : ObjectId("5e4980cc73118f3c8854757d"),
        "year" : 2017,
        "name" : "Donald Trump"
}
{
        "_id" : ObjectId("5e4ddcde71ea6817eb03129e"),
        "name" : "George W Bush",
        "year" : "2000"
}
{ "_id" : ObjectId("5e4ddd0e71ea6817eb03129f"), "foo" : "bar" }
{
        "_id" : ObjectId("5e4dde1d71ea6817eb0312a0"),
        "another" : "guy",
        "id" : 52
}
{ "_id" : 52, "another" : "guy" }
{ "_id" : 53, "another" : "guy" }
{
        "_id" : ObjectId("5e4ddedd71ea6817eb0312a1"),
        "name" : "George H W Bush",
        "year" : 1994
}
{
        "_id" : ObjectId("5e4ddedd71ea6817eb0312a2"),
        "name" : "Ronald Reagen",
        "year" : 1980
}
37 one> db.presidents.deleteOne({_id: 52})
{ "acknowledged" : true, "deletedCount" : 1 }
38 one> db.presidents.deleteOne({_id: 53})
{ "acknowledged" : true, "deletedCount" : 1 }
39 one> db.presidents.find().pretty()
{
        "_id" : ObjectId("5e49807373118f3c8854757c"),
        "name" : "Barack Hussein Obama",
        "year" : 2014
}
{
        "_id" : ObjectId("5e4980cc73118f3c8854757d"),
        "year" : 2017,
        "name" : "Donald Trump"
}
{
        "_id" : ObjectId("5e4ddcde71ea6817eb03129e"),
        "name" : "George W Bush",
        "year" : "2000"
}
{ "_id" : ObjectId("5e4ddd0e71ea6817eb03129f"), "foo" : "bar" }
{
        "_id" : ObjectId("5e4dde1d71ea6817eb0312a0"),
        "another" : "guy",
        "id" : 52
}
{
        "_id" : ObjectId("5e4ddedd71ea6817eb0312a1"),
        "name" : "George H W Bush",
        "year" : 1994
}
{
        "_id" : ObjectId("5e4ddedd71ea6817eb0312a2"),
        "name" : "Ronald Reagen",
        "year" : 1980
}
40 one> db.presidents.deleteOne({_id: ObjectId("5e4ddd0e71ea6817eb03129f")})
{ "acknowledged" : true, "deletedCount" : 1 }
41 one> db.presidents.find().pretty()
{
        "_id" : ObjectId("5e49807373118f3c8854757c"),
        "name" : "Barack Hussein Obama",
        "year" : 2014
}
{
        "_id" : ObjectId("5e4980cc73118f3c8854757d"),
        "year" : 2017,
        "name" : "Donald Trump"
}
{
        "_id" : ObjectId("5e4ddcde71ea6817eb03129e"),
        "name" : "George W Bush",
        "year" : "2000"
}
{
        "_id" : ObjectId("5e4dde1d71ea6817eb0312a0"),
        "another" : "guy",
        "id" : 52
}
{
        "_id" : ObjectId("5e4ddedd71ea6817eb0312a1"),
        "name" : "George H W Bush",
        "year" : 1994
}
{
        "_id" : ObjectId("5e4ddedd71ea6817eb0312a2"),
        "name" : "Ronald Reagen",
        "year" : 1980
}
42 one> db.presidents.update({_id: ObjectId("5e4dde1d71ea6817eb0312a0")}, {name: "Bill Clinton"})
WriteResult({ "nMatched" : 1, "nUpserted" : 0, "nModified" : 1 })
43 one> db.presidents.find().pretty()
{
        "_id" : ObjectId("5e49807373118f3c8854757c"),
        "name" : "Barack Hussein Obama",
        "year" : 2014
}
{
        "_id" : ObjectId("5e4980cc73118f3c8854757d"),
        "year" : 2017,
        "name" : "Donald Trump"
}
{
        "_id" : ObjectId("5e4ddcde71ea6817eb03129e"),
        "name" : "George W Bush",
        "year" : "2000"
}
{ "_id" : ObjectId("5e4dde1d71ea6817eb0312a0"), "name" : "Bill Clinton" }
{
        "_id" : ObjectId("5e4ddedd71ea6817eb0312a1"),
        "name" : "George H W Bush",
        "year" : 1994
}
{
        "_id" : ObjectId("5e4ddedd71ea6817eb0312a2"),
        "name" : "Ronald Reagen",
        "year" : 1980
}
44 one> db.presidents.update({name: "Bill Clinton"}, {name: "Hillary Clinton"})
WriteResult({ "nMatched" : 1, "nUpserted" : 0, "nModified" : 1 })
45 one> db.presidents.find().pretty()
{
        "_id" : ObjectId("5e49807373118f3c8854757c"),
        "name" : "Barack Hussein Obama",
        "year" : 2014
}
{
        "_id" : ObjectId("5e4980cc73118f3c8854757d"),
        "year" : 2017,
        "name" : "Donald Trump"
}
{
        "_id" : ObjectId("5e4ddcde71ea6817eb03129e"),
        "name" : "George W Bush",
        "year" : "2000"
}
{ "_id" : ObjectId("5e4dde1d71ea6817eb0312a0"), "name" : "Hillary Clinton" }
{
        "_id" : ObjectId("5e4ddedd71ea6817eb0312a1"),
        "name" : "George H W Bush",
        "year" : 1994
}
{
        "_id" : ObjectId("5e4ddedd71ea6817eb0312a2"),
        "name" : "Ronald Reagen",
        "year" : 1980
}
46 one> db.presidents.update({name: "Hillary Clinton"}, {name: "Hillary Clinton", age: 70})
WriteResult({ "nMatched" : 1, "nUpserted" : 0, "nModified" : 1 })
47 one> db.presidents.find().pretty()
{
        "_id" : ObjectId("5e49807373118f3c8854757c"),
        "name" : "Barack Hussein Obama",
        "year" : 2014
}
{
        "_id" : ObjectId("5e4980cc73118f3c8854757d"),
        "year" : 2017,
        "name" : "Donald Trump"
}
{
        "_id" : ObjectId("5e4ddcde71ea6817eb03129e"),
        "name" : "George W Bush",
        "year" : "2000"
}
{
        "_id" : ObjectId("5e4dde1d71ea6817eb0312a0"),
        "name" : "Hillary Clinton",
        "age" : 70
}
{
        "_id" : ObjectId("5e4ddedd71ea6817eb0312a1"),
        "name" : "George H W Bush",
        "year" : 1994
}
{
        "_id" : ObjectId("5e4ddedd71ea6817eb0312a2"),
        "name" : "Ronald Reagen",
        "year" : 1980
}
48 one> db.presidents.update({name: "Hillary Clinton"}, {year: 2008})
WriteResult({ "nMatched" : 1, "nUpserted" : 0, "nModified" : 1 })
49 one> db.presidents.find().pretty()
{
        "_id" : ObjectId("5e49807373118f3c8854757c"),
        "name" : "Barack Hussein Obama",
        "year" : 2014
}
{
        "_id" : ObjectId("5e4980cc73118f3c8854757d"),
        "year" : 2017,
        "name" : "Donald Trump"
}
{
        "_id" : ObjectId("5e4ddcde71ea6817eb03129e"),
        "name" : "George W Bush",
        "year" : "2000"
}
{ "_id" : ObjectId("5e4dde1d71ea6817eb0312a0"), "year" : 2008 }
{
        "_id" : ObjectId("5e4ddedd71ea6817eb0312a1"),
        "name" : "George H W Bush",
        "year" : 1994
}
{
        "_id" : ObjectId("5e4ddedd71ea6817eb0312a2"),
        "name" : "Ronald Reagen",
        "year" : 1980
}
50 one> db.presidents.update({year: 2008}, {$set: {name: "Hillary Clinton", age: 70}})
WriteResult({ "nMatched" : 1, "nUpserted" : 0, "nModified" : 1 })
51 one> db.presidents.find().pretty()
{
        "_id" : ObjectId("5e49807373118f3c8854757c"),
        "name" : "Barack Hussein Obama",
        "year" : 2014
}
{
        "_id" : ObjectId("5e4980cc73118f3c8854757d"),
        "year" : 2017,
        "name" : "Donald Trump"
}
{
        "_id" : ObjectId("5e4ddcde71ea6817eb03129e"),
        "name" : "George W Bush",
        "year" : "2000"
}
{
        "_id" : ObjectId("5e4dde1d71ea6817eb0312a0"),
        "year" : 2008,
        "age" : 70,
        "name" : "Hillary Clinton"
}
{
        "_id" : ObjectId("5e4ddedd71ea6817eb0312a1"),
        "name" : "George H W Bush",
        "year" : 1994
}
{
        "_id" : ObjectId("5e4ddedd71ea6817eb0312a2"),
        "name" : "Ronald Reagen",
        "year" : 1980
}
52 one> db.presidents.updateOne({name: "Hillary Clinton"}, {year: 2008})
2020-02-19T20:31:17.853-0500 E  QUERY    [js] uncaught exception: Error: the update operation document must contain atomic operators :
DBCollection.prototype.updateOne@src/mongo/shell/crud_api.js:565:19
@(shell):1:1
53 one> db.presidents.update({year: 2008}, {$set: {name: "Hillary Clinton", age: 70}})
WriteResult({ "nMatched" : 1, "nUpserted" : 0, "nModified" : 0 })
54 one>
55 one>
56 one>
57 one>
58 one>
59 one> db.presidents.find({}, {name: 1})
{ "_id" : ObjectId("5e49807373118f3c8854757c"), "name" : "Barack Hussein Obama" }
{ "_id" : ObjectId("5e4980cc73118f3c8854757d"), "name" : "Donald Trump" }
{ "_id" : ObjectId("5e4ddcde71ea6817eb03129e"), "name" : "George W Bush" }
{ "_id" : ObjectId("5e4dde1d71ea6817eb0312a0"), "name" : "Hillary Clinton" }
{ "_id" : ObjectId("5e4ddedd71ea6817eb0312a1"), "name" : "George H W Bush" }
{ "_id" : ObjectId("5e4ddedd71ea6817eb0312a2"), "name" : "Ronald Reagen" }
60 one> db.presidents.find({}, {name: 1, id: -1})
{ "_id" : ObjectId("5e49807373118f3c8854757c"), "name" : "Barack Hussein Obama" }
{ "_id" : ObjectId("5e4980cc73118f3c8854757d"), "name" : "Donald Trump" }
{ "_id" : ObjectId("5e4ddcde71ea6817eb03129e"), "name" : "George W Bush" }
{ "_id" : ObjectId("5e4dde1d71ea6817eb0312a0"), "name" : "Hillary Clinton" }
{ "_id" : ObjectId("5e4ddedd71ea6817eb0312a1"), "name" : "George H W Bush" }
{ "_id" : ObjectId("5e4ddedd71ea6817eb0312a2"), "name" : "Ronald Reagen" }
61 one> db.presidents.find({}, {name: 1, _id: -1})
{ "_id" : ObjectId("5e49807373118f3c8854757c"), "name" : "Barack Hussein Obama" }
{ "_id" : ObjectId("5e4980cc73118f3c8854757d"), "name" : "Donald Trump" }
{ "_id" : ObjectId("5e4ddcde71ea6817eb03129e"), "name" : "George W Bush" }
{ "_id" : ObjectId("5e4dde1d71ea6817eb0312a0"), "name" : "Hillary Clinton" }
{ "_id" : ObjectId("5e4ddedd71ea6817eb0312a1"), "name" : "George H W Bush" }
{ "_id" : ObjectId("5e4ddedd71ea6817eb0312a2"), "name" : "Ronald Reagen" }
62 one> db.presidents.find({}, {name: 1, _id: 0})
{ "name" : "Barack Hussein Obama" }
{ "name" : "Donald Trump" }
{ "name" : "George W Bush" }
{ "name" : "Hillary Clinton" }
{ "name" : "George H W Bush" }
{ "name" : "Ronald Reagen" }
63 one> db.presidents.find({}, {name: 0})
{ "_id" : ObjectId("5e49807373118f3c8854757c"), "year" : 2014 }
{ "_id" : ObjectId("5e4980cc73118f3c8854757d"), "year" : 2017 }
{ "_id" : ObjectId("5e4ddcde71ea6817eb03129e"), "year" : "2000" }
{ "_id" : ObjectId("5e4dde1d71ea6817eb0312a0"), "year" : 2008, "age" : 70 }
{ "_id" : ObjectId("5e4ddedd71ea6817eb0312a1"), "year" : 1994 }
{ "_id" : ObjectId("5e4ddedd71ea6817eb0312a2"), "year" : 1980 }
64 one> db.presidents.find({year: 2008}, {name: 0})
{ "_id" : ObjectId("5e4dde1d71ea6817eb0312a0"), "year" : 2008, "age" : 70 }
65 one>
66 one>
67 one> help
        db.help()                    help on db methods
        db.mycoll.help()             help on collection methods
        sh.help()                    sharding helpers
        rs.help()                    replica set helpers
        help admin                   administrative help
        help connect                 connecting to a db help
        help keys                    key shortcuts
        help misc                    misc things to know
        help mr                      mapreduce

        show dbs                     show database names
        show collections             show collections in current database
        show users                   show users in current database
        show profile                 show most recent system.profile entries with time >= 1ms
        show logs                    show the accessible logger names
        show log [name]              prints out the last segment of log in memory, 'global' is default
        use <db_name>                set current database
        db.foo.find()                list objects in collection foo
        db.foo.find( { a : 1 } )     list objects in foo where a == 1
        it                           result of the last line evaluated; use to further iterate
        DBQuery.shellBatchSize = x   set default number of items to display on shell
        exit                         quit the mongo shell
68 one> db.help()
DB methods:
        db.adminCommand(nameOrDocument) - switches to 'admin' db, and runs command [just calls db.runCommand(...)]
        db.aggregate([pipeline], {options}) - performs a collectionless aggregation on this database; returns a cursor
        db.auth(username, password)
        db.cloneDatabase(fromhost) - will only function with MongoDB 4.0 and below
        db.commandHelp(name) returns the help for the command
        db.copyDatabase(fromdb, todb, fromhost) - will only function with MongoDB 4.0 and below
        db.createCollection(name, {size: ..., capped: ..., max: ...})
        db.createUser(userDocument)
        db.createView(name, viewOn, [{$operator: {...}}, ...], {viewOptions})
        db.currentOp() displays currently executing operations in the db
        db.dropDatabase(writeConcern)
        db.dropUser(username)
        db.eval() - deprecated
        db.fsyncLock() flush data to disk and lock server for backups
        db.fsyncUnlock() unlocks server following a db.fsyncLock()
        db.getCollection(cname) same as db['cname'] or db.cname
        db.getCollectionInfos([filter]) - returns a list that contains the names and options of the db's collections
        db.getCollectionNames()
        db.getLastError() - just returns the err msg string
        db.getLastErrorObj() - return full status object
        db.getLogComponents()
        db.getMongo() get the server connection object
        db.getMongo().setSlaveOk() allow queries on a replication slave server
        db.getName()
        db.getProfilingLevel() - deprecated
        db.getProfilingStatus() - returns if profiling is on and slow threshold
        db.getReplicationInfo()
        db.getSiblingDB(name) get the db at the same server as this one
        db.getWriteConcern() - returns the write concern used for any operations on this db, inherited from server object if set
        db.hostInfo() get details about the server's host
        db.isMaster() check replica primary status
        db.killOp(opid) kills the current operation in the db
        db.listCommands() lists all the db commands
        db.loadServerScripts() loads all the scripts in db.system.js
        db.logout()
        db.printCollectionStats()
        db.printReplicationInfo()
        db.printShardingStatus()
        db.printSlaveReplicationInfo()
        db.resetError()
        db.runCommand(cmdObj) run a database command.  if cmdObj is a string, turns it into {cmdObj: 1}
        db.serverStatus()
        db.setLogLevel(level,<component>)
        db.setProfilingLevel(level,slowms) 0=off 1=slow 2=all
        db.setVerboseShell(flag) display extra information in shell output
        db.setWriteConcern(<write concern doc>) - sets the write concern for writes to the db
        db.shutdownServer()
        db.stats()
        db.unsetWriteConcern(<write concern doc>) - unsets the write concern for writes to the db
        db.version() current version of the server
        db.watch() - opens a change stream cursor for a database to report on all  changes to its non-system collections.
69 one> db.presidents.help()
DBCollection help
        db.presidents.find().help() - show DBCursor help
        db.presidents.bulkWrite( operations, <optional params> ) - bulk execute write operations, optional parameters are: w, wtimeout, j
        db.presidents.count( query = {}, <optional params> ) - count the number of documents that matches the query, optional parameters are: limit, skip, hint, maxTimeMS
        db.presidents.countDocuments( query = {}, <optional params> ) - count the number of documents that matches the query, optional parameters are: limit, skip, hint, maxTimeMS
        db.presidents.estimatedDocumentCount( <optional params> ) - estimate the document count using collection metadata, optional parameters are: maxTimeMS
        db.presidents.convertToCapped(maxBytes) - calls {convertToCapped:'presidents', size:maxBytes}} command
        db.presidents.createIndex(keypattern[,options])
        db.presidents.createIndexes([keypatterns], <options>)
        db.presidents.dataSize()
        db.presidents.deleteOne( filter, <optional params> ) - delete first matching document, optional parameters are: w, wtimeout, j
        db.presidents.deleteMany( filter, <optional params> ) - delete all matching documents, optional parameters are: w, wtimeout, j
        db.presidents.distinct( key, query, <optional params> ) - e.g. db.presidents.distinct( 'x' ), optional parameters are: maxTimeMS
        db.presidents.drop() drop the collection
        db.presidents.dropIndex(index) - e.g. db.presidents.dropIndex( "indexName" ) or db.presidents.dropIndex( { "indexKey" : 1 } )
        db.presidents.dropIndexes()
        db.presidents.ensureIndex(keypattern[,options]) - DEPRECATED, use createIndex() instead
        db.presidents.explain().help() - show explain help
        db.presidents.reIndex()
        db.presidents.find([query],[fields]) - query is an optional query filter. fields is optional set of fields to return.
                                                      e.g. db.presidents.find( {x:77} , {name:1, x:1} )
        db.presidents.find(...).count()
        db.presidents.find(...).limit(n)
        db.presidents.find(...).skip(n)
        db.presidents.find(...).sort(...)
        db.presidents.findOne([query], [fields], [options], [readConcern])
        db.presidents.findOneAndDelete( filter, <optional params> ) - delete first matching document, optional parameters are: projection, sort, maxTimeMS
        db.presidents.findOneAndReplace( filter, replacement, <optional params> ) - replace first matching document, optional parameters are: projection, sort, maxTimeMS, upsert, returnNewDocument
        db.presidents.findOneAndUpdate( filter, <update object or pipeline>, <optional params> ) - update first matching document, optional parameters are: projection, sort, maxTimeMS, upsert, returnNewDocument
        db.presidents.getDB() get DB object associated with collection
        db.presidents.getPlanCache() get query plan cache associated with collection
        db.presidents.getIndexes()
        db.presidents.insert(obj)
        db.presidents.insertOne( obj, <optional params> ) - insert a document, optional parameters are: w, wtimeout, j
        db.presidents.insertMany( [objects], <optional params> ) - insert multiple documents, optional parameters are: w, wtimeout, j
        db.presidents.mapReduce( mapFunction , reduceFunction , <optional params> )
        db.presidents.aggregate( [pipeline], <optional params> ) - performs an aggregation on a collection; returns a cursor
        db.presidents.remove(query)
        db.presidents.replaceOne( filter, replacement, <optional params> ) - replace the first matching document, optional parameters are: upsert, w, wtimeout, j
        db.presidents.renameCollection( newName , <dropTarget> ) renames the collection.
        db.presidents.runCommand( name , <options> ) runs a db command with the given name where the first param is the collection name
        db.presidents.save(obj)
        db.presidents.stats({scale: N, indexDetails: true/false, indexDetailsKey: <index key>, indexDetailsName: <index name>})
        db.presidents.storageSize() - includes free space allocated to this collection
        db.presidents.totalIndexSize() - size in bytes of all the indexes
        db.presidents.totalSize() - storage allocated for all data and indexes
        db.presidents.update( query, <update object or pipeline>[, upsert_bool, multi_bool] ) - instead of two flags, you can pass an object with fields: upsert, multi, hint
        db.presidents.updateOne( filter, <update object or pipeline>, <optional params> ) - update the first matching document, optional parameters are: upsert, w, wtimeout, j, hint
        db.presidents.updateMany( filter, <update object or pipeline>, <optional params> ) - update all matching documents, optional parameters are: upsert, w, wtimeout, j, hint
        db.presidents.validate( <full> ) - SLOW
        db.presidents.getShardVersion() - only for use with sharding
        db.presidents.getShardDistribution() - prints statistics about data distribution in the cluster
        db.presidents.getSplitKeysForChunks( <maxChunkSize> ) - calculates split points over all chunks and returns splitter function
        db.presidents.getWriteConcern() - returns the write concern used for any operations on this collection, inherited from server/db if set
        db.presidents.setWriteConcern( <write concern doc> ) - sets the write concern for writes to the collection
        db.presidents.unsetWriteConcern( <write concern doc> ) - unsets the write concern for writes to the collection
        db.presidents.latencyStats() - display operation latency histograms for this collection
70 one> db.presidents.find().sort({year: 1})
{ "_id" : ObjectId("5e4ddedd71ea6817eb0312a2"), "name" : "Ronald Reagen", "year" : 1980 }
{ "_id" : ObjectId("5e4ddedd71ea6817eb0312a1"), "name" : "George H W Bush", "year" : 1994 }
{ "_id" : ObjectId("5e4dde1d71ea6817eb0312a0"), "year" : 2008, "age" : 70, "name" : "Hillary Clinton" }
{ "_id" : ObjectId("5e49807373118f3c8854757c"), "name" : "Barack Hussein Obama", "year" : 2014 }
{ "_id" : ObjectId("5e4980cc73118f3c8854757d"), "year" : 2017, "name" : "Donald Trump" }
{ "_id" : ObjectId("5e4ddcde71ea6817eb03129e"), "name" : "George W Bush", "year" : "2000" }
71 one> db.presidents.find().sort({year: -1})
{ "_id" : ObjectId("5e4ddcde71ea6817eb03129e"), "name" : "George W Bush", "year" : "2000" }
{ "_id" : ObjectId("5e4980cc73118f3c8854757d"), "year" : 2017, "name" : "Donald Trump" }
{ "_id" ;
74 one> db.presidents.insertMany([{name: 'George H W Bush', year: 1994}, {name: "xRonald Reagen", year: 1980}])
75 one> db.presidents.insertMany([{name: 'George H W Bush', year: 1994}, {name: "xRonald Reagen", year: 1980}])
76 one> db.presidents.insertMany([{name: 'George H W Bush', year: 1994}, {name: "xRonald Reagen", year: 1980}])
77 one> db.presidents.insertMany([{name: 'George H W Bush', year: 1994}, {name: "xRonald Reagen", year: 1980}])
78 one> db.presidents.insertMany([{name: 'George H W Bush', year: 1994}, {name: "xRonald Reagen", year: 1980}])
79 one> db.presidents.insertMany([{name: 'George H W Bush', year: 1994}, {name: "xRonald Reagen", year: 1980}])
80 one> db.presidents.insertMany([{name: 'George H W Bush', year: 1994}, {name: "xRonald Reagen", year: 1980}])
81 one> db.presidents.insertMany([{name: 'George H W Bush', year: 1994}, {name: "xRonald Reagen", year: 1980}])
82 one> db.presidents.insertMany([{name: 'George H W Bush', year: 1994}, {name: "xRonald Reagen", year: 1980}])
83 one> db.presidents.insertMany([{name: 'George H W Bush', year: 1994}, {name: "xRonald Reagen", year: 1980}])
84 one> db.presidents.insertMany([{name: 'George H W Bush', year: 1994}, {name: "xRonald Reagen", year: 1980}])
85 one>
86 one>
87 one>
88 one>
89 one>
90 one>
91 one>
92 one>
93 one>
94 one>
95 one>
96 one>
97 one>
98 one>
99 one>
100 one>
101 one>
102 one>
103 one> db.presidents.insertMany([{name: 'George H W Bush', year: 1994}, {name: "Ronald Reagen", year: 1980}])
{04 one> db.presidents.insertMany([{name: 'George H W Bush', year: 1994}, {name: "Ronald Reagen", year: 1980}])
105 one>"acknowledged" : true,any([{name: 'George H W Bush', year: 1994}, {name: "Ronald Reagen": year: 1980}])
106 one>"insertedIds" : [sertMany([{name: 'George H W Bush', year: 1994}, {name: "Ronald Reagen", year: 1980}])
                ObjectId("5e4de33b71ea6817eb0312a3"),
                ObjectId("5e4de33b71ea6817eb0312a4")
        ]
}
107 one>
108 one> ;
111 one> db.presidents.insertMany([{name: 'George H W Bush', year: 1994}, {name: "Ronald Reagen", year: 1980}])
112 one> db.presidents.insertMany([{name: 'George H W Bush', year: 1994}, {name: "Ronald Reagen", year: 1980}])
113 one>
114 one>
115 one>
116 one>
117 one>
118 one> db.presidents.updateOne({_id: ObjectId("5e4de33b71ea6817eb0312a4")}, {$set: {name: "xRonald Reagen"}})
{ "acknowledged" : true, "matchedCount" : 1, "modifiedCount" : 0 }b0312a4")}, {$set: {name: "xRonald Reagen"}})
122 one> db.presidents.updateOne({_id: ObjectId("5e4de33b71ea6817eb0312a4")}, {$set: {name: "xRonald Reagen"}})
123 one> db.presidents.updateOne({_id: ObjectId("5e4de33b71ea6817eb0312a4")}, {$set: {name: "xRonald Reagen"}})
124 one> db.presidents.updateOne({_id: ObjectId("5e4de33b71ea6817eb0312a4")}, {$set: {name: "xRonald Reagen"}})
125 one> db.presidents.updateOne({_id: ObjectId("5e4de33b71ea6817eb0312a4")}, {$set: {name: "xRonald Reagen"}})
126 one> db.presidents.updateOne({_id: ObjectId("5e4de33b71ea6817eb0312a4")}, {$set: {name: "xRonald Reagen"}})
127 one> db.presidents.updateOne({_id: ObjectId("5e4de33b71ea6817eb0312a4")}, {$set: {name: "xRonald Reagen"}})
128 one> db.presidents.updateOne({_id: ObjectId("5e4de33b71ea6817eb0312a4")}, {$set: {name: "xRonald Reagen"}})
129 one> db.presidents.updateOne({_id: ObjectId("5e4de33b71ea6817eb0312a4")}, {$set: {name: "xRonald Reagen"}})
130 one> db.presidents.updateOne({_id: ObjectId("5e4de33b71ea6817eb0312a4")}, {$set: {name: "xRonald Reagen"}})
131 one> db.presidents.updateOne({_id: ObjectId("5e4de33b71ea6817eb0312a4")}, {$set: {name: "xRonald Reagen"}})
132 one>
133 one>
134 one>
135 one>
136 one>
137 one>
138 one>
139 one> db.presidents.find()
{ "_id" : ObjectId("5e49807373118f3c8854757c"), "name" : "Barack Hussein Obama", "year" : 2014 }nald Reagen"}})
{ "_id" : ObjectId("5e4980cc73118f3c8854757d"), "year" : 2017, "name" : "Donald Trump" }
{ "_id" : ObjectId("5e4ddcde71ea6817eb03129e"), "name" : "George W Bush", "year" : "2000" }
{ "_id" : ObjectId("5e4dde1d71ea6817eb0312a0"), "year" : 2008, "age" : 70, "name" : "Hillary Clinton" }
{ "_id" : ObjectId("5e4ddedd71ea6817eb0312a1"), "name" : "George H W Bush", "year" : 1994 }
{ "_id" : ObjectId("5e4ddedd71ea6817eb0312a2"), "name" : "Ronald Reagen", "year" : 1980 }
{ "_id" : ObjectId("5e4de33b71ea6817eb0312a3"), "name" : "George H W Bush", "year" : 1994 }
{ "_id" : ObjectId("5e4de33b71ea6817eb0312a4"), "name" : "xRonald Reagen", "year" : 1980 }
141 one> db.presidents.find().sort({year: 1, name: 1})
{ "_id" : ObjectId("5e4ddedd71ea6817eb0312a2"), "name" : "Ronald Reagen", "year" : 1980 }
{ "_id" : ObjectId("5e4de33b71ea6817eb0312a4"), "name" : "xRonald Reagen", "year" : 1980 }
{ "_id" : ObjectId("5e4ddedd71ea6817eb0312a1"), "name" : "George H W Bush", "year" : 1994 }
{ "_id" : ObjectId("5e4de33b71ea6817eb0312a3"), "name" : "George H W Bush", "year" : 1994 }
{ "_id" : ObjectId("5e4dde1d71ea6817eb0312a0"), "year" : 2008, "age" : 70, "name" : "Hillary Clinton" }
{ "_id" : ObjectId("5e49807373118f3c8854757c"), "name" : "Barack Hussein Obama", "year" : 2014 }
{ "_id" : ObjectId("5e4980cc73118f3c8854757d"), "year" : 2017, "name" : "Donald Trump" }
{ "_id" : ObjectId("5e4ddcde71ea6817eb03129e"), "name" : "George W Bush", "year" : "2000" }
142 one> db.presidents.find().sort({year: 1, name: -1})
{ "_id" : ObjectId("5e4de33b71ea6817eb0312a4"), "name" : "xRonald Reagen", "year" : 1980 }
{ "_id" : ObjectId("5e4ddedd71ea6817eb0312a2"), "name" : "Ronald Reagen", "year" : 1980 }
{ "_id" : ObjectId("5e4ddedd71ea6817eb0312a1"), "name" : "George H W Bush", "year" : 1994 }
{ "_id" : ObjectId("5e4de33b71ea6817eb0312a3"), "name" : "George H W Bush", "year" : 1994 }
{ "_id" : ObjectId("5e4dde1d71ea6817eb0312a0"), "year" : 2008, "age" : 70, "name" : "Hillary Clinton" }
{ "_id" : ObjectId("5e49807373118f3c8854757c"), "name" : "Barack Hussein Obama", "year" : 2014 }
{ "_id" : ObjectId("5e4980cc73118f3c8854757d"), "year" : 2017, "name" : "Donald Trump" }
{ "_id" : ObjectId("5e4ddcde71ea6817eb03129e"), "name" : "George W Bush", "year" : "2000" }
143 one>
144 one>
145 one>
146 one> show dbs
admin   0.000GB
config  0.000GB
foo     0.000GB
local   0.000GB
one     0.000GB
test    0.006GB
two     0.000GB
147 one> use test
switched to db test
148 test> show collections
bank_data
149 test> db.bank_data.count()
50000
150 test> db.bank_data.find()
{ "_id" : ObjectId("5e4b6a74f2defd8af15bc446"), "first_name" : "JAMES", "last_name" : "SMITH", "accounts" : [ { "account_type" : "Savings", "account_balance" : 8995952.153640702, "currency" : "PESO" }, { "account_type" : "Checking", "account_balance" : 3901436.5580737568, "currency" : "USD" } ] }
{ "_id" : ObjectId("5e4b6a74f2defd8af15bc447"), "first_name" : "WILLIAM", "last_name" : "SMITH", "accounts" : [ { "account_type" : "401K", "account_balance" : 2497138.738978415, "currency" : "PESO" }, { "account_type" : "Checking", "account_balance" : 405606.12124239095, "currency" : "PESO" }, { "account_type" : "Investment", "account_balance" : 9149015.783455048, "currency" : "PESO" }, { "account_type" : "401K", "account_balance" : 8797914.360492531, "currency" : "YUAN" } ] }
{ "_id" : ObjectId("5e4b6a74f2defd8af15bc448"), "first_name" : "CHARLES", "last_name" : "SMITH", "accounts" : [ { "account_type" : "401K", "account_balance" : 7959552.738209671, "currency" : "PESO" }, { "account_type" : "Savings", "account_balance" : 7586797.95113736, "currency" : "USD" }, { "account_type" : "401K", "account_balance" : 3000642.5318386676, "currency" : "YUAN" }, { "account_type" : "Savings", "account_balance" : 8510528.056592602, "currency" : "POUNDS STERLING" }, { "account_type" : "Savings", "account_balance" : 9792223.997477302, "currency" : "EURO" }, { "account_type" : "Savings", "account_balance" : 2541888.2929410744, "currency" : "POUNDS STERLING" } ] }
{ "_id" : ObjectId("5e4b6a74f2defd8af15bc449"), "first_name" : "JOSEPH", "last_name" : "SMITH", "accounts" : [ { "account_type" : "Savings", "account_balance" : 4622864.137518865, "currency" : "YEN" }, { "account_type" : "Savings", "account_balance" : 6580439.762613354, "currency" : "EURO" }, { "account_type" : "Investment", "account_balance" : 9045715.151562946, "currency" : "POUNDS STERLING" }, { "account_type" : "Checking", "account_balance" : 8273872.604220738, "currency" : "YUAN" }, { "account_type" : "401K", "account_balance" : 8996205.352283742, "currency" : "USD" }, { "account_type" : "401K", "account_balance" : 2691894.235052195, "currency" : "YUAN" } ] }
{ "_id" : ObjectId("5e4b6a74f2defd8af15bc44a"), "first_name" : "MICHAEL", "last_name" : "SMITH", "accounts" : [ { "account_type" : "Checking", "account_balance" : 2819063.8844904397, "currency" : "YEN" }, { "account_type" : "Checking", "account_balance" : 4131942.2529414617, "currency" : "USD" }, { "account_type" : "Investment", "account_balance" : 3782509.0311059216, "currency" : "EURO" }, { "account_type" : "Investment", "account_balance" : 6531886.9064971, "currency" : "PESO" }, { "account_type" : "Investment", "account_balance" : 2105927.920320713, "currency" : "EURO" }, { "account_type" : "Savings", "account_balance" : 4612959.380901612, "currency" : "YUAN" } ] }
{ "_id" : ObjectId("5e4b6a74f2defd8af15bc44b"), "first_name" : "THOMAS", "last_name" : "SMITH", "accounts" : [ { "account_type" : "Investment", "account_balance" : 936130.4617335526, "currency" : "EURO" }, { "account_type" : "401K", "account_balance" : 4173144.9420674974, "currency" : "EURO" }, { "account_type" : "401K", "account_balance" : 8282074.554095908, "currency" : "POUNDS STERLING" }, { "account_type" : "Savings", "account_balance" : 7890796.5475060865, "currency" : "POUNDS STERLING" }, { "account_type" : "Savings", "account_balance" : 4747966.686441477, "currency" : "PESO" } ] }
{ "_id" : ObjectId("5e4b6a74f2defd8af15bc44c"), "first_name" : "PAUL", "last_name" : "SMITH", "accounts" : [ { "account_type" : "Checking", "account_balance" : 936484.1221326711, "currency" : "YUAN" } ] }
{ "_id" : ObjectId("5e4b6a74f2defd8af15bc44d"), "first_name" : "CHRISTOPHER", "last_name" : "SMITH", "accounts" : [ { "account_type" : "Savings", "account_balance" : 1870338.5807330757, "currency" : "POUNDS STERLING" }, { "account_type" : "Checking", "account_balance" : 5098043.412530517, "currency" : "POUNDS STERLING" }, { "account_type" : "Checking", "account_balance" : 3042158.5783834355, "currency" : "YEN" }, { "account_type" : "Investment", "account_balance" : 2721431.0181220435, "currency" : "PESO" }, { "account_type" : "Savings", "account_balance" : 2135388.570106006, "currency" : "USD" }, { "account_type" : "Savings", "account_balance" : 2416831.8654360515, "currency" : "PESO" }, { "account_type" : "Savings", "account_balance" : 405349.36727577704, "currency" : "POUNDS STERLING" }, { "account_type" : "Investment", "account_balance" : 6140519.315997784, "currency" : "YEN" } ] }
{ "_id" : ObjectId("5e4b6a74f2defd8af15bc44e"), "first_name" : "DONALD", "last_name" : "SMITH", "accounts" : [ { "account_type" : "Savings", "account_balance" : 9075817.291616874, "currency" : "YUAN" }, { "account_type" : "401K", "account_balance" : 3447555.7155175945, "currency" : "POUNDS STERLING" } ] }
{ "_id" : ObjectId("5e4b6a74f2defd8af15bc44f"), "first_name" : "KENNETH", "last_name" : "SMITH", "accounts" : [ { "account_type" : "Investment", "account_balance" : 8984765.638846941, "currency" : "YEN" } ] }
{ "_id" : ObjectId("5e4b6a74f2defd8af15bc450"), "first_name" : "DAVID", "last_name" : "SMITH", "accounts" : [ { "account_type" : "Savings", "account_balance" : 8857597.106995674, "currency" : "POUNDS STERLING" }, { "account_type" : "Checking", "account_balance" : 471237.47356353, "currency" : "USD" }, { "account_type" : "Investment", "account_balance" : 2834734.162895667, "currency" : "USD" }, { "account_type" : "401K", "account_balance" : 6177092.375456998, "currency" : "USD" } ] }
{ "_id" : ObjectId("5e4b6a74f2defd8af15bc451"), "first_name" : "MARK", "last_name" : "SMITH", "accounts" : [ { "account_type" : "Savings", "account_balance" : 521640.39247602574, "currency" : "USD" }, { "account_type" : "Investment", "account_balance" : 9896058.025694223, "currency" : "POUNDS STERLING" }, { "account_type" : "Savings", "account_balance" : 6326316.032295041, "currency" : "POUNDS STERLING" }, { "account_type" : "Investment", "account_balance" : 752161.7102783576, "currency" : "PESO" }, { "account_type" : "Checking", "account_balance" : 496816.2525023853, "currency" : "USD" }, { "account_type" : "Checking", "account_balance" : 7791969.069134079, "currency" : "EURO" }, { "account_type" : "Checking", "account_balance" : 8401384.260885552, "currency" : "POUNDS STERLING" } ] }
{ "_id" : ObjectId("5e4b6a74f2defd8af15bc452"), "first_name" : "BRIAN", "last_name" : "SMITH", "accounts" : [ { "account_type" : "401K", "account_balance" : 149839.10500178766, "currency" : "PESO" } ] }
{ "_id" : ObjectId("5e4b6a74f2defd8af15bc453"), "first_name" : "EDWARD", "last_name" : "SMITH", "accounts" : [ { "account_type" : "401K", "account_balance" : 6577381.434625924, "currency" : "YEN" }, { "account_type" : "Checking", "account_balance" : 8998935.759297138, "currency" : "USD" }, { "account_type" : "Investment", "account_balance" : 588000.4045217587, "currency" : "YUAN" }, { "account_type" : "Savings", "account_balance" : 6743563.754405159, "currency" : "YUAN" }, { "account_type" : "401K", "account_balance" : 8580650.627761671, "currency" : "POUNDS STERLING" }, { "account_type" : "401K", "account_balance" : 7687815.685781645, "currency" : "YEN" }, { "account_type" : "Checking", "account_balance" : 9128407.633252997, "currency" : "EURO" } ] }
{ "_id" : ObjectId("5e4b6a74f2defd8af15bc454"), "first_name" : "ANTHONY", "last_name" : "SMITH", "accounts" : [ { "account_type" : "Savings", "account_balance" : 8436439.162254475, "currency" : "POUNDS STERLING" } ] }
{ "_id" : ObjectId("5e4b6a74f2defd8af15bc455"), "first_name" : "DANIEL", "last_name" : "SMITH", "accounts" : [ { "account_type" : "401K", "account_balance" : 8382349.386766551, "currency" : "PESO" }, { "account_type" : "Savings", "account_balance" : 6605864.850059703, "currency" : "YUAN" }, { "account_type" : "Savings", "account_balance" : 3849188.922156063, "currency" : "YEN" }, { "account_type" : "401K", "account_balance" : 4040933.2733676303, "currency" : "YUAN" }, { "account_type" : "Savings", "account_balance" : 6169503.517499695, "currency" : "YUAN" }, { "account_type" : "401K", "account_balance" : 7641660.104955465, "currency" : "EURO" }, { "account_type" : "Checking", "account_balance" : 6103871.976585753, "currency" : "YEN" }, { "account_type" : "401K", "account_balance" : 5707269.0824853135, "currency" : "YEN" } ] }
{ "_id" : ObjectId("5e4b6a74f2defd8af15bc456"), "first_name" : "KEVIN", "last_name" : "SMITH", "accounts" : [ { "account_type" : "Savings", "account_balance" : 3309735.6787135843, "currency" : "YEN" }, { "account_type" : "Investment", "account_balance" : 5631912.288049201, "currency" : "EURO" }, { "account_type" : "Investment", "account_balance" : 7381293.096057707, "currency" : "YUAN" }, { "account_type" : "401K", "account_balance" : 6173279.399191128, "currency" : "POUNDS STERLING" } ] }
{ "_id" : ObjectId("5e4b6a74f2defd8af15bc457"), "first_name" : "STEVEN", "last_name" : "SMITH", "accounts" : [ { "account_type" : "Investment", "account_balance" : 7606194.17605087, "currency" : "EURO" }, { "account_type" : "Investment", "account_balance" : 2099711.775821766, "currency" : "EURO" }, { "account_type" : "Investment", "account_balance" : 2961011.973269031, "currency" : "YUAN" }, { "account_type" : "Savings", "account_balance" : 5830306.873168334, "currency" : "USD" }, { "account_type" : "401K", "account_balance" : 1542091.8696738125, "currency" : "EURO" } ] }
{ "_id" : ObjectId("5e4b6a74f2defd8af15bc458"), "first_name" : "RONALD", "last_name" : "SMITH", "accounts" : [ { "account_type" : "Investment", "account_balance" : 2493283.6389967063, "currency" : "YUAN" }, { "account_type" : "401K", "account_balance" : 4633271.954959409, "currency" : "YUAN" }, { "account_type" : "401K", "account_balance" : 7348999.742797652, "currency" : "YEN" }, { "account_type" : "401K", "account_balance" : 2341998.38343059, "currency" : "YEN" }, { "account_type" : "Investment", "account_balance" : 1407184.001435296, "currency" : "POUNDS STERLING" }, { "account_type" : "401K", "account_balance" : 7393776.875547295, "currency" : "PESO" }, { "account_type" : "Investment", "account_balance" : 5511508.002603683, "currency" : "USD" }, { "account_type" : "Investment", "account_balance" : 7639752.530667685, "currency" : "EURO" } ] }
{ "_id" : ObjectId("5e4b6a74f2defd8af15bc459"), "first_name" : "MATTHEW", "last_name" : "SMITH", "accounts" : [ { "account_type" : "Checking", "account_balance" : 7306262.434456466, "currency" : "YUAN" }, { "account_type" : "Checking", "account_balance" : 4461773.357745899, "currency" : "POUNDS STERLING" }, { "account_type" : "Investment", "account_balance" : 5690772.294958975, "currency" : "PESO" }, { "account_type" : "Savings", "account_balance" : 6496898.361854982, "currency" : "PESO" } ] }
Type "it" for more
151 test> it
{ "_id" : ObjectId("5e4b6a74f2defd8af15bc45a"), "first_name" : "RICHARD", "last_name" : "SMITH", "accounts" : [ { "account_type" : "Checking", "account_balance" : 714872.2542833243, "currency" : "EURO" }, { "account_type" : "Investment", "account_balance" : 4812651.936193353, "currency" : "YUAN" }, { "account_type" : "Investment", "account_balance" : 2862753.076585194, "currency" : "PESO" }, { "account_type" : "401K", "account_balance" : 7518653.660258865, "currency" : "EURO" }, { "account_type" : "Checking", "account_balance" : 2349544.575176711, "currency" : "YEN" }, { "account_type" : "Checking", "account_balance" : 8443090.325156216, "currency" : "YEN" }, { "account_type" : "Investment", "account_balance" : 745273.1369779429, "currency" : "PESO" }, { "account_type" : "Checking", "account_balance" : 8711574.840919748, "currency" : "POUNDS STERLING" } ] }
{ "_id" : ObjectId("5e4b6a74f2defd8af15bc45b"), "first_name" : "TIMOTHY", "last_name" : "SMITH", "accounts" : [ { "account_type" : "401K", "account_balance" : 2750672.5882634055, "currency" : "YUAN" }, { "account_type" : "401K", "account_balance" : 8336773.079210629, "currency" : "POUNDS STERLING" }, { "account_type" : "Investment", "account_balance" : 6818811.139404453, "currency" : "POUNDS STERLING" }, { "account_type" : "401K", "account_balance" : 4600906.8572719935, "currency" : "YEN" }, { "account_type" : "401K", "account_balance" : 8328683.085939264, "currency" : "YEN" }, { "account_type" : "401K", "account_balance" : 9428489.727548812, "currency" : "USD" }, { "account_type" : "Investment", "account_balance" : 3992429.8844449804, "currency" : "EURO" } ] }
{ "_id" : ObjectId("5e4b6a74f2defd8af15bc45c"), "first_name" : "JASON", "last_name" : "SMITH", "accounts" : [ { "account_type" : "Savings", "account_balance" : 9144369.80675037, "currency" : "YEN" }, { "account_type" : "401K", "account_balance" : 1201940.1494810788, "currency" : "POUNDS STERLING" }, { "account_type" : "401K", "account_balance" : 6203406.088905666, "currency" : "POUNDS STERLING" }, { "account_type" : "401K", "account_balance" : 1755689.7844041009, "currency" : "YEN" }, { "account_type" : "401K", "account_balance" : 2835552.8116550343, "currency" : "YUAN" }, { "account_type" : "Checking", "account_balance" : 6295930.7888331935, "currency" : "EURO" }, { "account_type" : "401K", "account_balance" : 5688160.9761512885, "currency" : "EURO" } ] }
{ "_id" : ObjectId("5e4b6a74f2defd8af15bc45d"), "first_name" : "GARY", "last_name" : "SMITH", "accounts" : [ { "account_type" : "Checking", "account_balance" : 1689550.581933809, "currency" : "YEN" }, { "account_type" : "Checking", "account_balance" : 3234528.345237606, "currency" : "USD" }, { "account_type" : "401K", "account_balance" : 4094713.0255713062, "currency" : "YEN" }, { "account_type" : "401K", "account_balance" : 1090153.707606369, "currency" : "YUAN" }, { "account_type" : "Savings", "account_balance" : 5456246.332395777, "currency" : "YEN" }, { "account_type" : "401K", "account_balance" : 3844311.2999388725, "currency" : "POUNDS STERLING" }, { "account_type" : "Checking", "account_balance" : 5454424.98227164, "currency" : "YUAN" }, { "account_type" : "Investment", "account_balance" : 5096100.250082415, "currency" : "PESO" } ] }
{ "_id" : ObjectId("5e4b6a74f2defd8af15bc45e"), "first_name" : "JEFFREY", "last_name" : "SMITH", "accounts" : [ { "account_type" : "Checking", "account_balance" : 6530548.144399805, "currency" : "EURO" }, { "account_type" : "Savings", "account_balance" : 1172979.7013590587, "currency" : "EURO" } ] }
{ "_id" : ObjectId("5e4b6a74f2defd8af15bc45f"), "first_name" : "JOHN", "last_name" : "SMITH", "accounts" : [ { "account_type" : "401K", "account_balance" : 9059210.226195503, "currency" : "YUAN" }, { "account_type" : "401K", "account_balance" : 5926514.06875377, "currency" : "PESO" }, { "account_type" : "Savings", "account_balance" : 8172876.597329946, "currency" : "EURO" }, { "account_type" : "Investment", "account_balance" : 4320374.732933239, "currency" : "POUNDS STERLING" }, { "account_type" : "Investment", "account_balance" : 9159979.449077135, "currency" : "EURO" }, { "account_type" : "Investment", "account_balance" : 8923437.883474918, "currency" : "USD" }, { "account_type" : "401K", "account_balance" : 3810781.9932702538, "currency" : "EURO" }, { "account_type" : "Investment", "account_balance" : 1803757.09787294, "currency" : "YEN" }, { "account_type" : "Investment", "account_balance" : 4947925.350834157, "currency" : "EURO" } ] }
{ "_id" : ObjectId("5e4b6a74f2defd8af15bc460"), "first_name" : "ROBERT", "last_name" : "SMITH", "accounts" : [ { "account_type" : "Investment", "account_balance" : 3465277.443564153, "currency" : "PESO" }, { "account_type" : "401K", "account_balance" : 6001520.415853325, "currency" : "USD" }, { "account_type" : "Investment", "account_balance" : 1739276.2966888128, "currency" : "USD" }, { "account_type" : "Checking", "account_balance" : 7704684.832334223, "currency" : "YUAN" } ] }
{ "_id" : ObjectId("5e4b6a74f2defd8af15bc461"), "first_name" : "JOSE", "last_name" : "SMITH", "accounts" : [ { "account_type" : "Investment", "account_balance" : 6609320.603617963, "currency" : "YUAN" }, { "account_type" : "Investment", "account_balance" : 647398.8415543658, "currency" : "YEN" }, { "account_type" : "Investment", "account_balance" : 8929671.450689185, "currency" : "YUAN" }, { "account_type" : "Savings", "account_balance" : 8185125.893101759, "currency" : "PESO" }, { "account_type" : "Checking", "account_balance" : 5491299.946211371, "currency" : "YUAN" }, { "account_type" : "401K", "account_balance" : 5548263.96215673, "currency" : "EURO" }, { "account_type" : "Savings", "account_balance" : 9867639.877339946, "currency" : "EURO" }, { "account_type" : "Investment", "account_balance" : 8460019.334789598, "currency" : "PESO" } ] }
{ "_id" : ObjectId("5e4b6a74f2defd8af15bc462"), "first_name" : "GEORGE", "last_name" : "SMITH", "accounts" : [ { "account_type" : "Checking", "account_balance" : 7510049.716676093, "currency" : "PESO" }, { "account_type" : "Investment", "account_balance" : 8978088.436168617, "currency" : "USD" }, { "account_type" : "401K", "account_balance" : 3536582.866462197, "currency" : "YEN" }, { "account_type" : "Checking", "account_balance" : 4390095.46173461, "currency" : "USD" } ] }
{ "_id" : ObjectId("5e4b6a74f2defd8af15bc463"), "first_name" : "LARRY", "last_name" : "SMITH", "accounts" : [ { "account_type" : "Investment", "account_balance" : 3759078.6501504136, "currency" : "USD" }, { "account_type" : "Savings", "account_balance" : 6219062.553470187, "currency" : "POUNDS STERLING" }, { "account_type" : "Savings", "account_balance" : 6933533.137680473, "currency" : "YEN" }, { "account_type" : "Savings", "account_balance" : 4451684.485658975, "currency" : "YEN" }, { "account_type" : "Savings", "account_balance" : 895803.2180684174, "currency" : "EURO" }, { "account_type" : "401K", "account_balance" : 6014295.063652024, "currency" : "EURO" }, { "account_type" : "401K", "account_balance" : 2105122.8409299008, "currency" : "EURO" }, { "account_type" : "Investment", "account_balance" : 7335379.207385309, "currency" : "YUAN" } ] }
{ "_id" : ObjectId("5e4b6a74f2defd8af15bc464"), "first_name" : "SCOTT", "last_name" : "SMITH", "accounts" : [ { "account_type" : "401K", "account_balance" : 1473176.1946518857, "currency" : "EURO" }, { "account_type" : "Savings", "account_balance" : 177682.7833815054, "currency" : "YUAN" }, { "account_type" : "Investment", "account_balance" : 6405889.286820596, "currency" : "YEN" }, { "account_type" : "401K", "account_balance" : 8609971.632725786, "currency" : "PESO" }, { "account_type" : "Investment", "account_balance" : 6168197.838305248, "currency" : "YUAN" }, { "account_type" : "401K", "account_balance" : 9907911.718958965, "currency" : "POUNDS STERLING" }, { "account_type" : "Savings", "account_balance" : 5830650.2890201565, "currency" : "PESO" }, { "account_type" : "401K", "account_balance" : 8811181.638302729, "currency" : "USD" }, { "account_type" : "401K", "account_balance" : 3821459.5775807844, "currency" : "POUNDS STERLING" } ] }
{ "_id" : ObjectId("5e4b6a74f2defd8af15bc465"), "first_name" : "FRANK", "last_name" : "SMITH", "accounts" : [ { "account_type" : "Savings", "account_balance" : 3391089.6451067976, "currency" : "YUAN" }, { "account_type" : "401K", "account_balance" : 8561220.253581073, "currency" : "EURO" }, { "account_type" : "Checking", "account_balance" : 2294882.8419566215, "currency" : "YUAN" }, { "account_type" : "Savings", "account_balance" : 4393639.877193107, "currency" : "POUNDS STERLING" }, { "account_type" : "Investment", "account_balance" : 9308663.784051068, "currency" : "YEN" } ] }
{ "_id" : ObjectId("5e4b6a74f2defd8af15bc466"), "first_name" : "ERIC", "last_name" : "SMITH", "accounts" : [ { "account_type" : "Checking", "account_balance" : 5708037.488725111, "currency" : "YUAN" }, { "account_type" : "Investment", "account_balance" : 3233489.8810895467, "currency" : "PESO" } ] }
{ "_id" : ObjectId("5e4b6a74f2defd8af15bc467"), "first_name" : "ANDREW", "last_name" : "SMITH", "accounts" : [ { "account_type" : "Investment", "account_balance" : 6564642.067651129, "currency" : "PESO" }, { "account_type" : "Savings", "account_balance" : 5084316.701698672, "currency" : "PESO" }, { "account_type" : "401K", "account_balance" : 1781721.3490503912, "currency" : "USD" } ] }
{ "_id" : ObjectId("5e4b6a74f2defd8af15bc468"), "first_name" : "GREGORY", "last_name" : "SMITH", "accounts" : [ { "account_type" : "Savings", "account_balance" : 2569907.038992555, "currency" : "YUAN" }, { "account_type" : "Investment", "account_balance" : 6160347.143688887, "currency" : "EURO" }, { "account_type" : "Checking", "account_balance" : 193573.47555011907, "currency" : "YUAN" } ] }
{ "_id" : ObjectId("5e4b6a74f2defd8af15bc469"), "first_name" : "PATRICK", "last_name" : "SMITH", "accounts" : [ { "account_type" : "Checking", "account_balance" : 8379175.33963249, "currency" : "POUNDS STERLING" } ] }
{ "_id" : ObjectId("5e4b6a74f2defd8af15bc46a"), "first_name" : "RAYMOND", "last_name" : "SMITH", "accounts" : [ { "account_type" : "Checking", "account_balance" : 7154717.13502707, "currency" : "YUAN" }, { "account_type" : "Investment", "account_balance" : 6874010.299247401, "currency" : "YEN" }, { "account_type" : "Savings", "account_balance" : 8472491.191023117, "currency" : "PESO" }, { "account_type" : "Savings", "account_balance" : 9257189.639393922, "currency" : "PESO" }, { "account_type" : "Savings", "account_balance" : 1596264.0625447354, "currency" : "YUAN" }, { "account_type" : "Checking", "account_balance" : 8371425.206889373, "currency" : "YEN" } ] }
{ "_id" : ObjectId("5e4b6a74f2defd8af15bc46b"), "first_name" : "JOSHUA", "last_name" : "SMITH", "accounts" : [ { "account_type" : "401K", "account_balance" : 2576445.1044204514, "currency" : "POUNDS STERLING" }, { "account_type" : "Checking", "account_balance" : 4112251.555500838, "currency" : "USD" }, { "account_type" : "Checking", "account_balance" : 2551297.8118438795, "currency" : "EURO" }, { "account_type" : "401K", "account_balance" : 3615949.053075526, "currency" : "YUAN" }, { "account_type" : "401K", "account_balance" : 7038231.230597571, "currency" : "POUNDS STERLING" }, { "account_type" : "401K", "account_balance" : 9685695.250524476, "currency" : "EURO" }, { "account_type" : "401K", "account_balance" : 4046890.1423443444, "currency" : "POUNDS STERLING" }, { "account_type" : "Investment", "account_balance" : 7322304.794819496, "currency" : "USD" } ] }
{ "_id" : ObjectId("5e4b6a74f2defd8af15bc46c"), "first_name" : "DOUGLAS", "last_name" : "SMITH", "accounts" : [ { "account_type" : "Investment", "account_balance" : 3191153.9936926356, "currency" : "USD" }, { "account_type" : "Investment", "account_balance" : 8218969.947187914, "currency" : "YUAN" }, { "account_type" : "401K", "account_balance" : 3981118.083494397, "currency" : "EURO" } ] }
{ "_id" : ObjectId("5e4b6a74f2defd8af15bc46d"), "first_name" : "PETER", "last_name" : "SMITH", "accounts" : [ { "account_type" : "Checking", "account_balance" : 2945775.055512581, "currency" : "POUNDS STERLING" }, { "account_type" : "Savings", "account_balance" : 9387533.36623421, "currency" : "YEN" }, { "account_type" : "Savings", "account_balance" : 9554579.834532645, "currency" : "USD" }, { "account_type" : "Savings", "account_balance" : 8499897.653078984, "currency" : "POUNDS STERLING" }, { "account_type" : "Savings", "account_balance" : 5767262.432020949, "currency" : "POUNDS STERLING" }, { "account_type" : "Savings", "account_balance" : 2260917.625143932, "currency" : "EURO" }, { "account_type" : "Investment", "account_balance" : 4779649.182957621, "currency" : "PESO" }, { "account_type" : "Savings", "account_balance" : 5050979.459337104, "currency" : "PESO" } ] }
Type "it" for more
152 test> it
{ "_id" : ObjectId("5e4b6a74f2defd8af15bc46e"), "first_name" : "CARL", "last_name" : "SMITH", "accounts" : [ { "account_type" : "401K", "account_balance" : 2062346.9851512057, "currency" : "EURO" }, { "account_type" : "Investment", "account_balance" : 920035.6097071606, "currency" : "PESO" } ] }
{ "_id" : ObjectId("5e4b6a74f2defd8af15bc46f"), "first_name" : "HENRY", "last_name" : "SMITH", "accounts" : [ { "account_type" : "Checking", "account_balance" : 6730721.159646517, "currency" : "POUNDS STERLING" }, { "account_type" : "Checking", "account_balance" : 9896870.693034953, "currency" : "YUAN" }, { "account_type" : "Savings", "account_balance" : 7346447.914541776, "currency" : "YUAN" } ] }
{ "_id" : ObjectId("5e4b6a74f2defd8af15bc470"), "first_name" : "HAROLD", "last_name" : "SMITH", "accounts" : [ { "account_type" : "Checking", "account_balance" : 8160498.511300475, "currency" : "EURO" }, { "account_type" : "401K", "account_balance" : 8388616.008943994, "currency" : "POUNDS STERLING" }, { "account_type" : "Savings", "account_balance" : 8554720.84967769, "currency" : "POUNDS STERLING" }, { "account_type" : "Savings", "account_balance" : 829902.0453262492, "currency" : "USD" }, { "account_type" : "Savings", "account_balance" : 1760341.4910703457, "currency" : "YEN" }, { "account_type" : "401K", "account_balance" : 545689.5743562116, "currency" : "YEN" }, { "account_type" : "Checking", "account_balance" : 7843841.046815641, "currency" : "POUNDS STERLING" } ] }
{ "_id" : ObjectId("5e4b6a74f2defd8af15bc471"), "first_name" : "WALTER", "last_name" : "SMITH", "accounts" : [ { "account_type" : "Investment", "account_balance" : 1532954.0384936118, "currency" : "YEN" }, { "account_type" : "Savings", "account_balance" : 8898532.290037047, "currency" : "PESO" }, { "account_type" : "401K", "account_balance" : 8446439.24438432, "currency" : "EURO" }, { "account_type" : "Investment", "account_balance" : 7267786.247774322, "currency" : "YEN" }, { "account_type" : "Savings", "account_balance" : 3604354.9426694363, "currency" : "USD" }, { "account_type" : "Investment", "account_balance" : 7973781.371323074, "currency" : "POUNDS STERLING" }, { "account_type" : "Checking", "account_balance" : 2723171.5317830946, "currency" : "YEN" } ] }
{ "_id" : ObjectId("5e4b6a74f2defd8af15bc472"), "first_name" : "STEPHEN", "last_name" : "SMITH", "accounts" : [ { "account_type" : "Investment", "account_balance" : 2355138.745269624, "currency" : "PESO" }, { "account_type" : "Investment", "account_balance" : 7257558.34321075, "currency" : "YUAN" }, { "account_type" : "401K", "account_balance" : 9789208.279821705, "currency" : "PESO" }, { "account_type" : "Investment", "account_balance" : 6500497.948857283, "currency" : "PESO" }, { "account_type" : "Savings", "account_balance" : 3840263.4092185786, "currency" : "USD" }, { "account_type" : "401K", "account_balance" : 2338668.7309363224, "currency" : "YEN" }, { "account_type" : "Checking", "account_balance" : 843361.8251650636, "currency" : "USD" }, { "account_type" : "Savings", "account_balance" : 8284152.218136787, "currency" : "USD" }, { "account_type" : "Investment", "account_balance" : 1293129.6961859262, "currency" : "POUNDS STERLING" } ] }
{ "_id" : ObjectId("5e4b6a74f2defd8af15bc473"), "first_name" : "JERRY", "last_name" : "SMITH", "accounts" : [ { "account_type" : "Checking", "account_balance" : 5356347.344225762, "currency" : "EURO" }, { "account_type" : "Checking", "account_balance" : 6969942.184265779, "currency" : "POUNDS STERLING" }, { "account_type" : "Checking", "account_balance" : 798515.9957408805, "currency" : "YUAN" }, { "account_type" : "Savings", "account_balance" : 5938737.790410241, "currency" : "USD" }, { "account_type" : "Savings", "account_balance" : 870021.9975617621, "currency" : "YUAN" }, { "account_type" : "Investment", "account_balance" : 7407830.787906559, "currency" : "POUNDS STERLING" }, { "account_type" : "Checking", "account_balance" : 5984308.165441955, "currency" : "YEN" }, { "account_type" : "Checking", "account_balance" : 2751767.3136025714, "currency" : "POUNDS STERLING" } ] }
{ "_id" : ObjectId("5e4b6a74f2defd8af15bc474"), "first_name" : "JUAN", "last_name" : "SMITH", "accounts" : [ { "account_type" : "Investment", "account_balance" : 6171950.769882431, "currency" : "PESO" }, { "account_type" : "401K", "account_balance" : 8845623.217251472, "currency" : "POUNDS STERLING" } ] }
{ "_id" : ObjectId("5e4b6a74f2defd8af15bc475"), "first_name" : "JOE", "last_name" : "SMITH", "accounts" : [ { "account_type" : "Investment", "account_balance" : 1895471.7218645413, "currency" : "PESO" }, { "account_type" : "401K", "account_balance" : 2562095.2224331843, "currency" : "POUNDS STERLING" }, { "account_type" : "Savings", "account_balance" : 9248953.416851433, "currency" : "POUNDS STERLING" }, { "account_type" : "Savings", "account_balance" : 1828282.3997453344, "currency" : "POUNDS STERLING" }, { "account_type" : "Checking", "account_balance" : 5564024.644035234, "currency" : "PESO" } ] }
{ "_id" : ObjectId("5e4b6a74f2defd8af15bc476"), "first_name" : "ARTHUR", "last_name" : "SMITH", "accounts" : [ { "account_type" : "Investment", "account_balance" : 4981246.262456013, "currency" : "PESO" }, { "account_type" : "Checking", "account_balance" : 7848307.483172338, "currency" : "USD" }, { "account_type" : "Checking", "account_balance" : 7874020.644960353, "currency" : "EURO" }, { "account_type" : "Savings", "account_balance" : 4352580.569819708, "currency" : "YEN" }, { "account_type" : "Checking", "account_balance" : 2234254.9311916153, "currency" : "POUNDS STERLING" }, { "account_type" : "Savings", "account_balance" : 2255783.20472231, "currency" : "YEN" }, { "account_type" : "Savings", "account_balance" : 5112111.231862736, "currency" : "USD" }, { "account_type" : "401K", "account_balance" : 7713431.696665003, "currency" : "YEN" } ] }
{ "_id" : ObjectId("5e4b6a74f2defd8af15bc477"), "first_name" : "DENNIS", "last_name" : "SMITH", "accounts" : [ { "account_type" : "Savings", "account_balance" : 778479.9243429175, "currency" : "USD" }, { "account_type" : "Investment", "account_balance" : 5677426.921102093, "currency" : "EURO" }, { "account_type" : "Savings", "account_balance" : 3653420.0610750997, "currency" : "POUNDS STERLING" }, { "account_type" : "Checking", "account_balance" : 8111720.978292176, "currency" : "POUNDS STERLING" }, { "account_type" : "Checking", "account_balance" : 6911162.292044167, "currency" : "YEN" }, { "account_type" : "Investment", "account_balance" : 1512410.3614186475, "currency" : "YEN" }, { "account_type" : "Savings", "account_balance" : 9182811.597364968, "currency" : "POUNDS STERLING" }, { "account_type" : "Savings", "account_balance" : 7637600.740342199, "currency" : "EURO" }, { "account_type" : "Investment", "account_balance" : 1798895.0264128838, "currency" : "YEN" } ] }
{ "_id" : ObjectId("5e4b6a74f2defd8af15bc478"), "first_name" : "ROGER", "last_name" : "SMITH", "accounts" : [ { "account_type" : "401K", "account_balance" : 796487.5101836363, "currency" : "PESO" }, { "account_type" : "401K", "account_balance" : 7362643.803415878, "currency" : "EURO" }, { "account_type" : "401K", "account_balance" : 5450017.9037533, "currency" : "EURO" }, { "account_type" : "Checking", "account_balance" : 2386397.1245126184, "currency" : "YUAN" }, { "account_type" : "Investment", "account_balance" : 8201096.536977101, "currency" : "USD" }, { "account_type" : "Savings", "account_balance" : 6588340.723032347, "currency" : "USD" }, { "account_type" : "Savings", "account_balance" : 450320.6737778904, "currency" : "YUAN" }, { "account_type" : "Investment", "account_balance" : 6558147.592771979, "currency" : "YUAN" } ] }
{ "_id" : ObjectId("5e4b6a74f2defd8af15bc479"), "first_name" : "ALBERT", "last_name" : "SMITH", "accounts" : [ { "account_type" : "Investment", "account_balance" : 4821991.335826526, "currency" : "YUAN" }, { "account_type" : "Investment", "account_balance" : 9425443.872297714, "currency" : "USD" } ] }
{ "_id" : ObjectId("5e4b6a74f2defd8af15bc47a"), "first_name" : "RYAN", "last_name" : "SMITH", "accounts" : [ { "account_type" : "401K", "account_balance" : 9938199.841784136, "currency" : "PESO" }, { "account_type" : "401K", "account_balance" : 6374727.69526649, "currency" : "USD" }, { "account_type" : "Checking", "account_balance" : 9075044.284644017, "currency" : "POUNDS STERLING" }, { "account_type" : "Investment", "account_balance" : 2157188.2030681306, "currency" : "POUNDS STERLING" }, { "account_type" : "Savings", "account_balance" : 2088514.2248565985, "currency" : "POUNDS STERLING" }, { "account_type" : "Investment", "account_balance" : 6170070.220244758, "currency" : "EURO" } ] }
{ "_id" : ObjectId("5e4b6a74f2defd8af15bc47b"), "first_name" : "JACK", "last_name" : "SMITH", "accounts" : [ { "account_type" : "401K", "account_balance" : 5754928.029672472, "currency" : "YEN" }, { "account_type" : "Checking", "account_balance" : 5964859.802767627, "currency" : "YUAN" }, { "account_type" : "Savings", "account_balance" : 8321064.213786688, "currency" : "PESO" }, { "account_type" : "Checking", "account_balance" : 920856.9895697047, "currency" : "POUNDS STERLING" }, { "account_type" : "Investment", "account_balance" : 3739566.242757339, "currency" : "POUNDS STERLING" } ] }
{ "_id" : ObjectId("5e4b6a74f2defd8af15bc47c"), "first_name" : "JUSTIN", "last_name" : "SMITH", "accounts" : [ { "account_type" : "401K", "account_balance" : 6019867.745806983, "currency" : "POUNDS STERLING" }, { "account_type" : "401K", "account_balance" : 8508857.566740628, "currency" : "EURO" }, { "account_type" : "401K", "account_balance" : 9688309.014053676, "currency" : "PESO" }, { "account_type" : "Savings", "account_balance" : 1606573.0550284632, "currency" : "POUNDS STERLING" }, { "account_type" : "Savings", "account_balance" : 9076718.99571514, "currency" : "USD" } ] }
{ "_id" : ObjectId("5e4b6a74f2defd8af15bc47d"), "first_name" : "JONATHAN", "last_name" : "SMITH", "accounts" : [ { "account_type" : "Checking", "account_balance" : 2913395.3500320436, "currency" : "EURO" }, { "account_type" : "Checking", "account_balance" : 3982489.1508402685, "currency" : "PESO" }, { "account_type" : "401K", "account_balance" : 4179010.0664665606, "currency" : "YEN" }, { "account_type" : "Investment", "account_balance" : 3170325.648587981, "currency" : "PESO" }, { "account_type" : "Investment", "account_balance" : 1068025.4691481842, "currency" : "USD" }, { "account_type" : "Checking", "account_balance" : 1789451.0439216513, "currency" : "POUNDS STERLING" }, { "account_type" : "Savings", "account_balance" : 8554996.316241262, "currency" : "EURO" }, { "account_type" : "401K", "account_balance" : 987581.3372985001, "currency" : "EURO" }, { "account_type" : "Checking", "account_balance" : 6311203.983928602, "currency" : "YEN" } ] }
{ "_id" : ObjectId("5e4b6a74f2defd8af15bc47e"), "first_name" : "GERALD", "last_name" : "SMITH", "accounts" : [ { "account_type" : "401K", "account_balance" : 1255474.332901143, "currency" : "USD" } ] }
{ "_id" : ObjectId("5e4b6a74f2defd8af15bc47f"), "first_name" : "SAMUEL", "last_name" : "SMITH", "accounts" : [ { "account_type" : "Investment", "account_balance" : 8703552.021610666, "currency" : "POUNDS STERLING" }, { "account_type" : "Checking", "account_balance" : 4097305.1917321617, "currency" : "POUNDS STERLING" }, { "account_type" : "Checking", "account_balance" : 6762262.712146619, "currency" : "USD" }, { "account_type" : "401K", "account_balance" : 7165353.098535903, "currency" : "YUAN" }, { "account_type" : "Savings", "account_balance" : 2210777.620896266, "currency" : "POUNDS STERLING" } ] }
{ "_id" : ObjectId("5e4b6a74f2defd8af15bc480"), "first_name" : "TERRY", "last_name" : "SMITH", "accounts" : [ { "account_type" : "Investment", "account_balance" : 5010024.748791601, "currency" : "YUAN" }, { "account_type" : "Savings", "account_balance" : 8051313.949280103, "currency" : "YEN" }, { "account_type" : "401K", "account_balance" : 9823125.687194807, "currency" : "YEN" }, { "account_type" : "Savings", "account_balance" : 4441198.055287769, "currency" : "USD" }, { "account_type" : "Savings", "account_balance" : 8213709.376807868, "currency" : "EURO" }, { "account_type" : "Savings", "account_balance" : 7266375.06371256, "currency" : "POUNDS STERLING" }, { "account_type" : "Investment", "account_balance" : 5160089.357234136, "currency" : "YEN" }, { "account_type" : "401K", "account_balance" : 1044764.2163553138, "currency" : "POUNDS STERLING" }, { "account_type" : "401K", "account_balance" : 9224521.223944124, "currency" : "YEN" } ] }
{ "_id" : ObjectId("5e4b6a74f2defd8af15bc481"), "first_name" : "KEITH", "last_name" : "SMITH", "accounts" : [ { "account_type" : "Checking", "account_balance" : 6690685.191744078, "currency" : "YEN" }, { "account_type" : "Savings", "account_balance" : 6981312.060158001, "currency" : "POUNDS STERLING" }, { "account_type" : "401K", "account_balance" : 6968498.995306942, "currency" : "POUNDS STERLING" }, { "account_type" : "401K", "account_balance" : 5137423.27072967, "currency" : "YEN" }, { "account_type" : "Savings", "account_balance" : 2419493.315004611, "currency" : "PESO" }, { "account_type" : "Checking", "account_balance" : 3047294.256090408, "currency" : "YEN" }, { "account_type" : "Investment", "account_balance" : 1170819.7712750842, "currency" : "PESO" }, { "account_type" : "401K", "account_balance" : 816106.7006841316, "currency" : "YEN" }, { "account_type" : "Savings", "account_balance" : 5800855.769438475, "currency" : "YEN" } ] }
Type "it" for more


C:\Users\slubo>mongo
MongoDB shell version v4.2.3
connecting to: mongodb://127.0.0.1:27017/?compressors=disabled&gssapiServiceName=mongodb
Implicit session: session { "id" : UUID("1c29a6d8-65d3-4995-a389-8c64012a7be0") }
MongoDB server version: 4.2.3
Server has startup warnings:
2020-02-19T20:00:58.716-0500 I  CONTROL  [initandlisten]
2020-02-19T20:00:58.716-0500 I  CONTROL  [initandlisten] ** WARNING: Access control is not enabled for the database.
2020-02-19T20:00:58.717-0500 I  CONTROL  [initandlisten] **          Read and write access to data and configuration is unrestricted.
2020-02-19T20:00:58.717-0500 I  CONTROL  [initandlisten]
1 test>
2 test>
3 test>
4 test>
5 test>
6 test> db.bank_data.find().pretty()
{
        "_id" : ObjectId("5e4b6a74f2defd8af15bc446"),
        "first_name" : "JAMES",
        "last_name" : "SMITH",
        "accounts" : [
                {
                        "account_type" : "Savings",
                        "account_balance" : 8995952.153640702,
                        "currency" : "PESO"
                },
                {
                        "account_type" : "Checking",
                        "account_balance" : 3901436.5580737568,
                        "currency" : "USD"
                }
        ]
}
{
        "_id" : ObjectId("5e4b6a74f2defd8af15bc447"),
        "first_name" : "WILLIAM",
        "last_name" : "SMITH",
        "accounts" : [
                {
                        "account_type" : "401K",
                        "account_balance" : 2497138.738978415,
                        "currency" : "PESO"
                },
                {
                        "account_type" : "Checking",
                        "account_balance" : 405606.12124239095,
                        "currency" : "PESO"
                },
                {
                        "account_type" : "Investment",
                        "account_balance" : 9149015.783455048,
                        "currency" : "PESO"
                },
                {
                        "account_type" : "401K",
                        "account_balance" : 8797914.360492531,
                        "currency" : "YUAN"
                }
        ]
}
{
        "_id" : ObjectId("5e4b6a74f2defd8af15bc448"),
        "first_name" : "CHARLES",
        "last_name" : "SMITH",
        "accounts" : [
                {
                        "account_type" : "401K",
                        "account_balance" : 7959552.738209671,
                        "currency" : "PESO"
                },
                {
                        "account_type" : "Savings",
                        "account_balance" : 7586797.95113736,
                        "currency" : "USD"
                },
                {
                        "account_type" : "401K",
                        "account_balance" : 3000642.5318386676,
                        "currency" : "YUAN"
                },
                {
                        "account_type" : "Savings",
                        "account_balance" : 8510528.056592602,
                        "currency" : "POUNDS STERLING"
                },
                {
                        "account_type" : "Savings",
                        "account_balance" : 9792223.997477302,
                        "currency" : "EURO"
                },
                {
                        "account_type" : "Savings",
                        "account_balance" : 2541888.2929410744,
                        "currency" : "POUNDS STERLING"
                }
        ]
}
{
        "_id" : ObjectId("5e4b6a74f2defd8af15bc449"),
        "first_name" : "JOSEPH",
        "last_name" : "SMITH",
        "accounts" : [
                {
                        "account_type" : "Savings",
                        "account_balance" : 4622864.137518865,
                        "currency" : "YEN"
                },
                {
                        "account_type" : "Savings",
                        "account_balance" : 6580439.762613354,
                        "currency" : "EURO"
                },
                {
                        "account_type" : "Investment",
                        "account_balance" : 9045715.151562946,
                        "currency" : "POUNDS STERLING"
                },
                {
                        "account_type" : "Checking",
                        "account_balance" : 8273872.604220738,
                        "currency" : "YUAN"
                },
                {
                        "account_type" : "401K",
                        "account_balance" : 8996205.352283742,
                        "currency" : "USD"
                },
                {
                        "account_type" : "401K",
                        "account_balance" : 2691894.235052195,
                        "currency" : "YUAN"
                }
        ]
}
{
        "_id" : ObjectId("5e4b6a74f2defd8af15bc44a"),
        "first_name" : "MICHAEL",
        "last_name" : "SMITH",
        "accounts" : [
                {
                        "account_type" : "Checking",
                        "account_balance" : 2819063.8844904397,
                        "currency" : "YEN"
                },
                {
                        "account_type" : "Checking",
                        "account_balance" : 4131942.2529414617,
                        "currency" : "USD"
                },
                {
                        "account_type" : "Investment",
                        "account_balance" : 3782509.0311059216,
                        "currency" : "EURO"
                },
                {
                        "account_type" : "Investment",
                        "account_balance" : 6531886.9064971,
                        "currency" : "PESO"
                },
                {
                        "account_type" : "Investment",
                        "account_balance" : 2105927.920320713,
                        "currency" : "EURO"
                },
                {
                        "account_type" : "Savings",
                        "account_balance" : 4612959.380901612,
                        "currency" : "YUAN"
                }
        ]
}
{
        "_id" : ObjectId("5e4b6a74f2defd8af15bc44b"),
        "first_name" : "THOMAS",
        "last_name" : "SMITH",
        "accounts" : [
                {
                        "account_type" : "Investment",
                        "account_balance" : 936130.4617335526,
                        "currency" : "EURO"
                },
                {
                        "account_type" : "401K",
                        "account_balance" : 4173144.9420674974,
                        "currency" : "EURO"
                },
                {
                        "account_type" : "401K",
                        "account_balance" : 8282074.554095908,
                        "currency" : "POUNDS STERLING"
                },
                {
                        "account_type" : "Savings",
                        "account_balance" : 7890796.5475060865,
                        "currency" : "POUNDS STERLING"
                },
                {
                        "account_type" : "Savings",
                        "account_balance" : 4747966.686441477,
                        "currency" : "PESO"
                }
        ]
}
{
        "_id" : ObjectId("5e4b6a74f2defd8af15bc44c"),
        "first_name" : "PAUL",
        "last_name" : "SMITH",
        "accounts" : [
                {
                        "account_type" : "Checking",
                        "account_balance" : 936484.1221326711,
                        "currency" : "YUAN"
                }
        ]
}
{
        "_id" : ObjectId("5e4b6a74f2defd8af15bc44d"),
        "first_name" : "CHRISTOPHER",
        "last_name" : "SMITH",
        "accounts" : [
                {
                        "account_type" : "Savings",
                        "account_balance" : 1870338.5807330757,
                        "currency" : "POUNDS STERLING"
                },
                {
                        "account_type" : "Checking",
                        "account_balance" : 5098043.412530517,
                        "currency" : "POUNDS STERLING"
                },
                {
                        "account_type" : "Checking",
                        "account_balance" : 3042158.5783834355,
                        "currency" : "YEN"
                },
                {
                        "account_type" : "Investment",
                        "account_balance" : 2721431.0181220435,
                        "currency" : "PESO"
                },
                {
                        "account_type" : "Savings",
                        "account_balance" : 2135388.570106006,
                        "currency" : "USD"
                },
                {
                        "account_type" : "Savings",
                        "account_balance" : 2416831.8654360515,
                        "currency" : "PESO"
                },
                {
                        "account_type" : "Savings",
                        "account_balance" : 405349.36727577704,
                        "currency" : "POUNDS STERLING"
                },
                {
                        "account_type" : "Investment",
                        "account_balance" : 6140519.315997784,
                        "currency" : "YEN"
                }
        ]
}
{
        "_id" : ObjectId("5e4b6a74f2defd8af15bc44e"),
        "first_name" : "DONALD",
        "last_name" : "SMITH",
        "accounts" : [
                {
                        "account_type" : "Savings",
                        "account_balance" : 9075817.291616874,
                        "currency" : "YUAN"
                },
                {
                        "account_type" : "401K",
                        "account_balance" : 3447555.7155175945,
                        "currency" : "POUNDS STERLING"
                }
        ]
}
{
        "_id" : ObjectId("5e4b6a74f2defd8af15bc44f"),
        "first_name" : "KENNETH",
        "last_name" : "SMITH",
        "accounts" : [
                {
                        "account_type" : "Investment",
                        "account_balance" : 8984765.638846941,
                        "currency" : "YEN"
                }
        ]
}
{
        "_id" : ObjectId("5e4b6a74f2defd8af15bc450"),
        "first_name" : "DAVID",
        "last_name" : "SMITH",
        "accounts" : [
                {
                        "account_type" : "Savings",
                        "account_balance" : 8857597.106995674,
                        "currency" : "POUNDS STERLING"
                },
                {
                        "account_type" : "Checking",
                        "account_balance" : 471237.47356353,
                        "currency" : "USD"
                },
                {
                        "account_type" : "Investment",
                        "account_balance" : 2834734.162895667,
                        "currency" : "USD"
                },
                {
                        "account_type" : "401K",
                        "account_balance" : 6177092.375456998,
                        "currency" : "USD"
                }
        ]
}
{
        "_id" : ObjectId("5e4b6a74f2defd8af15bc451"),
        "first_name" : "MARK",
        "last_name" : "SMITH",
        "accounts" : [
                {
                        "account_type" : "Savings",
                        "account_balance" : 521640.39247602574,
                        "currency" : "USD"
                },
                {
                        "account_type" : "Investment",
                        "account_balance" : 9896058.025694223,
                        "currency" : "POUNDS STERLING"
                },
                {
                        "account_type" : "Savings",
                        "account_balance" : 6326316.032295041,
                        "currency" : "POUNDS STERLING"
                },
                {
                        "account_type" : "Investment",
                        "account_balance" : 752161.7102783576,
                        "currency" : "PESO"
                },
                {
                        "account_type" : "Checking",
                        "account_balance" : 496816.2525023853,
                        "currency" : "USD"
                },
                {
                        "account_type" : "Checking",
                        "account_balance" : 7791969.069134079,
                        "currency" : "EURO"
                },
                {
                        "account_type" : "Checking",
                        "account_balance" : 8401384.260885552,
                        "currency" : "POUNDS STERLING"
                }
        ]
}
{
        "_id" : ObjectId("5e4b6a74f2defd8af15bc452"),
        "first_name" : "BRIAN",
        "last_name" : "SMITH",
        "accounts" : [
                {
                        "account_type" : "401K",
                        "account_balance" : 149839.10500178766,
                        "currency" : "PESO"
                }
        ]
}
{
        "_id" : ObjectId("5e4b6a74f2defd8af15bc453"),
        "first_name" : "EDWARD",
        "last_name" : "SMITH",
        "accounts" : [
                {
                        "account_type" : "401K",
                        "account_balance" : 6577381.434625924,
                        "currency" : "YEN"
                },
                {
                        "account_type" : "Checking",
                        "account_balance" : 8998935.759297138,
                        "currency" : "USD"
                },
                {
                        "account_type" : "Investment",
                        "account_balance" : 588000.4045217587,
                        "currency" : "YUAN"
                },
                {
                        "account_type" : "Savings",
                        "account_balance" : 6743563.754405159,
                        "currency" : "YUAN"
                },
                {
                        "account_type" : "401K",
                        "account_balance" : 8580650.627761671,
                        "currency" : "POUNDS STERLING"
                },
                {
                        "account_type" : "401K",
                        "account_balance" : 7687815.685781645,
                        "currency" : "YEN"
                },
                {
                        "account_type" : "Checking",
                        "account_balance" : 9128407.633252997,
                        "currency" : "EURO"
                }
        ]
}
{
        "_id" : ObjectId("5e4b6a74f2defd8af15bc454"),
        "first_name" : "ANTHONY",
        "last_name" : "SMITH",
        "accounts" : [
                {
                        "account_type" : "Savings",
                        "account_balance" : 8436439.162254475,
                        "currency" : "POUNDS STERLING"
                }
        ]
}
{
        "_id" : ObjectId("5e4b6a74f2defd8af15bc455"),
        "first_name" : "DANIEL",
        "last_name" : "SMITH",
        "accounts" : [
                {
                        "account_type" : "401K",
                        "account_balance" : 8382349.386766551,
                        "currency" : "PESO"
                },
                {
                        "account_type" : "Savings",
                        "account_balance" : 6605864.850059703,
                        "currency" : "YUAN"
                },
                {
                        "account_type" : "Savings",
                        "account_balance" : 3849188.922156063,
                        "currency" : "YEN"
                },
                {
                        "account_type" : "401K",
                        "account_balance" : 4040933.2733676303,
                        "currency" : "YUAN"
                },
                {
                        "account_type" : "Savings",
                        "account_balance" : 6169503.517499695,
                        "currency" : "YUAN"
                },
                {
                        "account_type" : "401K",
                        "account_balance" : 7641660.104955465,
                        "currency" : "EURO"
                },
                {
                        "account_type" : "Checking",
                        "account_balance" : 6103871.976585753,
                        "currency" : "YEN"
                },
                {
                        "account_type" : "401K",
                        "account_balance" : 5707269.0824853135,
                        "currency" : "YEN"
                }
        ]
}
{
        "_id" : ObjectId("5e4b6a74f2defd8af15bc456"),
        "first_name" : "KEVIN",
        "last_name" : "SMITH",
        "accounts" : [
                {
                        "account_type" : "Savings",
                        "account_balance" : 3309735.6787135843,
                        "currency" : "YEN"
                },
                {
                        "account_type" : "Investment",
                        "account_balance" : 5631912.288049201,
                        "currency" : "EURO"
                },
                {
                        "account_type" : "Investment",
                        "account_balance" : 7381293.096057707,
                        "currency" : "YUAN"
                },
                {
                        "account_type" : "401K",
                        "account_balance" : 6173279.399191128,
                        "currency" : "POUNDS STERLING"
                }
        ]
}
{
        "_id" : ObjectId("5e4b6a74f2defd8af15bc457"),
        "first_name" : "STEVEN",
        "last_name" : "SMITH",
        "accounts" : [
                {
                        "account_type" : "Investment",
                        "account_balance" : 7606194.17605087,
                        "currency" : "EURO"
                },
                {
                        "account_type" : "Investment",
                        "account_balance" : 2099711.775821766,
                        "currency" : "EURO"
                },
                {
                        "account_type" : "Investment",
                        "account_balance" : 2961011.973269031,
                        "currency" : "YUAN"
                },
                {
                        "account_type" : "Savings",
                        "account_balance" : 5830306.873168334,
                        "currency" : "USD"
                },
                {
                        "account_type" : "401K",
                        "account_balance" : 1542091.8696738125,
                        "currency" : "EURO"
                }
        ]
}
{
        "_id" : ObjectId("5e4b6a74f2defd8af15bc458"),
        "first_name" : "RONALD",
        "last_name" : "SMITH",
        "accounts" : [
                {
                        "account_type" : "Investment",
                        "account_balance" : 2493283.6389967063,
                        "currency" : "YUAN"
                },
                {
                        "account_type" : "401K",
                        "account_balance" : 4633271.954959409,
                        "currency" : "YUAN"
                },
                {
                        "account_type" : "401K",
                        "account_balance" : 7348999.742797652,
                        "currency" : "YEN"
                },
                {
                        "account_type" : "401K",
                        "account_balance" : 2341998.38343059,
                        "currency" : "YEN"
                },
                {
                        "account_type" : "Investment",
                        "account_balance" : 1407184.001435296,
                        "currency" : "POUNDS STERLING"
                },
                {
                        "account_type" : "401K",
                        "account_balance" : 7393776.875547295,
                        "currency" : "PESO"
                },
                {
                        "account_type" : "Investment",
                        "account_balance" : 5511508.002603683,
                        "currency" : "USD"
                },
                {
                        "account_type" : "Investment",
                        "account_balance" : 7639752.530667685,
                        "currency" : "EURO"
                }
        ]
}
{
        "_id" : ObjectId("5e4b6a74f2defd8af15bc459"),
        "first_name" : "MATTHEW",
        "last_name" : "SMITH",
        "accounts" : [
                {
                        "account_type" : "Checking",
                        "account_balance" : 7306262.434456466,
                        "currency" : "YUAN"
                },
                {
                        "account_type" : "Checking",
                        "account_balance" : 4461773.357745899,
                        "currency" : "POUNDS STERLING"
                },
                {
                        "account_type" : "Investment",
                        "account_balance" : 5690772.294958975,
                        "currency" : "PESO"
                },
                {
                        "account_type" : "Savings",
                        "account_balance" : 6496898.361854982,
                        "currency" : "PESO"
                }
        ]
}
Type "it" for more
7 test> db.bank_data.find({last_name: "SMITH"})
{ "_id" : ObjectId("5e4b6a74f2defd8af15bc446"), "first_name" : "JAMES", "last_name" : "SMITH", "accounts" : [ { "account_type" : "Savings", "account_balance" : 8995952.153640702, "currency" : "PESO" }, { "account_type" : "Checking", "account_balance" : 3901436.5580737568, "currency" : "USD" } ] }
{ "_id" : ObjectId("5e4b6a74f2defd8af15bc447"), "first_name" : "WILLIAM", "last_name" : "SMITH", "accounts" : [ { "account_type" : "401K", "account_balance" : 2497138.738978415, "currency" : "PESO" }, { "account_type" : "Checking", "account_balance" : 405606.12124239095, "currency" : "PESO" }, { "account_type" : "Investment", "account_balance" : 9149015.783455048, "currency" : "PESO" }, { "account_type" : "401K", "account_balance" : 8797914.360492531, "currency" : "YUAN" } ] }
{ "_id" : ObjectId("5e4b6a74f2defd8af15bc448"), "first_name" : "CHARLES", "last_name" : "SMITH", "accounts" : [ { "account_type" : "401K", "account_balance" : 7959552.738209671, "currency" : "PESO" }, { "account_type" : "Savings", "account_balance" : 7586797.95113736, "currency" : "USD" }, { "account_type" : "401K", "account_balance" : 3000642.5318386676, "currency" : "YUAN" }, { "account_type" : "Savings", "account_balance" : 8510528.056592602, "currency" : "POUNDS STERLING" }, { "account_type" : "Savings", "account_balance" : 9792223.997477302, "currency" : "EURO" }, { "account_type" : "Savings", "account_balance" : 2541888.2929410744, "currency" : "POUNDS STERLING" } ] }
{ "_id" : ObjectId("5e4b6a74f2defd8af15bc449"), "first_name" : "JOSEPH", "last_name" : "SMITH", "accounts" : [ { "account_type" : "Savings", "account_balance" : 4622864.137518865, "currency" : "YEN" }, { "account_type" : "Savings", "account_balance" : 6580439.762613354, "currency" : "EURO" }, { "account_type" : "Investment", "account_balance" : 9045715.151562946, "currency" : "POUNDS STERLING" }, { "account_type" : "Checking", "account_balance" : 8273872.604220738, "currency" : "YUAN" }, { "account_type" : "401K", "account_balance" : 8996205.352283742, "currency" : "USD" }, { "account_type" : "401K", "account_balance" : 2691894.235052195, "currency" : "YUAN" } ] }
{ "_id" : ObjectId("5e4b6a74f2defd8af15bc44a"), "first_name" : "MICHAEL", "last_name" : "SMITH", "accounts" : [ { "account_type" : "Checking", "account_balance" : 2819063.8844904397, "currency" : "YEN" }, { "account_type" : "Checking", "account_balance" : 4131942.2529414617, "currency" : "USD" }, { "account_type" : "Investment", "account_balance" : 3782509.0311059216, "currency" : "EURO" }, { "account_type" : "Investment", "account_balance" : 6531886.9064971, "currency" : "PESO" }, { "account_type" : "Investment", "account_balance" : 2105927.920320713, "currency" : "EURO" }, { "account_type" : "Savings", "account_balance" : 4612959.380901612, "currency" : "YUAN" } ] }
{ "_id" : ObjectId("5e4b6a74f2defd8af15bc44b"), "first_name" : "THOMAS", "last_name" : "SMITH", "accounts" : [ { "account_type" : "Investment", "account_balance" : 936130.4617335526, "currency" : "EURO" }, { "account_type" : "401K", "account_balance" : 4173144.9420674974, "currency" : "EURO" }, { "account_type" : "401K", "account_balance" : 8282074.554095908, "currency" : "POUNDS STERLING" }, { "account_type" : "Savings", "account_balance" : 7890796.5475060865, "currency" : "POUNDS STERLING" }, { "account_type" : "Savings", "account_balance" : 4747966.686441477, "currency" : "PESO" } ] }
{ "_id" : ObjectId("5e4b6a74f2defd8af15bc44c"), "first_name" : "PAUL", "last_name" : "SMITH", "accounts" : [ { "account_type" : "Checking", "account_balance" : 936484.1221326711, "currency" : "YUAN" } ] }
{ "_id" : ObjectId("5e4b6a74f2defd8af15bc44d"), "first_name" : "CHRISTOPHER", "last_name" : "SMITH", "accounts" : [ { "account_type" : "Savings", "account_balance" : 1870338.5807330757, "currency" : "POUNDS STERLING" }, { "account_type" : "Checking", "account_balance" : 5098043.412530517, "currency" : "POUNDS STERLING" }, { "account_type" : "Checking", "account_balance" : 3042158.5783834355, "currency" : "YEN" }, { "account_type" : "Investment", "account_balance" : 2721431.0181220435, "currency" : "PESO" }, { "account_type" : "Savings", "account_balance" : 2135388.570106006, "currency" : "USD" }, { "account_type" : "Savings", "account_balance" : 2416831.8654360515, "currency" : "PESO" }, { "account_type" : "Savings", "account_balance" : 405349.36727577704, "currency" : "POUNDS STERLING" }, { "account_type" : "Investment", "account_balance" : 6140519.315997784, "currency" : "YEN" } ] }
{ "_id" : ObjectId("5e4b6a74f2defd8af15bc44e"), "first_name" : "DONALD", "last_name" : "SMITH", "accounts" : [ { "account_type" : "Savings", "account_balance" : 9075817.291616874, "currency" : "YUAN" }, { "account_type" : "401K", "account_balance" : 3447555.7155175945, "currency" : "POUNDS STERLING" } ] }
{ "_id" : ObjectId("5e4b6a74f2defd8af15bc44f"), "first_name" : "KENNETH", "last_name" : "SMITH", "accounts" : [ { "account_type" : "Investment", "account_balance" : 8984765.638846941, "currency" : "YEN" } ] }
{ "_id" : ObjectId("5e4b6a74f2defd8af15bc450"), "first_name" : "DAVID", "last_name" : "SMITH", "accounts" : [ { "account_type" : "Savings", "account_balance" : 8857597.106995674, "currency" : "POUNDS STERLING" }, { "account_type" : "Checking", "account_balance" : 471237.47356353, "currency" : "USD" }, { "account_type" : "Investment", "account_balance" : 2834734.162895667, "currency" : "USD" }, { "account_type" : "401K", "account_balance" : 6177092.375456998, "currency" : "USD" } ] }
{ "_id" : ObjectId("5e4b6a74f2defd8af15bc451"), "first_name" : "MARK", "last_name" : "SMITH", "accounts" : [ { "account_type" : "Savings", "account_balance" : 521640.39247602574, "currency" : "USD" }, { "account_type" : "Investment", "account_balance" : 9896058.025694223, "currency" : "POUNDS STERLING" }, { "account_type" : "Savings", "account_balance" : 6326316.032295041, "currency" : "POUNDS STERLING" }, { "account_type" : "Investment", "account_balance" : 752161.7102783576, "currency" : "PESO" }, { "account_type" : "Checking", "account_balance" : 496816.2525023853, "currency" : "USD" }, { "account_type" : "Checking", "account_balance" : 7791969.069134079, "currency" : "EURO" }, { "account_type" : "Checking", "account_balance" : 8401384.260885552, "currency" : "POUNDS STERLING" } ] }
{ "_id" : ObjectId("5e4b6a74f2defd8af15bc452"), "first_name" : "BRIAN", "last_name" : "SMITH", "accounts" : [ { "account_type" : "401K", "account_balance" : 149839.10500178766, "currency" : "PESO" } ] }
{ "_id" : ObjectId("5e4b6a74f2defd8af15bc453"), "first_name" : "EDWARD", "last_name" : "SMITH", "accounts" : [ { "account_type" : "401K", "account_balance" : 6577381.434625924, "currency" : "YEN" }, { "account_type" : "Checking", "account_balance" : 8998935.759297138, "currency" : "USD" }, { "account_type" : "Investment", "account_balance" : 588000.4045217587, "currency" : "YUAN" }, { "account_type" : "Savings", "account_balance" : 6743563.754405159, "currency" : "YUAN" }, { "account_type" : "401K", "account_balance" : 8580650.627761671, "currency" : "POUNDS STERLING" }, { "account_type" : "401K", "account_balance" : 7687815.685781645, "currency" : "YEN" }, { "account_type" : "Checking", "account_balance" : 9128407.633252997, "currency" : "EURO" } ] }
{ "_id" : ObjectId("5e4b6a74f2defd8af15bc454"), "first_name" : "ANTHONY", "last_name" : "SMITH", "accounts" : [ { "account_type" : "Savings", "account_balance" : 8436439.162254475, "currency" : "POUNDS STERLING" } ] }
{ "_id" : ObjectId("5e4b6a74f2defd8af15bc455"), "first_name" : "DANIEL", "last_name" : "SMITH", "accounts" : [ { "account_type" : "401K", "account_balance" : 8382349.386766551, "currency" : "PESO" }, { "account_type" : "Savings", "account_balance" : 6605864.850059703, "currency" : "YUAN" }, { "account_type" : "Savings", "account_balance" : 3849188.922156063, "currency" : "YEN" }, { "account_type" : "401K", "account_balance" : 4040933.2733676303, "currency" : "YUAN" }, { "account_type" : "Savings", "account_balance" : 6169503.517499695, "currency" : "YUAN" }, { "account_type" : "401K", "account_balance" : 7641660.104955465, "currency" : "EURO" }, { "account_type" : "Checking", "account_balance" : 6103871.976585753, "currency" : "YEN" }, { "account_type" : "401K", "account_balance" : 5707269.0824853135, "currency" : "YEN" } ] }
{ "_id" : ObjectId("5e4b6a74f2defd8af15bc456"), "first_name" : "KEVIN", "last_name" : "SMITH", "accounts" : [ { "account_type" : "Savings", "account_balance" : 3309735.6787135843, "currency" : "YEN" }, { "account_type" : "Investment", "account_balance" : 5631912.288049201, "currency" : "EURO" }, { "account_type" : "Investment", "account_balance" : 7381293.096057707, "currency" : "YUAN" }, { "account_type" : "401K", "account_balance" : 6173279.399191128, "currency" : "POUNDS STERLING" } ] }
{ "_id" : ObjectId("5e4b6a74f2defd8af15bc457"), "first_name" : "STEVEN", "last_name" : "SMITH", "accounts" : [ { "account_type" : "Investment", "account_balance" : 7606194.17605087, "currency" : "EURO" }, { "account_type" : "Investment", "account_balance" : 2099711.775821766, "currency" : "EURO" }, { "account_type" : "Investment", "account_balance" : 2961011.973269031, "currency" : "YUAN" }, { "account_type" : "Savings", "account_balance" : 5830306.873168334, "currency" : "USD" }, { "account_type" : "401K", "account_balance" : 1542091.8696738125, "currency" : "EURO" } ] }
{ "_id" : ObjectId("5e4b6a74f2defd8af15bc458"), "first_name" : "RONALD", "last_name" : "SMITH", "accounts" : [ { "account_type" : "Investment", "account_balance" : 2493283.6389967063, "currency" : "YUAN" }, { "account_type" : "401K", "account_balance" : 4633271.954959409, "currency" : "YUAN" }, { "account_type" : "401K", "account_balance" : 7348999.742797652, "currency" : "YEN" }, { "account_type" : "401K", "account_balance" : 2341998.38343059, "currency" : "YEN" }, { "account_type" : "Investment", "account_balance" : 1407184.001435296, "currency" : "POUNDS STERLING" }, { "account_type" : "401K", "account_balance" : 7393776.875547295, "currency" : "PESO" }, { "account_type" : "Investment", "account_balance" : 5511508.002603683, "currency" : "USD" }, { "account_type" : "Investment", "account_balance" : 7639752.530667685, "currency" : "EURO" } ] }
{ "_id" : ObjectId("5e4b6a74f2defd8af15bc459"), "first_name" : "MATTHEW", "last_name" : "SMITH", "accounts" : [ { "account_type" : "Checking", "account_balance" : 7306262.434456466, "currency" : "YUAN" }, { "account_type" : "Checking", "account_balance" : 4461773.357745899, "currency" : "POUNDS STERLING" }, { "account_type" : "Investment", "account_balance" : 5690772.294958975, "currency" : "PESO" }, { "account_type" : "Savings", "account_balance" : 6496898.361854982, "currency" : "PESO" } ] }
Type "it" for more
8 test> db.bank_data.find({last_name: "SMITH"}).count()
100
9 test> let smiths = db.bank_data.find({last_name: "SMITH"}).count()
10 test> smiths
100
11 test> smiths = db.bank_data.find({last_name: "SMITH"}).count()
100
12 test> smiths
100
13 test> smiths = db.bank_data.find({last_name: "SMITH"})
{ "_id" : ObjectId("5e4b6a74f2defd8af15bc446"), "first_name" : "JAMES", "last_name" : "SMITH", "accounts" : [ { "account_type" : "Savings", "account_balance" : 8995952.153640702, "currency" : "PESO" }, { "account_type" : "Checking", "account_balance" : 3901436.5580737568, "currency" : "USD" } ] }
{ "_id" : ObjectId("5e4b6a74f2defd8af15bc447"), "first_name" : "WILLIAM", "last_name" : "SMITH", "accounts" : [ { "account_type" : "401K", "account_balance" : 2497138.738978415, "currency" : "PESO" }, { "account_type" : "Checking", "account_balance" : 405606.12124239095, "currency" : "PESO" }, { "account_type" : "Investment", "account_balance" : 9149015.783455048, "currency" : "PESO" }, { "account_type" : "401K", "account_balance" : 8797914.360492531, "currency" : "YUAN" } ] }
{ "_id" : ObjectId("5e4b6a74f2defd8af15bc448"), "first_name" : "CHARLES", "last_name" : "SMITH", "accounts" : [ { "account_type" : "401K", "account_balance" : 7959552.738209671, "currency" : "PESO" }, { "account_type" : "Savings", "account_balance" : 7586797.95113736, "currency" : "USD" }, { "account_type" : "401K", "account_balance" : 3000642.5318386676, "currency" : "YUAN" }, { "account_type" : "Savings", "account_balance" : 8510528.056592602, "currency" : "POUNDS STERLING" }, { "account_type" : "Savings", "account_balance" : 9792223.997477302, "currency" : "EURO" }, { "account_type" : "Savings", "account_balance" : 2541888.2929410744, "currency" : "POUNDS STERLING" } ] }
{ "_id" : ObjectId("5e4b6a74f2defd8af15bc449"), "first_name" : "JOSEPH", "last_name" : "SMITH", "accounts" : [ { "account_type" : "Savings", "account_balance" : 4622864.137518865, "currency" : "YEN" }, { "account_type" : "Savings", "account_balance" : 6580439.762613354, "currency" : "EURO" }, { "account_type" : "Investment", "account_balance" : 9045715.151562946, "currency" : "POUNDS STERLING" }, { "account_type" : "Checking", "account_balance" : 8273872.604220738, "currency" : "YUAN" }, { "account_type" : "401K", "account_balance" : 8996205.352283742, "currency" : "USD" }, { "account_type" : "401K", "account_balance" : 2691894.235052195, "currency" : "YUAN" } ] }
{ "_id" : ObjectId("5e4b6a74f2defd8af15bc44a"), "first_name" : "MICHAEL", "last_name" : "SMITH", "accounts" : [ { "account_type" : "Checking", "account_balance" : 2819063.8844904397, "currency" : "YEN" }, { "account_type" : "Checking", "account_balance" : 4131942.2529414617, "currency" : "USD" }, { "account_type" : "Investment", "account_balance" : 3782509.0311059216, "currency" : "EURO" }, { "account_type" : "Investment", "account_balance" : 6531886.9064971, "currency" : "PESO" }, { "account_type" : "Investment", "account_balance" : 2105927.920320713, "currency" : "EURO" }, { "account_type" : "Savings", "account_balance" : 4612959.380901612, "currency" : "YUAN" } ] }
{ "_id" : ObjectId("5e4b6a74f2defd8af15bc44b"), "first_name" : "THOMAS", "last_name" : "SMITH", "accounts" : [ { "account_type" : "Investment", "account_balance" : 936130.4617335526, "currency" : "EURO" }, { "account_type" : "401K", "account_balance" : 4173144.9420674974, "currency" : "EURO" }, { "account_type" : "401K", "account_balance" : 8282074.554095908, "currency" : "POUNDS STERLING" }, { "account_type" : "Savings", "account_balance" : 7890796.5475060865, "currency" : "POUNDS STERLING" }, { "account_type" : "Savings", "account_balance" : 4747966.686441477, "currency" : "PESO" } ] }
{ "_id" : ObjectId("5e4b6a74f2defd8af15bc44c"), "first_name" : "PAUL", "last_name" : "SMITH", "accounts" : [ { "account_type" : "Checking", "account_balance" : 936484.1221326711, "currency" : "YUAN" } ] }
{ "_id" : ObjectId("5e4b6a74f2defd8af15bc44d"), "first_name" : "CHRISTOPHER", "last_name" : "SMITH", "accounts" : [ { "account_type" : "Savings", "account_balance" : 1870338.5807330757, "currency" : "POUNDS STERLING" }, { "account_type" : "Checking", "account_balance" : 5098043.412530517, "currency" : "POUNDS STERLING" }, { "account_type" : "Checking", "account_balance" : 3042158.5783834355, "currency" : "YEN" }, { "account_type" : "Investment", "account_balance" : 2721431.0181220435, "currency" : "PESO" }, { "account_type" : "Savings", "account_balance" : 2135388.570106006, "currency" : "USD" }, { "account_type" : "Savings", "account_balance" : 2416831.8654360515, "currency" : "PESO" }, { "account_type" : "Savings", "account_balance" : 405349.36727577704, "currency" : "POUNDS STERLING" }, { "account_type" : "Investment", "account_balance" : 6140519.315997784, "currency" : "YEN" } ] }
{ "_id" : ObjectId("5e4b6a74f2defd8af15bc44e"), "first_name" : "DONALD", "last_name" : "SMITH", "accounts" : [ { "account_type" : "Savings", "account_balance" : 9075817.291616874, "currency" : "YUAN" }, { "account_type" : "401K", "account_balance" : 3447555.7155175945, "currency" : "POUNDS STERLING" } ] }
{ "_id" : ObjectId("5e4b6a74f2defd8af15bc44f"), "first_name" : "KENNETH", "last_name" : "SMITH", "accounts" : [ { "account_type" : "Investment", "account_balance" : 8984765.638846941, "currency" : "YEN" } ] }
{ "_id" : ObjectId("5e4b6a74f2defd8af15bc450"), "first_name" : "DAVID", "last_name" : "SMITH", "accounts" : [ { "account_type" : "Savings", "account_balance" : 8857597.106995674, "currency" : "POUNDS STERLING" }, { "account_type" : "Checking", "account_balance" : 471237.47356353, "currency" : "USD" }, { "account_type" : "Investment", "account_balance" : 2834734.162895667, "currency" : "USD" }, { "account_type" : "401K", "account_balance" : 6177092.375456998, "currency" : "USD" } ] }
{ "_id" : ObjectId("5e4b6a74f2defd8af15bc451"), "first_name" : "MARK", "last_name" : "SMITH", "accounts" : [ { "account_type" : "Savings", "account_balance" : 521640.39247602574, "currency" : "USD" }, { "account_type" : "Investment", "account_balance" : 9896058.025694223, "currency" : "POUNDS STERLING" }, { "account_type" : "Savings", "account_balance" : 6326316.032295041, "currency" : "POUNDS STERLING" }, { "account_type" : "Investment", "account_balance" : 752161.7102783576, "currency" : "PESO" }, { "account_type" : "Checking", "account_balance" : 496816.2525023853, "currency" : "USD" }, { "account_type" : "Checking", "account_balance" : 7791969.069134079, "currency" : "EURO" }, { "account_type" : "Checking", "account_balance" : 8401384.260885552, "currency" : "POUNDS STERLING" } ] }
{ "_id" : ObjectId("5e4b6a74f2defd8af15bc452"), "first_name" : "BRIAN", "last_name" : "SMITH", "accounts" : [ { "account_type" : "401K", "account_balance" : 149839.10500178766, "currency" : "PESO" } ] }
{ "_id" : ObjectId("5e4b6a74f2defd8af15bc453"), "first_name" : "EDWARD", "last_name" : "SMITH", "accounts" : [ { "account_type" : "401K", "account_balance" : 6577381.434625924, "currency" : "YEN" }, { "account_type" : "Checking", "account_balance" : 8998935.759297138, "currency" : "USD" }, { "account_type" : "Investment", "account_balance" : 588000.4045217587, "currency" : "YUAN" }, { "account_type" : "Savings", "account_balance" : 6743563.754405159, "currency" : "YUAN" }, { "account_type" : "401K", "account_balance" : 8580650.627761671, "currency" : "POUNDS STERLING" }, { "account_type" : "401K", "account_balance" : 7687815.685781645, "currency" : "YEN" }, { "account_type" : "Checking", "account_balance" : 9128407.633252997, "currency" : "EURO" } ] }
{ "_id" : ObjectId("5e4b6a74f2defd8af15bc454"), "first_name" : "ANTHONY", "last_name" : "SMITH", "accounts" : [ { "account_type" : "Savings", "account_balance" : 8436439.162254475, "currency" : "POUNDS STERLING" } ] }
{ "_id" : ObjectId("5e4b6a74f2defd8af15bc455"), "first_name" : "DANIEL", "last_name" : "SMITH", "accounts" : [ { "account_type" : "401K", "account_balance" : 8382349.386766551, "currency" : "PESO" }, { "account_type" : "Savings", "account_balance" : 6605864.850059703, "currency" : "YUAN" }, { "account_type" : "Savings", "account_balance" : 3849188.922156063, "currency" : "YEN" }, { "account_type" : "401K", "account_balance" : 4040933.2733676303, "currency" : "YUAN" }, { "account_type" : "Savings", "account_balance" : 6169503.517499695, "currency" : "YUAN" }, { "account_type" : "401K", "account_balance" : 7641660.104955465, "currency" : "EURO" }, { "account_type" : "Checking", "account_balance" : 6103871.976585753, "currency" : "YEN" }, { "account_type" : "401K", "account_balance" : 5707269.0824853135, "currency" : "YEN" } ] }
{ "_id" : ObjectId("5e4b6a74f2defd8af15bc456"), "first_name" : "KEVIN", "last_name" : "SMITH", "accounts" : [ { "account_type" : "Savings", "account_balance" : 3309735.6787135843, "currency" : "YEN" }, { "account_type" : "Investment", "account_balance" : 5631912.288049201, "currency" : "EURO" }, { "account_type" : "Investment", "account_balance" : 7381293.096057707, "currency" : "YUAN" }, { "account_type" : "401K", "account_balance" : 6173279.399191128, "currency" : "POUNDS STERLING" } ] }
{ "_id" : ObjectId("5e4b6a74f2defd8af15bc457"), "first_name" : "STEVEN", "last_name" : "SMITH", "accounts" : [ { "account_type" : "Investment", "account_balance" : 7606194.17605087, "currency" : "EURO" }, { "account_type" : "Investment", "account_balance" : 2099711.775821766, "currency" : "EURO" }, { "account_type" : "Investment", "account_balance" : 2961011.973269031, "currency" : "YUAN" }, { "account_type" : "Savings", "account_balance" : 5830306.873168334, "currency" : "USD" }, { "account_type" : "401K", "account_balance" : 1542091.8696738125, "currency" : "EURO" } ] }
{ "_id" : ObjectId("5e4b6a74f2defd8af15bc458"), "first_name" : "RONALD", "last_name" : "SMITH", "accounts" : [ { "account_type" : "Investment", "account_balance" : 2493283.6389967063, "currency" : "YUAN" }, { "account_type" : "401K", "account_balance" : 4633271.954959409, "currency" : "YUAN" }, { "account_type" : "401K", "account_balance" : 7348999.742797652, "currency" : "YEN" }, { "account_type" : "401K", "account_balance" : 2341998.38343059, "currency" : "YEN" }, { "account_type" : "Investment", "account_balance" : 1407184.001435296, "currency" : "POUNDS STERLING" }, { "account_type" : "401K", "account_balance" : 7393776.875547295, "currency" : "PESO" }, { "account_type" : "Investment", "account_balance" : 5511508.002603683, "currency" : "USD" }, { "account_type" : "Investment", "account_balance" : 7639752.530667685, "currency" : "EURO" } ] }
{ "_id" : ObjectId("5e4b6a74f2defd8af15bc459"), "first_name" : "MATTHEW", "last_name" : "SMITH", "accounts" : [ { "account_type" : "Checking", "account_balance" : 7306262.434456466, "currency" : "YUAN" }, { "account_type" : "Checking", "account_balance" : 4461773.357745899, "currency" : "POUNDS STERLING" }, { "account_type" : "Investment", "account_balance" : 5690772.294958975, "currency" : "PESO" }, { "account_type" : "Savings", "account_balance" : 6496898.361854982, "currency" : "PESO" } ] }
Type "it" for more
14 test> smiths
{ "_id" : ObjectId("5e4b6a74f2defd8af15bc45a"), "first_name" : "RICHARD", "last_name" : "SMITH", "accounts" : [ { "account_type" : "Checking", "account_balance" : 714872.2542833243, "currency" : "EURO" }, { "account_type" : "Investment", "account_balance" : 4812651.936193353, "currency" : "YUAN" }, { "account_type" : "Investment", "account_balance" : 2862753.076585194, "currency" : "PESO" }, { "account_type" : "401K", "account_balance" : 7518653.660258865, "currency" : "EURO" }, { "account_type" : "Checking", "account_balance" : 2349544.575176711, "currency" : "YEN" }, { "account_type" : "Checking", "account_balance" : 8443090.325156216, "currency" : "YEN" }, { "account_type" : "Investment", "account_balance" : 745273.1369779429, "currency" : "PESO" }, { "account_type" : "Checking", "account_balance" : 8711574.840919748, "currency" : "POUNDS STERLING" } ] }
{ "_id" : ObjectId("5e4b6a74f2defd8af15bc45b"), "first_name" : "TIMOTHY", "last_name" : "SMITH", "accounts" : [ { "account_type" : "401K", "account_balance" : 2750672.5882634055, "currency" : "YUAN" }, { "account_type" : "401K", "account_balance" : 8336773.079210629, "currency" : "POUNDS STERLING" }, { "account_type" : "Investment", "account_balance" : 6818811.139404453, "currency" : "POUNDS STERLING" }, { "account_type" : "401K", "account_balance" : 4600906.8572719935, "currency" : "YEN" }, { "account_type" : "401K", "account_balance" : 8328683.085939264, "currency" : "YEN" }, { "account_type" : "401K", "account_balance" : 9428489.727548812, "currency" : "USD" }, { "account_type" : "Investment", "account_balance" : 3992429.8844449804, "currency" : "EURO" } ] }
{ "_id" : ObjectId("5e4b6a74f2defd8af15bc45c"), "first_name" : "JASON", "last_name" : "SMITH", "accounts" : [ { "account_type" : "Savings", "account_balance" : 9144369.80675037, "currency" : "YEN" }, { "account_type" : "401K", "account_balance" : 1201940.1494810788, "currency" : "POUNDS STERLING" }, { "account_type" : "401K", "account_balance" : 6203406.088905666, "currency" : "POUNDS STERLING" }, { "account_type" : "401K", "account_balance" : 1755689.7844041009, "currency" : "YEN" }, { "account_type" : "401K", "account_balance" : 2835552.8116550343, "currency" : "YUAN" }, { "account_type" : "Checking", "account_balance" : 6295930.7888331935, "currency" : "EURO" }, { "account_type" : "401K", "account_balance" : 5688160.9761512885, "currency" : "EURO" } ] }
{ "_id" : ObjectId("5e4b6a74f2defd8af15bc45d"), "first_name" : "GARY", "last_name" : "SMITH", "accounts" : [ { "account_type" : "Checking", "account_balance" : 1689550.581933809, "currency" : "YEN" }, { "account_type" : "Checking", "account_balance" : 3234528.345237606, "currency" : "USD" }, { "account_type" : "401K", "account_balance" : 4094713.0255713062, "currency" : "YEN" }, { "account_type" : "401K", "account_balance" : 1090153.707606369, "currency" : "YUAN" }, { "account_type" : "Savings", "account_balance" : 5456246.332395777, "currency" : "YEN" }, { "account_type" : "401K", "account_balance" : 3844311.2999388725, "currency" : "POUNDS STERLING" }, { "account_type" : "Checking", "account_balance" : 5454424.98227164, "currency" : "YUAN" }, { "account_type" : "Investment", "account_balance" : 5096100.250082415, "currency" : "PESO" } ] }
{ "_id" : ObjectId("5e4b6a74f2defd8af15bc45e"), "first_name" : "JEFFREY", "last_name" : "SMITH", "accounts" : [ { "account_type" : "Checking", "account_balance" : 6530548.144399805, "currency" : "EURO" }, { "account_type" : "Savings", "account_balance" : 1172979.7013590587, "currency" : "EURO" } ] }
{ "_id" : ObjectId("5e4b6a74f2defd8af15bc45f"), "first_name" : "JOHN", "last_name" : "SMITH", "accounts" : [ { "account_type" : "401K", "account_balance" : 9059210.226195503, "currency" : "YUAN" }, { "account_type" : "401K", "account_balance" : 5926514.06875377, "currency" : "PESO" }, { "account_type" : "Savings", "account_balance" : 8172876.597329946, "currency" : "EURO" }, { "account_type" : "Investment", "account_balance" : 4320374.732933239, "currency" : "POUNDS STERLING" }, { "account_type" : "Investment", "account_balance" : 9159979.449077135, "currency" : "EURO" }, { "account_type" : "Investment", "account_balance" : 8923437.883474918, "currency" : "USD" }, { "account_type" : "401K", "account_balance" : 3810781.9932702538, "currency" : "EURO" }, { "account_type" : "Investment", "account_balance" : 1803757.09787294, "currency" : "YEN" }, { "account_type" : "Investment", "account_balance" : 4947925.350834157, "currency" : "EURO" } ] }
{ "_id" : ObjectId("5e4b6a74f2defd8af15bc460"), "first_name" : "ROBERT", "last_name" : "SMITH", "accounts" : [ { "account_type" : "Investment", "account_balance" : 3465277.443564153, "currency" : "PESO" }, { "account_type" : "401K", "account_balance" : 6001520.415853325, "currency" : "USD" }, { "account_type" : "Investment", "account_balance" : 1739276.2966888128, "currency" : "USD" }, { "account_type" : "Checking", "account_balance" : 7704684.832334223, "currency" : "YUAN" } ] }
{ "_id" : ObjectId("5e4b6a74f2defd8af15bc461"), "first_name" : "JOSE", "last_name" : "SMITH", "accounts" : [ { "account_type" : "Investment", "account_balance" : 6609320.603617963, "currency" : "YUAN" }, { "account_type" : "Investment", "account_balance" : 647398.8415543658, "currency" : "YEN" }, { "account_type" : "Investment", "account_balance" : 8929671.450689185, "currency" : "YUAN" }, { "account_type" : "Savings", "account_balance" : 8185125.893101759, "currency" : "PESO" }, { "account_type" : "Checking", "account_balance" : 5491299.946211371, "currency" : "YUAN" }, { "account_type" : "401K", "account_balance" : 5548263.96215673, "currency" : "EURO" }, { "account_type" : "Savings", "account_balance" : 9867639.877339946, "currency" : "EURO" }, { "account_type" : "Investment", "account_balance" : 8460019.334789598, "currency" : "PESO" } ] }
{ "_id" : ObjectId("5e4b6a74f2defd8af15bc462"), "first_name" : "GEORGE", "last_name" : "SMITH", "accounts" : [ { "account_type" : "Checking", "account_balance" : 7510049.716676093, "currency" : "PESO" }, { "account_type" : "Investment", "account_balance" : 8978088.436168617, "currency" : "USD" }, { "account_type" : "401K", "account_balance" : 3536582.866462197, "currency" : "YEN" }, { "account_type" : "Checking", "account_balance" : 4390095.46173461, "currency" : "USD" } ] }
{ "_id" : ObjectId("5e4b6a74f2defd8af15bc463"), "first_name" : "LARRY", "last_name" : "SMITH", "accounts" : [ { "account_type" : "Investment", "account_balance" : 3759078.6501504136, "currency" : "USD" }, { "account_type" : "Savings", "account_balance" : 6219062.553470187, "currency" : "POUNDS STERLING" }, { "account_type" : "Savings", "account_balance" : 6933533.137680473, "currency" : "YEN" }, { "account_type" : "Savings", "account_balance" : 4451684.485658975, "currency" : "YEN" }, { "account_type" : "Savings", "account_balance" : 895803.2180684174, "currency" : "EURO" }, { "account_type" : "401K", "account_balance" : 6014295.063652024, "currency" : "EURO" }, { "account_type" : "401K", "account_balance" : 2105122.8409299008, "currency" : "EURO" }, { "account_type" : "Investment", "account_balance" : 7335379.207385309, "currency" : "YUAN" } ] }
{ "_id" : ObjectId("5e4b6a74f2defd8af15bc464"), "first_name" : "SCOTT", "last_name" : "SMITH", "accounts" : [ { "account_type" : "401K", "account_balance" : 1473176.1946518857, "currency" : "EURO" }, { "account_type" : "Savings", "account_balance" : 177682.7833815054, "currency" : "YUAN" }, { "account_type" : "Investment", "account_balance" : 6405889.286820596, "currency" : "YEN" }, { "account_type" : "401K", "account_balance" : 8609971.632725786, "currency" : "PESO" }, { "account_type" : "Investment", "account_balance" : 6168197.838305248, "currency" : "YUAN" }, { "account_type" : "401K", "account_balance" : 9907911.718958965, "currency" : "POUNDS STERLING" }, { "account_type" : "Savings", "account_balance" : 5830650.2890201565, "currency" : "PESO" }, { "account_type" : "401K", "account_balance" : 8811181.638302729, "currency" : "USD" }, { "account_type" : "401K", "account_balance" : 3821459.5775807844, "currency" : "POUNDS STERLING" } ] }
{ "_id" : ObjectId("5e4b6a74f2defd8af15bc465"), "first_name" : "FRANK", "last_name" : "SMITH", "accounts" : [ { "account_type" : "Savings", "account_balance" : 3391089.6451067976, "currency" : "YUAN" }, { "account_type" : "401K", "account_balance" : 8561220.253581073, "currency" : "EURO" }, { "account_type" : "Checking", "account_balance" : 2294882.8419566215, "currency" : "YUAN" }, { "account_type" : "Savings", "account_balance" : 4393639.877193107, "currency" : "POUNDS STERLING" }, { "account_type" : "Investment", "account_balance" : 9308663.784051068, "currency" : "YEN" } ] }
{ "_id" : ObjectId("5e4b6a74f2defd8af15bc466"), "first_name" : "ERIC", "last_name" : "SMITH", "accounts" : [ { "account_type" : "Checking", "account_balance" : 5708037.488725111, "currency" : "YUAN" }, { "account_type" : "Investment", "account_balance" : 3233489.8810895467, "currency" : "PESO" } ] }
{ "_id" : ObjectId("5e4b6a74f2defd8af15bc467"), "first_name" : "ANDREW", "last_name" : "SMITH", "accounts" : [ { "account_type" : "Investment", "account_balance" : 6564642.067651129, "currency" : "PESO" }, { "account_type" : "Savings", "account_balance" : 5084316.701698672, "currency" : "PESO" }, { "account_type" : "401K", "account_balance" : 1781721.3490503912, "currency" : "USD" } ] }
{ "_id" : ObjectId("5e4b6a74f2defd8af15bc468"), "first_name" : "GREGORY", "last_name" : "SMITH", "accounts" : [ { "account_type" : "Savings", "account_balance" : 2569907.038992555, "currency" : "YUAN" }, { "account_type" : "Investment", "account_balance" : 6160347.143688887, "currency" : "EURO" }, { "account_type" : "Checking", "account_balance" : 193573.47555011907, "currency" : "YUAN" } ] }
{ "_id" : ObjectId("5e4b6a74f2defd8af15bc469"), "first_name" : "PATRICK", "last_name" : "SMITH", "accounts" : [ { "account_type" : "Checking", "account_balance" : 8379175.33963249, "currency" : "POUNDS STERLING" } ] }
{ "_id" : ObjectId("5e4b6a74f2defd8af15bc46a"), "first_name" : "RAYMOND", "last_name" : "SMITH", "accounts" : [ { "account_type" : "Checking", "account_balance" : 7154717.13502707, "currency" : "YUAN" }, { "account_type" : "Investment", "account_balance" : 6874010.299247401, "currency" : "YEN" }, { "account_type" : "Savings", "account_balance" : 8472491.191023117, "currency" : "PESO" }, { "account_type" : "Savings", "account_balance" : 9257189.639393922, "currency" : "PESO" }, { "account_type" : "Savings", "account_balance" : 1596264.0625447354, "currency" : "YUAN" }, { "account_type" : "Checking", "account_balance" : 8371425.206889373, "currency" : "YEN" } ] }
{ "_id" : ObjectId("5e4b6a74f2defd8af15bc46b"), "first_name" : "JOSHUA", "last_name" : "SMITH", "accounts" : [ { "account_type" : "401K", "account_balance" : 2576445.1044204514, "currency" : "POUNDS STERLING" }, { "account_type" : "Checking", "account_balance" : 4112251.555500838, "currency" : "USD" }, { "account_type" : "Checking", "account_balance" : 2551297.8118438795, "currency" : "EURO" }, { "account_type" : "401K", "account_balance" : 3615949.053075526, "currency" : "YUAN" }, { "account_type" : "401K", "account_balance" : 7038231.230597571, "currency" : "POUNDS STERLING" }, { "account_type" : "401K", "account_balance" : 9685695.250524476, "currency" : "EURO" }, { "account_type" : "401K", "account_balance" : 4046890.1423443444, "currency" : "POUNDS STERLING" }, { "account_type" : "Investment", "account_balance" : 7322304.794819496, "currency" : "USD" } ] }
{ "_id" : ObjectId("5e4b6a74f2defd8af15bc46c"), "first_name" : "DOUGLAS", "last_name" : "SMITH", "accounts" : [ { "account_type" : "Investment", "account_balance" : 3191153.9936926356, "currency" : "USD" }, { "account_type" : "Investment", "account_balance" : 8218969.947187914, "currency" : "YUAN" }, { "account_type" : "401K", "account_balance" : 3981118.083494397, "currency" : "EURO" } ] }
{ "_id" : ObjectId("5e4b6a74f2defd8af15bc46d"), "first_name" : "PETER", "last_name" : "SMITH", "accounts" : [ { "account_type" : "Checking", "account_balance" : 2945775.055512581, "currency" : "POUNDS STERLING" }, { "account_type" : "Savings", "account_balance" : 9387533.36623421, "currency" : "YEN" }, { "account_type" : "Savings", "account_balance" : 9554579.834532645, "currency" : "USD" }, { "account_type" : "Savings", "account_balance" : 8499897.653078984, "currency" : "POUNDS STERLING" }, { "account_type" : "Savings", "account_balance" : 5767262.432020949, "currency" : "POUNDS STERLING" }, { "account_type" : "Savings", "account_balance" : 2260917.625143932, "currency" : "EURO" }, { "account_type" : "Investment", "account_balance" : 4779649.182957621, "currency" : "PESO" }, { "account_type" : "Savings", "account_balance" : 5050979.459337104, "currency" : "PESO" } ] }
Type "it" for more
15 test> typeof(smiths)
object
16 test> smiths.map
function(func) {
    var a = [];
    while (this.hasNext())
        a.push(func(this.next()));
    return a;
}
17 test> smiths.forEach
function(func) {
    while (this.hasNext())
        func(this.next());
}
18 test> smiths.filter
19 test> smiths.toArray()
[
        {
                "_id" : ObjectId("5e4b6a74f2defd8af15bc46e"),
                "first_name" : "CARL",
                "last_name" : "SMITH",
                "accounts" : [
                        {
                                "account_type" : "401K",
                                "account_balance" : 2062346.9851512057,
                                "currency" : "EURO"
                        },
                        {
                                "account_type" : "Investment",
                                "account_balance" : 920035.6097071606,
                                "currency" : "PESO"
                        }
                ]
        },
        {
                "_id" : ObjectId("5e4b6a74f2defd8af15bc46f"),
                "first_name" : "HENRY",
                "last_name" : "SMITH",
                "accounts" : [
                        {
                                "account_type" : "Checking",
                                "account_balance" : 6730721.159646517,
                                "currency" : "POUNDS STERLING"
                        },
                        {
                                "account_type" : "Checking",
                                "account_balance" : 9896870.693034953,
                                "currency" : "YUAN"
                        },
                        {
                                "account_type" : "Savings",
                                "account_balance" : 7346447.914541776,
                                "currency" : "YUAN"
                        }
                ]
        },
        {
                "_id" : ObjectId("5e4b6a74f2defd8af15bc470"),
                "first_name" : "HAROLD",
                "last_name" : "SMITH",
                "accounts" : [
                        {
                                "account_type" : "Checking",
                                "account_balance" : 8160498.511300475,
                                "currency" : "EURO"
                        },
                        {
                                "account_type" : "401K",
                                "account_balance" : 8388616.008943994,
                                "currency" : "POUNDS STERLING"
                        },
                        {
                                "account_type" : "Savings",
                                "account_balance" : 8554720.84967769,
                                "currency" : "POUNDS STERLING"
                        },
                        {
                                "account_type" : "Savings",
                                "account_balance" : 829902.0453262492,
                                "currency" : "USD"
                        },
                        {
                                "account_type" : "Savings",
                                "account_balance" : 1760341.4910703457,
                                "currency" : "YEN"
                        },
                        {
                                "account_type" : "401K",
                                "account_balance" : 545689.5743562116,
                                "currency" : "YEN"
                        },
                        {
                                "account_type" : "Checking",
                                "account_balance" : 7843841.046815641,
                                "currency" : "POUNDS STERLING"
                        }
                ]
        },
        {
                "_id" : ObjectId("5e4b6a74f2defd8af15bc471"),
                "first_name" : "WALTER",
                "last_name" : "SMITH",
                "accounts" : [
                        {
                                "account_type" : "Investment",
                                "account_balance" : 1532954.0384936118,
                                "currency" : "YEN"
                        },
                        {
                                "account_type" : "Savings",
                                "account_balance" : 8898532.290037047,
                                "currency" : "PESO"
                        },
                        {
                                "account_type" : "401K",
                                "account_balance" : 8446439.24438432,
                                "currency" : "EURO"
                        },
                        {
                                "account_type" : "Investment",
                                "account_balance" : 7267786.247774322,
                                "currency" : "YEN"
                        },
                        {
                                "account_type" : "Savings",
                                "account_balance" : 3604354.9426694363,
                                "currency" : "USD"
                        },
                        {
                                "account_type" : "Investment",
                                "account_balance" : 7973781.371323074,
                                "currency" : "POUNDS STERLING"
                        },
                        {
                                "account_type" : "Checking",
                                "account_balance" : 2723171.5317830946,
                                "currency" : "YEN"
                        }
                ]
        },
        {
                "_id" : ObjectId("5e4b6a74f2defd8af15bc472"),
                "first_name" : "STEPHEN",
                "last_name" : "SMITH",
                "accounts" : [
                        {
                                "account_type" : "Investment",
                                "account_balance" : 2355138.745269624,
                                "currency" : "PESO"
                        },
                        {
                                "account_type" : "Investment",
                                "account_balance" : 7257558.34321075,
                                "currency" : "YUAN"
                        },
                        {
                                "account_type" : "401K",
                                "account_balance" : 9789208.279821705,
                                "currency" : "PESO"
                        },
                        {
                                "account_type" : "Investment",
                                "account_balance" : 6500497.948857283,
                                "currency" : "PESO"
                        },
                        {
                                "account_type" : "Savings",
                                "account_balance" : 3840263.4092185786,
                                "currency" : "USD"
                        },
                        {
                                "account_type" : "401K",
                                "account_balance" : 2338668.7309363224,
                                "currency" : "YEN"
                        },
                        {
                                "account_type" : "Checking",
                                "account_balance" : 843361.8251650636,
                                "currency" : "USD"
                        },
                        {
                                "account_type" : "Savings",
                                "account_balance" : 8284152.218136787,
                                "currency" : "USD"
                        },
                        {
                                "account_type" : "Investment",
                                "account_balance" : 1293129.6961859262,
                                "currency" : "POUNDS STERLING"
                        }
                ]
        },
        {
                "_id" : ObjectId("5e4b6a74f2defd8af15bc473"),
                "first_name" : "JERRY",
                "last_name" : "SMITH",
                "accounts" : [
                        {
                                "account_type" : "Checking",
                                "account_balance" : 5356347.344225762,
                                "currency" : "EURO"
                        },
                        {
                                "account_type" : "Checking",
                                "account_balance" : 6969942.184265779,
                                "currency" : "POUNDS STERLING"
                        },
                        {
                                "account_type" : "Checking",
                                "account_balance" : 798515.9957408805,
                                "currency" : "YUAN"
                        },
                        {
                                "account_type" : "Savings",
                                "account_balance" : 5938737.790410241,
                                "currency" : "USD"
                        },
                        {
                                "account_type" : "Savings",
                                "account_balance" : 870021.9975617621,
                                "currency" : "YUAN"
                        },
                        {
                                "account_type" : "Investment",
                                "account_balance" : 7407830.787906559,
                                "currency" : "POUNDS STERLING"
                        },
                        {
                                "account_type" : "Checking",
                                "account_balance" : 5984308.165441955,
                                "currency" : "YEN"
                        },
                        {
                                "account_type" : "Checking",
                                "account_balance" : 2751767.3136025714,
                                "currency" : "POUNDS STERLING"
                        }
                ]
        },
        {
                "_id" : ObjectId("5e4b6a74f2defd8af15bc474"),
                "first_name" : "JUAN",
                "last_name" : "SMITH",
                "accounts" : [
                        {
                                "account_type" : "Investment",
                                "account_balance" : 6171950.769882431,
                                "currency" : "PESO"
                        },
                        {
                                "account_type" : "401K",
                                "account_balance" : 8845623.217251472,
                                "currency" : "POUNDS STERLING"
                        }
                ]
        },
        {
                "_id" : ObjectId("5e4b6a74f2defd8af15bc475"),
                "first_name" : "JOE",
                "last_name" : "SMITH",
                "accounts" : [
                        {
                                "account_type" : "Investment",
                                "account_balance" : 1895471.7218645413,
                                "currency" : "PESO"
                        },
                        {
                                "account_type" : "401K",
                                "account_balance" : 2562095.2224331843,
                                "currency" : "POUNDS STERLING"
                        },
                        {
                                "account_type" : "Savings",
                                "account_balance" : 9248953.416851433,
                                "currency" : "POUNDS STERLING"
                        },
                        {
                                "account_type" : "Savings",
                                "account_balance" : 1828282.3997453344,
                                "currency" : "POUNDS STERLING"
                        },
                        {
                                "account_type" : "Checking",
                                "account_balance" : 5564024.644035234,
                                "currency" : "PESO"
                        }
                ]
        },
        {
                "_id" : ObjectId("5e4b6a74f2defd8af15bc476"),
                "first_name" : "ARTHUR",
                "last_name" : "SMITH",
                "accounts" : [
                        {
                                "account_type" : "Investment",
                                "account_balance" : 4981246.262456013,
                                "currency" : "PESO"
                        },
                        {
                                "account_type" : "Checking",
                                "account_balance" : 7848307.483172338,
                                "currency" : "USD"
                        },
                        {
                                "account_type" : "Checking",
                                "account_balance" : 7874020.644960353,
                                "currency" : "EURO"
                        },
                        {
                                "account_type" : "Savings",
                                "account_balance" : 4352580.569819708,
                                "currency" : "YEN"
                        },
                        {
                                "account_type" : "Checking",
                                "account_balance" : 2234254.9311916153,
                                "currency" : "POUNDS STERLING"
                        },
                        {
                                "account_type" : "Savings",
                                "account_balance" : 2255783.20472231,
                                "currency" : "YEN"
                        },
                        {
                                "account_type" : "Savings",
                                "account_balance" : 5112111.231862736,
                                "currency" : "USD"
                        },
                        {
                                "account_type" : "401K",
                                "account_balance" : 7713431.696665003,
                                "currency" : "YEN"
                        }
                ]
        },
        {
                "_id" : ObjectId("5e4b6a74f2defd8af15bc477"),
                "first_name" : "DENNIS",
                "last_name" : "SMITH",
                "accounts" : [
                        {
                                "account_type" : "Savings",
                                "account_balance" : 778479.9243429175,
                                "currency" : "USD"
                        },
                        {
                                "account_type" : "Investment",
                                "account_balance" : 5677426.921102093,
                                "currency" : "EURO"
                        },
                        {
                                "account_type" : "Savings",
                                "account_balance" : 3653420.0610750997,
                                "currency" : "POUNDS STERLING"
                        },
                        {
                                "account_type" : "Checking",
                                "account_balance" : 8111720.978292176,
                                "currency" : "POUNDS STERLING"
                        },
                        {
                                "account_type" : "Checking",
                                "account_balance" : 6911162.292044167,
                                "currency" : "YEN"
                        },
                        {
                                "account_type" : "Investment",
                                "account_balance" : 1512410.3614186475,
                                "currency" : "YEN"
                        },
                        {
                                "account_type" : "Savings",
                                "account_balance" : 9182811.597364968,
                                "currency" : "POUNDS STERLING"
                        },
                        {
                                "account_type" : "Savings",
                                "account_balance" : 7637600.740342199,
                                "currency" : "EURO"
                        },
                        {
                                "account_type" : "Investment",
                                "account_balance" : 1798895.0264128838,
                                "currency" : "YEN"
                        }
                ]
        },
        {
                "_id" : ObjectId("5e4b6a74f2defd8af15bc478"),
                "first_name" : "ROGER",
                "last_name" : "SMITH",
                "accounts" : [
                        {
                                "account_type" : "401K",
                                "account_balance" : 796487.5101836363,
                                "currency" : "PESO"
                        },
                        {
                                "account_type" : "401K",
                                "account_balance" : 7362643.803415878,
                                "currency" : "EURO"
                        },
                        {
                                "account_type" : "401K",
                                "account_balance" : 5450017.9037533,
                                "currency" : "EURO"
                        },
                        {
                                "account_type" : "Checking",
                                "account_balance" : 2386397.1245126184,
                                "currency" : "YUAN"
                        },
                        {
                                "account_type" : "Investment",
                                "account_balance" : 8201096.536977101,
                                "currency" : "USD"
                        },
                        {
                                "account_type" : "Savings",
                                "account_balance" : 6588340.723032347,
                                "currency" : "USD"
                        },
                        {
                                "account_type" : "Savings",
                                "account_balance" : 450320.6737778904,
                                "currency" : "YUAN"
                        },
                        {
                                "account_type" : "Investment",
                                "account_balance" : 6558147.592771979,
                                "currency" : "YUAN"
                        }
                ]
        },
        {
                "_id" : ObjectId("5e4b6a74f2defd8af15bc479"),
                "first_name" : "ALBERT",
                "last_name" : "SMITH",
                "accounts" : [
                        {
                                "account_type" : "Investment",
                                "account_balance" : 4821991.335826526,
                                "currency" : "YUAN"
                        },
                        {
                                "account_type" : "Investment",
                                "account_balance" : 9425443.872297714,
                                "currency" : "USD"
                        }
                ]
        },
        {
                "_id" : ObjectId("5e4b6a74f2defd8af15bc47a"),
                "first_name" : "RYAN",
                "last_name" : "SMITH",
                "accounts" : [
                        {
                                "account_type" : "401K",
                                "account_balance" : 9938199.841784136,
                                "currency" : "PESO"
                        },
                        {
                                "account_type" : "401K",
                                "account_balance" : 6374727.69526649,
                                "currency" : "USD"
                        },
                        {
                                "account_type" : "Checking",
                                "account_balance" : 9075044.284644017,
                                "currency" : "POUNDS STERLING"
                        },
                        {
                                "account_type" : "Investment",
                                "account_balance" : 2157188.2030681306,
                                "currency" : "POUNDS STERLING"
                        },
                        {
                                "account_type" : "Savings",
                                "account_balance" : 2088514.2248565985,
                                "currency" : "POUNDS STERLING"
                        },
                        {
                                "account_type" : "Investment",
                                "account_balance" : 6170070.220244758,
                                "currency" : "EURO"
                        }
                ]
        },
        {
                "_id" : ObjectId("5e4b6a74f2defd8af15bc47b"),
                "first_name" : "JACK",
                "last_name" : "SMITH",
                "accounts" : [
                        {
                                "account_type" : "401K",
                                "account_balance" : 5754928.029672472,
                                "currency" : "YEN"
                        },
                        {
                                "account_type" : "Checking",
                                "account_balance" : 5964859.802767627,
                                "currency" : "YUAN"
                        },
                        {
                                "account_type" : "Savings",
                                "account_balance" : 8321064.213786688,
                                "currency" : "PESO"
                        },
                        {
                                "account_type" : "Checking",
                                "account_balance" : 920856.9895697047,
                                "currency" : "POUNDS STERLING"
                        },
                        {
                                "account_type" : "Investment",
                                "account_balance" : 3739566.242757339,
                                "currency" : "POUNDS STERLING"
                        }
                ]
        },
        {
                "_id" : ObjectId("5e4b6a74f2defd8af15bc47c"),
                "first_name" : "JUSTIN",
                "last_name" : "SMITH",
                "accounts" : [
                        {
                                "account_type" : "401K",
                                "account_balance" : 6019867.745806983,
                                "currency" : "POUNDS STERLING"
                        },
                        {
                                "account_type" : "401K",
                                "account_balance" : 8508857.566740628,
                                "currency" : "EURO"
                        },
                        {
                                "account_type" : "401K",
                                "account_balance" : 9688309.014053676,
                                "currency" : "PESO"
                        },
                        {
                                "account_type" : "Savings",
                                "account_balance" : 1606573.0550284632,
                                "currency" : "POUNDS STERLING"
                        },
                        {
                                "account_type" : "Savings",
                                "account_balance" : 9076718.99571514,
                                "currency" : "USD"
                        }
                ]
        },
        {
                "_id" : ObjectId("5e4b6a74f2defd8af15bc47d"),
                "first_name" : "JONATHAN",
                "last_name" : "SMITH",
                "accounts" : [
                        {
                                "account_type" : "Checking",
                                "account_balance" : 2913395.3500320436,
                                "currency" : "EURO"
                        },
                        {
                                "account_type" : "Checking",
                                "account_balance" : 3982489.1508402685,
                                "currency" : "PESO"
                        },
                        {
                                "account_type" : "401K",
                                "account_balance" : 4179010.0664665606,
                                "currency" : "YEN"
                        },
                        {
                                "account_type" : "Investment",
                                "account_balance" : 3170325.648587981,
                                "currency" : "PESO"
                        },
                        {
                                "account_type" : "Investment",
                                "account_balance" : 1068025.4691481842,
                                "currency" : "USD"
                        },
                        {
                                "account_type" : "Checking",
                                "account_balance" : 1789451.0439216513,
                                "currency" : "POUNDS STERLING"
                        },
                        {
                                "account_type" : "Savings",
                                "account_balance" : 8554996.316241262,
                                "currency" : "EURO"
                        },
                        {
                                "account_type" : "401K",
                                "account_balance" : 987581.3372985001,
                                "currency" : "EURO"
                        },
                        {
                                "account_type" : "Checking",
                                "account_balance" : 6311203.983928602,
                                "currency" : "YEN"
                        }
                ]
        },
        {
                "_id" : ObjectId("5e4b6a74f2defd8af15bc47e"),
                "first_name" : "GERALD",
                "last_name" : "SMITH",
                "accounts" : [
                        {
                                "account_type" : "401K",
                                "account_balance" : 1255474.332901143,
                                "currency" : "USD"
                        }
                ]
        },
        {
                "_id" : ObjectId("5e4b6a74f2defd8af15bc47f"),
                "first_name" : "SAMUEL",
                "last_name" : "SMITH",
                "accounts" : [
                        {
                                "account_type" : "Investment",
                                "account_balance" : 8703552.021610666,
                                "currency" : "POUNDS STERLING"
                        },
                        {
                                "account_type" : "Checking",
                                "account_balance" : 4097305.1917321617,
                                "currency" : "POUNDS STERLING"
                        },
                        {
                                "account_type" : "Checking",
                                "account_balance" : 6762262.712146619,
                                "currency" : "USD"
                        },
                        {
                                "account_type" : "401K",
                                "account_balance" : 7165353.098535903,
                                "currency" : "YUAN"
                        },
                        {
                                "account_type" : "Savings",
                                "account_balance" : 2210777.620896266,
                                "currency" : "POUNDS STERLING"
                        }
                ]
        },
        {
                "_id" : ObjectId("5e4b6a74f2defd8af15bc480"),
                "first_name" : "TERRY",
                "last_name" : "SMITH",
                "accounts" : [
                        {
                                "account_type" : "Investment",
                                "account_balance" : 5010024.748791601,
                                "currency" : "YUAN"
                        },
                        {
                                "account_type" : "Savings",
                                "account_balance" : 8051313.949280103,
                                "currency" : "YEN"
                        },
                        {
                                "account_type" : "401K",
                                "account_balance" : 9823125.687194807,
                                "currency" : "YEN"
                        },
                        {
                                "account_type" : "Savings",
                                "account_balance" : 4441198.055287769,
                                "currency" : "USD"
                        },
                        {
                                "account_type" : "Savings",
                                "account_balance" : 8213709.376807868,
                                "currency" : "EURO"
                        },
                        {
                                "account_type" : "Savings",
                                "account_balance" : 7266375.06371256,
                                "currency" : "POUNDS STERLING"
                        },
                        {
                                "account_type" : "Investment",
                                "account_balance" : 5160089.357234136,
                                "currency" : "YEN"
                        },
                        {
                                "account_type" : "401K",
                                "account_balance" : 1044764.2163553138,
                                "currency" : "POUNDS STERLING"
                        },
                        {
                                "account_type" : "401K",
                                "account_balance" : 9224521.223944124,
                                "currency" : "YEN"
                        }
                ]
        },
        {
                "_id" : ObjectId("5e4b6a74f2defd8af15bc481"),
                "first_name" : "KEITH",
                "last_name" : "SMITH",
                "accounts" : [
                        {
                                "account_type" : "Checking",
                                "account_balance" : 6690685.191744078,
                                "currency" : "YEN"
                        },
                        {
                                "account_type" : "Savings",
                                "account_balance" : 6981312.060158001,
                                "currency" : "POUNDS STERLING"
                        },
                        {
                                "account_type" : "401K",
                                "account_balance" : 6968498.995306942,
                                "currency" : "POUNDS STERLING"
                        },
                        {
                                "account_type" : "401K",
                                "account_balance" : 5137423.27072967,
                                "currency" : "YEN"
                        },
                        {
                                "account_type" : "Savings",
                                "account_balance" : 2419493.315004611,
                                "currency" : "PESO"
                        },
                        {
                                "account_type" : "Checking",
                                "account_balance" : 3047294.256090408,
                                "currency" : "YEN"
                        },
                        {
                                "account_type" : "Investment",
                                "account_balance" : 1170819.7712750842,
                                "currency" : "PESO"
                        },
                        {
                                "account_type" : "401K",
                                "account_balance" : 816106.7006841316,
                                "currency" : "YEN"
                        },
                        {
                                "account_type" : "Savings",
                                "account_balance" : 5800855.769438475,
                                "currency" : "YEN"
                        }
                ]
        },
        {
                "_id" : ObjectId("5e4b6a74f2defd8af15bc482"),
                "first_name" : "WILLIE",
                "last_name" : "SMITH",
                "accounts" : [
                        {
                                "account_type" : "Savings",
                                "account_balance" : 5106783.119648027,
                                "currency" : "POUNDS STERLING"
                        },
                        {
                                "account_type" : "Savings",
                                "account_balance" : 6169912.507767438,
                                "currency" : "YUAN"
                        },
                        {
                                "account_type" : "Checking",
                                "account_balance" : 6156167.8806193555,
                                "currency" : "POUNDS STERLING"
                        },
                        {
                                "account_type" : "401K",
                                "account_balance" : 900506.7481741444,
                                "currency" : "PESO"
                        },
                        {
                                "account_type" : "Checking",
                                "account_balance" : 1384401.8628364122,
                                "currency" : "YEN"
                        },
                        {
                                "account_type" : "Savings",
                                "account_balance" : 4968515.906026227,
                                "currency" : "YUAN"
                        },
                        {
                                "account_type" : "Investment",
                                "account_balance" : 3474038.7550349273,
                                "currency" : "POUNDS STERLING"
                        },
                        {
                                "account_type" : "401K",
                                "account_balance" : 8363342.920311542,
                                "currency" : "POUNDS STERLING"
                        },
                        {
                                "account_type" : "401K",
                                "account_balance" : 5947817.737569911,
                                "currency" : "YEN"
                        }
                ]
        },
        {
                "_id" : ObjectId("5e4b6a74f2defd8af15bc483"),
                "first_name" : "BRUCE",
                "last_name" : "SMITH",
                "accounts" : [
                        {
                                "account_type" : "401K",
                                "account_balance" : 592785.4253446155,
                                "currency" : "USD"
                        },
                        {
                                "account_type" : "401K",
                                "account_balance" : 4055497.496895705,
                                "currency" : "YUAN"
                        }
                ]
        },
        {
                "_id" : ObjectId("5e4b6a74f2defd8af15bc484"),
                "first_name" : "RALPH",
                "last_name" : "SMITH",
                "accounts" : [
                        {
                                "account_type" : "Checking",
                                "account_balance" : 1433428.0426491243,
                                "currency" : "YEN"
                        },
                        {
                                "account_type" : "Savings",
                                "account_balance" : 8616077.902126674,
                                "currency" : "USD"
                        },
                        {
                                "account_type" : "Investment",
                                "account_balance" : 3868805.209258722,
                                "currency" : "YUAN"
                        },
                        {
                                "account_type" : "Investment",
                                "account_balance" : 5960193.565142364,
                                "currency" : "EURO"
                        },
                        {
                                "account_type" : "Savings",
                                "account_balance" : 4241868.317623448,
                                "currency" : "EURO"
                        },
                        {
                                "account_type" : "Checking",
                                "account_balance" : 8990907.733895384,
                                "currency" : "YEN"
                        },
                        {
                                "account_type" : "Investment",
                                "account_balance" : 656602.5614718252,
                                "currency" : "USD"
                        },
                        {
                                "account_type" : "Investment",
                                "account_balance" : 5698587.236105273,
                                "currency" : "YEN"
                        },
                        {
                                "account_type" : "Savings",
                                "account_balance" : 9769410.12406486,
                                "currency" : "EURO"
                        }
                ]
        },
        {
                "_id" : ObjectId("5e4b6a74f2defd8af15bc485"),
                "first_name" : "BENJAMIN",
                "last_name" : "SMITH",
                "accounts" : [
                        {
                                "account_type" : "Checking",
                                "account_balance" : 5717578.980680155,
                                "currency" : "EURO"
                        },
                        {
                                "account_type" : "Savings",
                                "account_balance" : 6982661.395093768,
                                "currency" : "PESO"
                        },
                        {
                                "account_type" : "401K",
                                "account_balance" : 2241322.0157286683,
                                "currency" : "YEN"
                        },
                        {
                                "account_type" : "Investment",
                                "account_balance" : 8602467.359804556,
                                "currency" : "YEN"
                        },
                        {
                                "account_type" : "Investment",
                                "account_balance" : 6615492.347317605,
                                "currency" : "YUAN"
                        },
                        {
                                "account_type" : "401K",
                                "account_balance" : 4847132.7331317905,
                                "currency" : "POUNDS STERLING"
                        },
                        {
                                "account_type" : "Investment",
                                "account_balance" : 1879258.0587008803,
                                "currency" : "EURO"
                        },
                        {
                                "account_type" : "Investment",
                                "account_balance" : 5937676.955896176,
                                "currency" : "EURO"
                        },
                        {
                                "account_type" : "Checking",
                                "account_balance" : 424045.9734279716,
                                "currency" : "YUAN"
                        }
                ]
        },
        {
                "_id" : ObjectId("5e4b6a74f2defd8af15bc486"),
                "first_name" : "HARRY",
                "last_name" : "SMITH",
                "accounts" : [
                        {
                                "account_type" : "Investment",
                                "account_balance" : 3203404.241741685,
                                "currency" : "YEN"
                        },
                        {
                                "account_type" : "Checking",
                                "account_balance" : 7529376.143626228,
                                "currency" : "YUAN"
                        },
                        {
                                "account_type" : "Savings",
                                "account_balance" : 3616930.8858317924,
                                "currency" : "EURO"
                        },
                        {
                                "account_type" : "401K",
                                "account_balance" : 2416143.604152398,
                                "currency" : "PESO"
                        }
                ]
        },
        {
                "_id" : ObjectId("5e4b6a74f2defd8af15bc487"),
                "first_name" : "ROY",
                "last_name" : "SMITH",
                "accounts" : [
                        {
                                "account_type" : "401K",
                                "account_balance" : 7355824.341228507,
                                "currency" : "YEN"
                        }
                ]
        },
        {
                "_id" : ObjectId("5e4b6a74f2defd8af15bc488"),
                "first_name" : "FRED",
                "last_name" : "SMITH",
                "accounts" : [
                        {
                                "account_type" : "Checking",
                                "account_balance" : 5803697.9980139155,
                                "currency" : "POUNDS STERLING"
                        },
                        {
                                "account_type" : "Savings",
                                "account_balance" : 2903809.315251017,
                                "currency" : "USD"
                        },
                        {
                                "account_type" : "Investment",
                                "account_balance" : 5104510.900012461,
                                "currency" : "YEN"
                        }
                ]
        },
        {
                "_id" : ObjectId("5e4b6a74f2defd8af15bc489"),
                "first_name" : "ADAM",
                "last_name" : "SMITH",
                "accounts" : [
                        {
                                "account_type" : "Savings",
                                "account_balance" : 5597781.230642234,
                                "currency" : "YEN"
                        },
                        {
                                "account_type" : "Savings",
                                "account_balance" : 8132059.131121926,
                                "currency" : "PESO"
                        },
                        {
                                "account_type" : "Investment",
                                "account_balance" : 4119261.279886257,
                                "currency" : "PESO"
                        },
                        {
                                "account_type" : "Savings",
                                "account_balance" : 7065858.14599803,
                                "currency" : "EURO"
                        },
                        {
                                "account_type" : "Checking",
                                "account_balance" : 8015977.744283954,
                                "currency" : "USD"
                        },
                        {
                                "account_type" : "Savings",
                                "account_balance" : 7520386.551045405,
                                "currency" : "YEN"
                        }
                ]
        },
        {
                "_id" : ObjectId("5e4b6a74f2defd8af15bc48a"),
                "first_name" : "BILLY",
                "last_name" : "SMITH",
                "accounts" : [
                        {
                                "account_type" : "401K",
                                "account_balance" : 8691011.49664228,
                                "currency" : "USD"
                        }
                ]
        },
        {
                "_id" : ObjectId("5e4b6a74f2defd8af15bc48b"),
                "first_name" : "BRANDON",
                "last_name" : "SMITH",
                "accounts" : [
                        {
                                "account_type" : "Investment",
                                "account_balance" : 5393645.172809904,
                                "currency" : "PESO"
                        },
                        {
                                "account_type" : "Checking",
                                "account_balance" : 2282996.3312159395,
                                "currency" : "USD"
                        },
                        {
                                "account_type" : "Checking",
                                "account_balance" : 57185.412253963295,
                                "currency" : "USD"
                        },
                        {
                                "account_type" : "Savings",
                                "account_balance" : 5841834.459209571,
                                "currency" : "YEN"
                        },
                        {
                                "account_type" : "Investment",
                                "account_balance" : 5389791.8097446235,
                                "currency" : "YEN"
                        },
                        {
                                "account_type" : "Savings",
                                "account_balance" : 7546000.070641126,
                                "currency" : "EURO"
                        },
                        {
                                "account_type" : "Savings",
                                "account_balance" : 3845820.5056918096,
                                "currency" : "YEN"
                        },
                        {
                                "account_type" : "401K",
                                "account_balance" : 5212366.003847128,
                                "currency" : "USD"
                        },
                        {
                                "account_type" : "Checking",
                                "account_balance" : 5149551.704126448,
                                "currency" : "PESO"
                        }
                ]
        },
        {
                "_id" : ObjectId("5e4b6a74f2defd8af15bc48c"),
                "first_name" : "AARON",
                "last_name" : "SMITH",
                "accounts" : [
                        {
                                "account_type" : "Savings",
                                "account_balance" : 1455321.836970739,
                                "currency" : "EURO"
                        }
                ]
        },
        {
                "_id" : ObjectId("5e4b6a74f2defd8af15bc48d"),
                "first_name" : "LAWRENCE",
                "last_name" : "SMITH",
                "accounts" : [
                        {
                                "account_type" : "401K",
                                "account_balance" : 6998458.8060026355,
                                "currency" : "YUAN"
                        },
                        {
                                "account_type" : "401K",
                                "account_balance" : 6571757.243352819,
                                "currency" : "EURO"
                        },
                        {
                                "account_type" : "Checking",
                                "account_balance" : 9215683.15054612,
                                "currency" : "USD"
                        },
                        {
                                "account_type" : "401K",
                                "account_balance" : 2638196.8350389446,
                                "currency" : "PESO"
                        },
                        {
                                "account_type" : "Savings",
                                "account_balance" : 2306034.928086549,
                                "currency" : "USD"
                        },
                        {
                                "account_type" : "401K",
                                "account_balance" : 75791.77092939592,
                                "currency" : "USD"
                        }
                ]
        },
        {
                "_id" : ObjectId("5e4b6a74f2defd8af15bc48e"),
                "first_name" : "JEREMY",
                "last_name" : "SMITH",
                "accounts" : [
                        {
                                "account_type" : "Investment",
                                "account_balance" : 701598.8763108726,
                                "currency" : "POUNDS STERLING"
                        },
                        {
                                "account_type" : "Checking",
                                "account_balance" : 796077.2812569926,
                                "currency" : "YEN"
                        },
                        {
                                "account_type" : "401K",
                                "account_balance" : 9929286.959907807,
                                "currency" : "PESO"
                        }
                ]
        },
        {
                "_id" : ObjectId("5e4b6a74f2defd8af15bc48f"),
                "first_name" : "EUGENE",
                "last_name" : "SMITH",
                "accounts" : [
                        {
                                "account_type" : "Savings",
                                "account_balance" : 814479.4078971546,
                                "currency" : "YEN"
                        },
                        {
                                "account_type" : "Savings",
                                "account_balance" : 457759.456102222,
                                "currency" : "YEN"
                        }
                ]
        },
        {
                "_id" : ObjectId("5e4b6a74f2defd8af15bc490"),
                "first_name" : "WAYNE",
                "last_name" : "SMITH",
                "accounts" : [
                        {
                                "account_type" : "Checking",
                                "account_balance" : 8718134.743531529,
                                "currency" : "PESO"
                        },
                        {
                                "account_type" : "Savings",
                                "account_balance" : 4750665.314403498,
                                "currency" : "POUNDS STERLING"
                        },
                        {
                                "account_type" : "Checking",
                                "account_balance" : 5353076.090307696,
                                "currency" : "USD"
                        },
                        {
                                "account_type" : "Savings",
                                "account_balance" : 870743.1787668297,
                                "currency" : "PESO"
                        },
                        {
                                "account_type" : "Investment",
                                "account_balance" : 8979256.60094206,
                                "currency" : "YUAN"
                        },
                        {
                                "account_type" : "401K",
                                "account_balance" : 5637978.156680841,
                                "currency" : "YUAN"
                        },
                        {
                                "account_type" : "Savings",
                                "account_balance" : 6639584.349077184,
                                "currency" : "YUAN"
                        },
                        {
                                "account_type" : "Checking",
                                "account_balance" : 6246074.199986478,
                                "currency" : "USD"
                        },
                        {
                                "account_type" : "401K",
                                "account_balance" : 4843615.665957961,
                                "currency" : "PESO"
                        }
                ]
        },
        {
                "_id" : ObjectId("5e4b6a74f2defd8af15bc491"),
                "first_name" : "RANDY",
                "last_name" : "SMITH",
                "accounts" : [
                        {
                                "account_type" : "401K",
                                "account_balance" : 9405881.052418716,
                                "currency" : "POUNDS STERLING"
                        },
                        {
                                "account_type" : "Checking",
                                "account_balance" : 8640157.65699562,
                                "currency" : "EURO"
                        },
                        {
                                "account_type" : "401K",
                                "account_balance" : 1957383.5980403381,
                                "currency" : "EURO"
                        },
                        {
                                "account_type" : "Investment",
                                "account_balance" : 4654358.139021369,
                                "currency" : "YUAN"
                        },
                        {
                                "account_type" : "Investment",
                                "account_balance" : 9629331.986474104,
                                "currency" : "POUNDS STERLING"
                        },
                        {
                                "account_type" : "Checking",
                                "account_balance" : 5197190.450928983,
                                "currency" : "YEN"
                        }
                ]
        },
        {
                "_id" : ObjectId("5e4b6a74f2defd8af15bc492"),
                "first_name" : "NICHOLAS",
                "last_name" : "SMITH",
                "accounts" : [
                        {
                                "account_type" : "401K",
                                "account_balance" : 9417728.955185927,
                                "currency" : "EURO"
                        },
                        {
                                "account_type" : "401K",
                                "account_balance" : 6543907.073655406,
                                "currency" : "YEN"
                        },
                        {
                                "account_type" : "Investment",
                                "account_balance" : 1816187.9409926806,
                                "currency" : "YEN"
                        },
                        {
                                "account_type" : "401K",
                                "account_balance" : 7307500.618382373,
                                "currency" : "PESO"
                        }
                ]
        },
        {
                "_id" : ObjectId("5e4b6a74f2defd8af15bc493"),
                "first_name" : "STEVE",
                "last_name" : "SMITH",
                "accounts" : [
                        {
                                "account_type" : "401K",
                                "account_balance" : 3826231.036020005,
                                "currency" : "YEN"
                        },
                        {
                                "account_type" : "401K",
                                "account_balance" : 8896281.649143375,
                                "currency" : "EURO"
                        },
                        {
                                "account_type" : "Investment",
                                "account_balance" : 1537637.4031393086,
                                "currency" : "PESO"
                        },
                        {
                                "account_type" : "401K",
                                "account_balance" : 9273181.780520443,
                                "currency" : "YEN"
                        },
                        {
                                "account_type" : "Checking",
                                "account_balance" : 9402436.199990101,
                                "currency" : "USD"
                        },
                        {
                                "account_type" : "Investment",
                                "account_balance" : 4060454.081289488,
                                "currency" : "EURO"
                        },
                        {
                                "account_type" : "Savings",
                                "account_balance" : 1429551.4058350318,
                                "currency" : "PESO"
                        }
                ]
        },
        {
                "_id" : ObjectId("5e4b6a74f2defd8af15bc494"),
                "first_name" : "LOUIS",
                "last_name" : "SMITH",
                "accounts" : [
                        {
                                "account_type" : "Savings",
                                "account_balance" : 9305130.274378829,
                                "currency" : "EURO"
                        },
                        {
                                "account_type" : "Savings",
                                "account_balance" : 8237458.165278263,
                                "currency" : "POUNDS STERLING"
                        },
                        {
                                "account_type" : "401K",
                                "account_balance" : 8975692.129453924,
                                "currency" : "POUNDS STERLING"
                        },
                        {
                                "account_type" : "Checking",
                                "account_balance" : 829182.456682625,
                                "currency" : "YUAN"
                        },
                        {
                                "account_type" : "Savings",
                                "account_balance" : 8337753.587160666,
                                "currency" : "YUAN"
                        },
                        {
                                "account_type" : "401K",
                                "account_balance" : 2771089.53097509,
                                "currency" : "USD"
                        },
                        {
                                "account_type" : "401K",
                                "account_balance" : 8493785.914486824,
                                "currency" : "PESO"
                        },
                        {
                                "account_type" : "Savings",
                                "account_balance" : 643055.1791120963,
                                "currency" : "POUNDS STERLING"
                        }
                ]
        },
        {
                "_id" : ObjectId("5e4b6a74f2defd8af15bc495"),
                "first_name" : "HOWARD",
                "last_name" : "SMITH",
                "accounts" : [
                        {
                                "account_type" : "Investment",
                                "account_balance" : 3746059.1902676197,
                                "currency" : "POUNDS STERLING"
                        },
                        {
                                "account_type" : "401K",
                                "account_balance" : 754415.2080037405,
                                "currency" : "YEN"
                        },
                        {
                                "account_type" : "401K",
                                "account_balance" : 1184064.8091044244,
                                "currency" : "YUAN"
                        },
                        {
                                "account_type" : "Investment",
                                "account_balance" : 321560.6468475284,
                                "currency" : "YUAN"
                        },
                        {
                                "account_type" : "Investment",
                                "account_balance" : 1318759.6815631196,
                                "currency" : "EURO"
                        },
                        {
                                "account_type" : "401K",
                                "account_balance" : 8192879.038673103,
                                "currency" : "USD"
                        },
                        {
                                "account_type" : "401K",
                                "account_balance" : 18680.030940330354,
                                "currency" : "USD"
                        }
                ]
        },
        {
                "_id" : ObjectId("5e4b6a74f2defd8af15bc496"),
                "first_name" : "CARLOS",
                "last_name" : "SMITH",
                "accounts" : [
                        {
                                "account_type" : "401K",
                                "account_balance" : 7008538.816556148,
                                "currency" : "PESO"
                        },
                        {
                                "account_type" : "Investment",
                                "account_balance" : 8374585.46346579,
                                "currency" : "YEN"
                        },
                        {
                                "account_type" : "Savings",
                                "account_balance" : 5544621.902192661,
                                "currency" : "USD"
                        },
                        {
                                "account_type" : "Savings",
                                "account_balance" : 6688461.815316052,
                                "currency" : "EURO"
                        },
                        {
                                "account_type" : "Investment",
                                "account_balance" : 1550725.9857766782,
                                "currency" : "YEN"
                        },
                        {
                                "account_type" : "Savings",
                                "account_balance" : 1110822.8454611201,
                                "currency" : "POUNDS STERLING"
                        },
                        {
                                "account_type" : "Investment",
                                "account_balance" : 7343729.277116241,
                                "currency" : "YEN"
                        },
                        {
                                "account_type" : "Investment",
                                "account_balance" : 3738664.6108365655,
                                "currency" : "EURO"
                        },
                        {
                                "account_type" : "Savings",
                                "account_balance" : 4246397.145601486,
                                "currency" : "EURO"
                        }
                ]
        },
        {
                "_id" : ObjectId("5e4b6a74f2defd8af15bc497"),
                "first_name" : "BOBBY",
                "last_name" : "SMITH",
                "accounts" : [
                        {
                                "account_type" : "401K",
                                "account_balance" : 1294682.0827057175,
                                "currency" : "EURO"
                        },
                        {
                                "account_type" : "Investment",
                                "account_balance" : 6348353.529675549,
                                "currency" : "YUAN"
                        },
                        {
                                "account_type" : "Checking",
                                "account_balance" : 7823290.717769854,
                                "currency" : "PESO"
                        }
                ]
        },
        {
                "_id" : ObjectId("5e4b6a74f2defd8af15bc498"),
                "first_name" : "CRAIG",
                "last_name" : "SMITH",
                "accounts" : [
                        {
                                "account_type" : "Savings",
                                "account_balance" : 4225179.940764525,
                                "currency" : "EURO"
                        },
                        {
                                "account_type" : "Savings",
                                "account_balance" : 6503446.6462188065,
                                "currency" : "YEN"
                        }
                ]
        },
        {
                "_id" : ObjectId("5e4b6a74f2defd8af15bc499"),
                "first_name" : "RUSSELL",
                "last_name" : "SMITH",
                "accounts" : [
                        {
                                "account_type" : "Savings",
                                "account_balance" : 5147278.785999021,
                                "currency" : "PESO"
                        },
                        {
                                "account_type" : "Checking",
                                "account_balance" : 5488293.159938371,
                                "currency" : "POUNDS STERLING"
                        },
                        {
                                "account_type" : "Checking",
                                "account_balance" : 7188065.800058873,
                                "currency" : "YEN"
                        },
                        {
                                "account_type" : "Investment",
                                "account_balance" : 9382680.456659064,
                                "currency" : "USD"
                        },
                        {
                                "account_type" : "Investment",
                                "account_balance" : 560591.441865029,
                                "currency" : "USD"
                        },
                        {
                                "account_type" : "Checking",
                                "account_balance" : 9832767.49887925,
                                "currency" : "YEN"
                        }
                ]
        },
        {
                "_id" : ObjectId("5e4b6a74f2defd8af15bc49a"),
                "first_name" : "VICTOR",
                "last_name" : "SMITH",
                "accounts" : [
                        {
                                "account_type" : "Investment",
                                "account_balance" : 1563523.811863635,
                                "currency" : "EURO"
                        },
                        {
                                "account_type" : "Checking",
                                "account_balance" : 2557147.47628975,
                                "currency" : "EURO"
                        },
                        {
                                "account_type" : "Savings",
                                "account_balance" : 2973630.2031286582,
                                "currency" : "POUNDS STERLING"
                        },
                        {
                                "account_type" : "Savings",
                                "account_balance" : 9723364.315891268,
                                "currency" : "EURO"
                        },
                        {
                                "account_type" : "Savings",
                                "account_balance" : 4035239.6799432067,
                                "currency" : "POUNDS STERLING"
                        },
                        {
                                "account_type" : "401K",
                                "account_balance" : 2026312.0484784048,
                                "currency" : "USD"
                        }
                ]
        },
        {
                "_id" : ObjectId("5e4b6a74f2defd8af15bc49b"),
                "first_name" : "PHILLIP",
                "last_name" : "SMITH",
                "accounts" : [
                        {
                                "account_type" : "Checking",
                                "account_balance" : 9015319.053537576,
                                "currency" : "EURO"
                        },
                        {
                                "account_type" : "401K",
                                "account_balance" : 2568909.848728569,
                                "currency" : "YEN"
                        },
                        {
                                "account_type" : "Investment",
                                "account_balance" : 1767504.003565464,
                                "currency" : "YEN"
                        },
                        {
                                "account_type" : "Checking",
                                "account_balance" : 4729369.634005941,
                                "currency" : "YUAN"
                        },
                        {
                                "account_type" : "401K",
                                "account_balance" : 5978714.747391947,
                                "currency" : "PESO"
                        }
                ]
        },
        {
                "_id" : ObjectId("5e4b6a74f2defd8af15bc49c"),
                "first_name" : "SHAWN",
                "last_name" : "SMITH",
                "accounts" : [
                        {
                                "account_type" : "Investment",
                                "account_balance" : 3880964.9467324093,
                                "currency" : "YEN"
                        }
                ]
        },
        {
                "_id" : ObjectId("5e4b6a74f2defd8af15bc49d"),
                "first_name" : "ERNEST",
                "last_name" : "SMITH",
                "accounts" : [
                        {
                                "account_type" : "Savings",
                                "account_balance" : 7908379.592321927,
                                "currency" : "USD"
                        },
                        {
                                "account_type" : "Savings",
                                "account_balance" : 7218993.431764101,
                                "currency" : "PESO"
                        },
                        {
                                "account_type" : "Savings",
                                "account_balance" : 5246101.111829398,
                                "currency" : "YEN"
                        },
                        {
                                "account_type" : "Investment",
                                "account_balance" : 3119252.1542057553,
                                "currency" : "POUNDS STERLING"
                        },
                        {
                                "account_type" : "Checking",
                                "account_balance" : 3085832.5130876377,
                                "currency" : "EURO"
                        },
                        {
                                "account_type" : "Checking",
                                "account_balance" : 8640990.850683842,
                                "currency" : "YEN"
                        }
                ]
        },
        {
                "_id" : ObjectId("5e4b6a74f2defd8af15bc49e"),
                "first_name" : "ALAN",
                "last_name" : "SMITH",
                "accounts" : [
                        {
                                "account_type" : "Savings",
                                "account_balance" : 9689557.419243818,
                                "currency" : "YUAN"
                        },
                        {
                                "account_type" : "Savings",
                                "account_balance" : 2826694.1048074523,
                                "currency" : "YUAN"
                        }
                ]
        },
        {
                "_id" : ObjectId("5e4b6a74f2defd8af15bc49f"),
                "first_name" : "MARTIN",
                "last_name" : "SMITH",
                "accounts" : [
                        {
                                "account_type" : "401K",
                                "account_balance" : 7241112.02637799,
                                "currency" : "YEN"
                        },
                        {
                                "account_type" : "Investment",
                                "account_balance" : 750630.3926014036,
                                "currency" : "EURO"
                        },
                        {
                                "account_type" : "Investment",
                                "account_balance" : 8336610.942951521,
                                "currency" : "PESO"
                        },
                        {
                                "account_type" : "Investment",
                                "account_balance" : 9552143.44835496,
                                "currency" : "YEN"
                        },
                        {
                                "account_type" : "Investment",
                                "account_balance" : 9195555.974854711,
                                "currency" : "USD"
                        },
                        {
                                "account_type" : "Checking",
                                "account_balance" : 709649.7191134226,
                                "currency" : "PESO"
                        },
                        {
                                "account_type" : "Investment",
                                "account_balance" : 6225702.07484091,
                                "currency" : "EURO"
                        },
                        {
                                "account_type" : "Checking",
                                "account_balance" : 7382430.443370238,
                                "currency" : "EURO"
                        }
                ]
        },
        {
                "_id" : ObjectId("5e4b6a74f2defd8af15bc4a0"),
                "first_name" : "JOHNNY",
                "last_name" : "SMITH",
                "accounts" : [
                        {
                                "account_type" : "Savings",
                                "account_balance" : 8446771.828955682,
                                "currency" : "EURO"
                        }
                ]
        },
        {
                "_id" : ObjectId("5e4b6a74f2defd8af15bc4a1"),
                "first_name" : "CHRIS",
                "last_name" : "SMITH",
                "accounts" : [
                        {
                                "account_type" : "Investment",
                                "account_balance" : 9920646.066105584,
                                "currency" : "YUAN"
                        },
                        {
                                "account_type" : "Investment",
                                "account_balance" : 5173869.102224689,
                                "currency" : "YEN"
                        }
                ]
        },
        {
                "_id" : ObjectId("5e4b6a74f2defd8af15bc4a2"),
                "first_name" : "EARL",
                "last_name" : "SMITH",
                "accounts" : [
                        {
                                "account_type" : "Savings",
                                "account_balance" : 4258860.103048694,
                                "currency" : "EURO"
                        },
                        {
                                "account_type" : "Investment",
                                "account_balance" : 8561724.855743071,
                                "currency" : "USD"
                        }
                ]
        },
        {
                "_id" : ObjectId("5e4b6a74f2defd8af15bc4a3"),
                "first_name" : "TODD",
                "last_name" : "SMITH",
                "accounts" : [
                        {
                                "account_type" : "Savings",
                                "account_balance" : 6811081.8752698405,
                                "currency" : "USD"
                        },
                        {
                                "account_type" : "401K",
                                "account_balance" : 5306183.43060169,
                                "currency" : "USD"
                        },
                        {
                                "account_type" : "401K",
                                "account_balance" : 307345.9253636927,
                                "currency" : "POUNDS STERLING"
                        },
                        {
                                "account_type" : "401K",
                                "account_balance" : 6787727.033880806,
                                "currency" : "YUAN"
                        },
                        {
                                "account_type" : "Investment",
                                "account_balance" : 2817954.0205043377,
                                "currency" : "POUNDS STERLING"
                        }
                ]
        },
        {
                "_id" : ObjectId("5e4b6a74f2defd8af15bc4a4"),
                "first_name" : "JESSE",
                "last_name" : "SMITH",
                "accounts" : [
                        {
                                "account_type" : "401K",
                                "account_balance" : 6228235.018205168,
                                "currency" : "YUAN"
                        },
                        {
                                "account_type" : "Investment",
                                "account_balance" : 2908487.9813747946,
                                "currency" : "POUNDS STERLING"
                        },
                        {
                                "account_type" : "Investment",
                                "account_balance" : 4901979.839106901,
                                "currency" : "PESO"
                        },
                        {
                                "account_type" : "Checking",
                                "account_balance" : 4142316.971181014,
                                "currency" : "POUNDS STERLING"
                        },
                        {
                                "account_type" : "Investment",
                                "account_balance" : 5629530.381908378,
                                "currency" : "POUNDS STERLING"
                        },
                        {
                                "account_type" : "Investment",
                                "account_balance" : 1041298.2275629817,
                                "currency" : "PESO"
                        },
                        {
                                "account_type" : "401K",
                                "account_balance" : 2826409.7604123247,
                                "currency" : "YUAN"
                        },
                        {
                                "account_type" : "401K",
                                "account_balance" : 8147981.735055368,
                                "currency" : "EURO"
                        }
                ]
        },
        {
                "_id" : ObjectId("5e4b6a74f2defd8af15bc4a5"),
                "first_name" : "SEAN",
                "last_name" : "SMITH",
                "accounts" : [
                        {
                                "account_type" : "Checking",
                                "account_balance" : 3938606.346114838,
                                "currency" : "USD"
                        },
                        {
                                "account_type" : "Checking",
                                "account_balance" : 8386752.6422061045,
                                "currency" : "PESO"
                        },
                        {
                                "account_type" : "401K",
                                "account_balance" : 5706757.814382654,
                                "currency" : "YUAN"
                        },
                        {
                                "account_type" : "401K",
                                "account_balance" : 8759331.09966469,
                                "currency" : "USD"
                        },
                        {
                                "account_type" : "Checking",
                                "account_balance" : 5993457.458873597,
                                "currency" : "USD"
                        },
                        {
                                "account_type" : "Checking",
                                "account_balance" : 8504670.20582212,
                                "currency" : "YUAN"
                        },
                        {
                                "account_type" : "Investment",
                                "account_balance" : 5311651.101490249,
                                "currency" : "YEN"
                        }
                ]
        },
        {
                "_id" : ObjectId("5e4b6a74f2defd8af15bc4a6"),
                "first_name" : "JIMMY",
                "last_name" : "SMITH",
                "accounts" : [
                        {
                                "account_type" : "Checking",
                                "account_balance" : 4140390.0160723953,
                                "currency" : "YEN"
                        },
                        {
                                "account_type" : "Investment",
                                "account_balance" : 6252566.137011867,
                                "currency" : "PESO"
                        },
                        {
                                "account_type" : "Savings",
                                "account_balance" : 6787334.686345806,
                                "currency" : "PESO"
                        }
                ]
        },
        {
                "_id" : ObjectId("5e4b6a74f2defd8af15bc4a7"),
                "first_name" : "CLARENCE",
                "last_name" : "SMITH",
                "accounts" : [
                        {
                                "account_type" : "Savings",
                                "account_balance" : 671709.0219033749,
                                "currency" : "PESO"
                        },
                        {
                                "account_type" : "401K",
                                "account_balance" : 7766558.538258117,
                                "currency" : "YEN"
                        },
                        {
                                "account_type" : "Savings",
                                "account_balance" : 4226238.754308805,
                                "currency" : "PESO"
                        },
                        {
                                "account_type" : "Savings",
                                "account_balance" : 1159593.8312723748,
                                "currency" : "YUAN"
                        },
                        {
                                "account_type" : "401K",
                                "account_balance" : 8031744.044365328,
                                "currency" : "PESO"
                        },
                        {
                                "account_type" : "Savings",
                                "account_balance" : 5976663.681921139,
                                "currency" : "YUAN"
                        },
                        {
                                "account_type" : "401K",
                                "account_balance" : 6225370.694003855,
                                "currency" : "YUAN"
                        },
                        {
                                "account_type" : "Savings",
                                "account_balance" : 6595956.077114249,
                                "currency" : "EURO"
                        },
                        {
                                "account_type" : "Savings",
                                "account_balance" : 6412734.334764839,
                                "currency" : "PESO"
                        }
                ]
        },
        {
                "_id" : ObjectId("5e4b6a74f2defd8af15bc4a8"),
                "first_name" : "ANTONIO",
                "last_name" : "SMITH",
                "accounts" : [
                        {
                                "account_type" : "401K",
                                "account_balance" : 5958257.366658117,
                                "currency" : "EURO"
                        },
                        {
                                "account_type" : "Investment",
                                "account_balance" : 8879958.502037097,
                                "currency" : "YEN"
                        },
                        {
                                "account_type" : "Savings",
                                "account_balance" : 40573.729801390786,
                                "currency" : "YEN"
                        },
                        {
                                "account_type" : "Investment",
                                "account_balance" : 9711570.783730526,
                                "currency" : "PESO"
                        },
                        {
                                "account_type" : "Checking",
                                "account_balance" : 7746188.2105649365,
                                "currency" : "PESO"
                        },
                        {
                                "account_type" : "Checking",
                                "account_balance" : 6144632.643763933,
                                "currency" : "EURO"
                        },
                        {
                                "account_type" : "Checking",
                                "account_balance" : 406405.64762290707,
                                "currency" : "PESO"
                        },
                        {
                                "account_type" : "Checking",
                                "account_balance" : 7867642.310651257,
                                "currency" : "PESO"
                        }
                ]
        },
        {
                "_id" : ObjectId("5e4b6a74f2defd8af15bc4aa"),
                "first_name" : "PHILIP",
                "last_name" : "SMITH",
                "accounts" : [
                        {
                                "account_type" : "Savings",
                                "account_balance" : 9636237.423696352,
                                "currency" : "POUNDS STERLING"
                        },
                        {
                                "account_type" : "401K",
                                "account_balance" : 8431424.058212567,
                                "currency" : "POUNDS STERLING"
                        },
                        {
                                "account_type" : "Investment",
                                "account_balance" : 5257262.550765347,
                                "currency" : "YEN"
                        },
                        {
                                "account_type" : "Checking",
                                "account_balance" : 603446.8977762165,
                                "currency" : "PESO"
                        },
                        {
                                "account_type" : "Investment",
                                "account_balance" : 9035847.249704592,
                                "currency" : "USD"
                        },
                        {
                                "account_type" : "Checking",
                                "account_balance" : 1267505.417487238,
                                "currency" : "YEN"
                        },
                        {
                                "account_type" : "401K",
                                "account_balance" : 8297653.392931597,
                                "currency" : "POUNDS STERLING"
                        },
                        {
                                "account_type" : "Savings",
                                "account_balance" : 7065907.09397935,
                                "currency" : "PESO"
                        },
                        {
                                "account_type" : "Investment",
                                "account_balance" : 8421358.050092565,
                                "currency" : "POUNDS STERLING"
                        }
                ]
        }
]
20 test> const asArray = smiths.toArray()
21 test> asArray.filter
function filter() {
    [native code]
}
22 test> asArray.filter(a => a.first_name === 'PHILIP')
[
        {
                "_id" : ObjectId("5e4b6a74f2defd8af15bc4aa"),
                "first_name" : "PHILIP",
                "last_name" : "SMITH",
                "accounts" : [
                        {
                                "account_type" : "Savings",
                                "account_balance" : 9636237.423696352,
                                "currency" : "POUNDS STERLING"
                        },
                        {
                                "account_type" : "401K",
                                "account_balance" : 8431424.058212567,
                                "currency" : "POUNDS STERLING"
                        },
                        {
                                "account_type" : "Investment",
                                "account_balance" : 5257262.550765347,
                                "currency" : "YEN"
                        },
                        {
                                "account_type" : "Checking",
                                "account_balance" : 603446.8977762165,
                                "currency" : "PESO"
                        },
                        {
                                "account_type" : "Investment",
                                "account_balance" : 9035847.249704592,
                                "currency" : "USD"
                        },
                        {
                                "account_type" : "Checking",
                                "account_balance" : 1267505.417487238,
                                "currency" : "YEN"
                        },
                        {
                                "account_type" : "401K",
                                "account_balance" : 8297653.392931597,
                                "currency" : "POUNDS STERLING"
                        },
                        {
                                "account_type" : "Savings",
                                "account_balance" : 7065907.09397935,
                                "currency" : "PESO"
                        },
                        {
                                "account_type" : "Investment",
                                "account_balance" : 8421358.050092565,
                                "currency" : "POUNDS STERLING"
                        }
                ]
        }
]
23 test> asArray.filter(a => a.first_name === 'PHILIP').length
1
24 test> smiths.forEach(a => print(a.first_name))
25 test> smiths.count()
100
26 test> smiths.forEach(a => print(a.first_name))
27 test> smiths.forEach
function(func) {
    while (this.hasNext())
        func(this.next());
}
28 test> smiths.toArray().forEach(a => print(a.first_name))
CARL
HENRY
HAROLD
WALTER
STEPHEN
JERRY
JUAN
JOE
ARTHUR
DENNIS
ROGER
ALBERT
RYAN
JACK
JUSTIN
JONATHAN
GERALD
SAMUEL
TERRY
KEITH
WILLIE
BRUCE
RALPH
BENJAMIN
HARRY
ROY
FRED
ADAM
BILLY
BRANDON
AARON
LAWRENCE
JEREMY
EUGENE
WAYNE
RANDY
NICHOLAS
STEVE
LOUIS
HOWARD
CARLOS
BOBBY
CRAIG
RUSSELL
VICTOR
PHILLIP
SHAWN
ERNEST
ALAN
MARTIN
JOHNNY
CHRIS
EARL
TODD
JESSE
SEAN
JIMMY
CLARENCE
ANTONIO
PHILIP
29 test> load('D:\xampp\htdocs\class\javascript\105\mongoFunctions.js')
2020-02-19T20:55:14.674-0500 E  QUERY    [js] uncaught exception: SyntaxError: malformed hexadecimal character escape sequence :
@(shellhelp1):1:33
error2:SyntaxError: malformed hexadecimal character escape sequence :
@(shellhelp1):1:33

30 test> load('D:\\xampp\\htdocs\\class\\javascript\\105\\mongoFunctions.js')
true
31 test> createDocuments('class105', 20)
32 test> show collections
bank_data
class105
33 test> db.class105.find()
{ "_id" : ObjectId("5e4de74489fc012a22b5b93f"), "docNumber" : 0 }
{ "_id" : ObjectId("5e4de74489fc012a22b5b940"), "docNumber" : 1 }
{ "_id" : ObjectId("5e4de74489fc012a22b5b941"), "docNumber" : 2 }
{ "_id" : ObjectId("5e4de74489fc012a22b5b942"), "docNumber" : 3 }
{ "_id" : ObjectId("5e4de74489fc012a22b5b943"), "docNumber" : 4 }
{ "_id" : ObjectId("5e4de74489fc012a22b5b944"), "docNumber" : 5 }
{ "_id" : ObjectId("5e4de74489fc012a22b5b945"), "docNumber" : 6 }
{ "_id" : ObjectId("5e4de74489fc012a22b5b946"), "docNumber" : 7 }
{ "_id" : ObjectId("5e4de74489fc012a22b5b947"), "docNumber" : 8 }
{ "_id" : ObjectId("5e4de74489fc012a22b5b948"), "docNumber" : 9 }
{ "_id" : ObjectId("5e4de74489fc012a22b5b949"), "docNumber" : 10 }
{ "_id" : ObjectId("5e4de74489fc012a22b5b94a"), "docNumber" : 11 }
{ "_id" : ObjectId("5e4de74489fc012a22b5b94b"), "docNumber" : 12 }
{ "_id" : ObjectId("5e4de74489fc012a22b5b94c"), "docNumber" : 13 }
{ "_id" : ObjectId("5e4de74489fc012a22b5b94d"), "docNumber" : 14 }
{ "_id" : ObjectId("5e4de74489fc012a22b5b94e"), "docNumber" : 15 }
{ "_id" : ObjectId("5e4de74489fc012a22b5b94f"), "docNumber" : 16 }
{ "_id" : ObjectId("5e4de74489fc012a22b5b950"), "docNumber" : 17 }
{ "_id" : ObjectId("5e4de74489fc012a22b5b951"), "docNumber" : 18 }
{ "_id" : ObjectId("5e4de74489fc012a22b5b952"), "docNumber" : 19 }
34 test>
35 test> db.people.insertMany([{name: 'Joe', age: 25}, {name: 'Sam', age: 30}, {name: 'Bob', age: 28}])
{
        "acknowledged" : true,
        "insertedIds" : [
                ObjectId("5e4de7d089fc012a22b5b953"),
                ObjectId("5e4de7d089fc012a22b5b954"),
                ObjectId("5e4de7d089fc012a22b5b955")
        ]
}
36 test> db.find().pretty()
2020-02-19T20:58:51.996-0500 E  QUERY    [js] uncaught exception: TypeError: db.find is not a function :
@(shell):1:1
37 test> db.people.find().pretty()
{ "_id" : ObjectId("5e4de7d089fc012a22b5b953"), "name" : "Joe", "age" : 25 }
{ "_id" : ObjectId("5e4de7d089fc012a22b5b954"), "name" : "Sam", "age" : 30 }
{ "_id" : ObjectId("5e4de7d089fc012a22b5b955"), "name" : "Bob", "age" : 28 }
38 test> db.people.updateMany({}, {$inc: {age: 1}})
{ "acknowledged" : true, "matchedCount" : 3, "modifiedCount" : 3 }
39 test> db.people.find().pretty()
{ "_id" : ObjectId("5e4de7d089fc012a22b5b953"), "name" : "Joe", "age" : 26 }
{ "_id" : ObjectId("5e4de7d089fc012a22b5b954"), "name" : "Sam", "age" : 31 }
{ "_id" : ObjectId("5e4de7d089fc012a22b5b955"), "name" : "Bob", "age" : 29 }
40 test> db.people.updateMany({}, {$inc: {age: -1}})
{ "acknowledged" : true, "matchedCount" : 3, "modifiedCount" : 3 }
41 test> db.people.find().pretty()
{ "_id" : ObjectId("5e4de7d089fc012a22b5b953"), "name" : "Joe", "age" : 25 }
{ "_id" : ObjectId("5e4de7d089fc012a22b5b954"), "name" : "Sam", "age" : 30 }
{ "_id" : ObjectId("5e4de7d089fc012a22b5b955"), "name" : "Bob", "age" : 28 }
42 test> db.people.updateMany({}, {$set: {position: "Software Engineer"}})
{ "acknowledged" : true, "matchedCount" : 3, "modifiedCount" : 3 }
43 test> db.people.find().pretty()
{
        "_id" : ObjectId("5e4de7d089fc012a22b5b953"),
        "name" : "Joe",
        "age" : 25,
        "position" : "Software Engineer"
}
{
        "_id" : ObjectId("5e4de7d089fc012a22b5b954"),
        "name" : "Sam",
        "age" : 30,
        "position" : "Software Engineer"
}
{
        "_id" : ObjectId("5e4de7d089fc012a22b5b955"),
        "name" : "Bob",
        "age" : 28,
        "position" : "Software Engineer"
}
44 test> db.people.updateMany({}, {$set: {salary: 90000}})
{ "acknowledged" : true, "matchedCount" : 3, "modifiedCount" : 3 }
45 test> db.people.find().pretty()
{
        "_id" : ObjectId("5e4de7d089fc012a22b5b953"),
        "name" : "Joe",
        "age" : 25,
        "position" : "Software Engineer",
        "salary" : 90000
}
{
        "_id" : ObjectId("5e4de7d089fc012a22b5b954"),
        "name" : "Sam",
        "age" : 30,
        "position" : "Software Engineer",
        "salary" : 90000
}
{
        "_id" : ObjectId("5e4de7d089fc012a22b5b955"),
        "name" : "Bob",
        "age" : 28,
        "position" : "Software Engineer",
        "salary" : 90000
}
46 test> db.people.insert({name: 'Jaun', position: 'Manager', salary: 150000})
WriteResult({ "nInserted" : 1 })
47 test> db.people.find().pretty()
{
        "_id" : ObjectId("5e4de7d089fc012a22b5b953"),
        "name" : "Joe",
        "age" : 25,
        "position" : "Software Engineer",
        "salary" : 90000
}
{
        "_id" : ObjectId("5e4de7d089fc012a22b5b954"),
        "name" : "Sam",
        "age" : 30,
        "position" : "Software Engineer",
        "salary" : 90000
}
{
        "_id" : ObjectId("5e4de7d089fc012a22b5b955"),
        "name" : "Bob",
        "age" : 28,
        "position" : "Software Engineer",
        "salary" : 90000
}
{
        "_id" : ObjectId("5e4de8cf89fc012a22b5b956"),
        "name" : "Jaun",
        "position" : "Manager",
        "salary" : 150000
}
48 test> db.people.updateMany({position: 'Software Engineer'}, {$mul: {salary: 1.05}})
{ "acknowledged" : true, "matchedCount" : 3, "modifiedCount" : 3 }
49 test> db.people.find().pretty()
{
        "_id" : ObjectId("5e4de7d089fc012a22b5b953"),
        "name" : "Joe",
        "age" : 25,
        "position" : "Software Engineer",
        "salary" : 94500
}
{
        "_id" : ObjectId("5e4de7d089fc012a22b5b954"),
        "name" : "Sam",
        "age" : 30,
        "position" : "Software Engineer",
        "salary" : 94500
}
{
        "_id" : ObjectId("5e4de7d089fc012a22b5b955"),
        "name" : "Bob",
        "age" : 28,
        "position" : "Software Engineer",
        "salary" : 94500
}
{
        "_id" : ObjectId("5e4de8cf89fc012a22b5b956"),
        "name" : "Jaun",
        "position" : "Manager",
        "salary" : 150000
}
50 test> db.people.updateMany({position: 'Software Engineer'}, {$mul: {salary: .5}})
{ "acknowledged" : true, "matchedCount" : 3, "modifiedCount" : 3 }
51 test> db.people.find().pretty()
{
        "_id" : ObjectId("5e4de7d089fc012a22b5b953"),
        "name" : "Joe",
        "age" : 25,
        "position" : "Software Engineer",
        "salary" : 47250
}
{
        "_id" : ObjectId("5e4de7d089fc012a22b5b954"),
        "name" : "Sam",
        "age" : 30,
        "position" : "Software Engineer",
        "salary" : 47250
}
{
        "_id" : ObjectId("5e4de7d089fc012a22b5b955"),
        "name" : "Bob",
        "age" : 28,
        "position" : "Software Engineer",
        "salary" : 47250
}
{
        "_id" : ObjectId("5e4de8cf89fc012a22b5b956"),
        "name" : "Jaun",
        "position" : "Manager",
        "salary" : 150000
}
52 test> db.people.find({salary: {$gt: 50000}}).pretty()
{
        "_id" : ObjectId("5e4de8cf89fc012a22b5b956"),
        "name" : "Jaun",
        "position" : "Manager",
        "salary" : 150000
}
53 test> db.people.find({salary: {$lt: 50000}}).pretty()
{
        "_id" : ObjectId("5e4de7d089fc012a22b5b953"),
        "name" : "Joe",
        "age" : 25,
        "position" : "Software Engineer",
        "salary" : 47250
}
{
        "_id" : ObjectId("5e4de7d089fc012a22b5b954"),
        "name" : "Sam",
        "age" : 30,
        "position" : "Software Engineer",
        "salary" : 47250
}
{
        "_id" : ObjectId("5e4de7d089fc012a22b5b955"),
        "name" : "Bob",
        "age" : 28,
        "position" : "Software Engineer",
        "salary" : 47250
}
54 test> db.people.find({salary: {$lt: 47500}}).pretty()
{
        "_id" : ObjectId("5e4de7d089fc012a22b5b953"),
        "name" : "Joe",
        "age" : 25,
        "position" : "Software Engineer",
        "salary" : 47250
}
{
        "_id" : ObjectId("5e4de7d089fc012a22b5b954"),
        "name" : "Sam",
        "age" : 30,
        "position" : "Software Engineer",
        "salary" : 47250
}
{
        "_id" : ObjectId("5e4de7d089fc012a22b5b955"),
        "name" : "Bob",
        "age" : 28,
        "position" : "Software Engineer",
        "salary" : 47250
}
55 test> db.people.find({salary: {$lt: 47250}}).pretty()
56 test> db.people.find({salary: {$lte: 47250}}).pretty()
{
        "_id" : ObjectId("5e4de7d089fc012a22b5b953"),
        "name" : "Joe",
        "age" : 25,
        "position" : "Software Engineer",
        "salary" : 47250
}
{
        "_id" : ObjectId("5e4de7d089fc012a22b5b954"),
        "name" : "Sam",
        "age" : 30,
        "position" : "Software Engineer",
        "salary" : 47250
}
{
        "_id" : ObjectId("5e4de7d089fc012a22b5b955"),
        "name" : "Bob",
        "age" : 28,
        "position" : "Software Engineer",
        "salary" : 47250
}
57 test> db.people.find({salary: 47520}).pretty()
58 test> db.people.find({salary: 47250}).pretty()
{
        "_id" : ObjectId("5e4de7d089fc012a22b5b953"),
        "name" : "Joe",
        "age" : 25,
        "position" : "Software Engineer",
        "salary" : 47250
}
{
        "_id" : ObjectId("5e4de7d089fc012a22b5b954"),
        "name" : "Sam",
        "age" : 30,
        "position" : "Software Engineer",
        "salary" : 47250
}
{
        "_id" : ObjectId("5e4de7d089fc012a22b5b955"),
        "name" : "Bob",
        "age" : 28,
        "position" : "Software Engineer",
        "salary" : 47250
}
59 test> db.people.find({salary: {$eq: 47250}}).pretty()
{
        "_id" : ObjectId("5e4de7d089fc012a22b5b953"),
        "name" : "Joe",
        "age" : 25,
        "position" : "Software Engineer",
        "salary" : 47250
}
{
        "_id" : ObjectId("5e4de7d089fc012a22b5b954"),
        "name" : "Sam",
        "age" : 30,
        "position" : "Software Engineer",
        "salary" : 47250
}
{
        "_id" : ObjectId("5e4de7d089fc012a22b5b955"),
        "name" : "Bob",
        "age" : 28,
        "position" : "Software Engineer",
        "salary" : 47250
}
60 test> db.people.find({salary: {$ne: 47250}}).pretty()
{
        "_id" : ObjectId("5e4de8cf89fc012a22b5b956"),
        "name" : "Jaun",
        "position" : "Manager",
        "salary" : 150000
}
61 test> db.people.find({ $and: {salary: { $ne: 47250 }}, {salary: { $exists: true }}})
2020-02-19T21:20:59.199-0500 E  QUERY    [js] uncaught exception: SyntaxError: expected property name, got '{' :
@(shell):1:49
62 test> db.people.find({ $and: [{salary: { $ne: 47250 }}, {salary: { $exists: true }}]})
{ "_id" : ObjectId("5e4de8cf89fc012a22b5b956"), "name" : "Jaun", "position" : "Manager", "salary" : 150000 }
63 test> db.people.insert({name: 'Roger'})
WriteResult({ "nInserted" : 1 })
64 test> db.people.find({ $and: [{salary: { $ne: 47250 }}, {salary: { $exists: true }}]})
{ "_id" : ObjectId("5e4de8cf89fc012a22b5b956"), "name" : "Jaun", "position" : "Manager", "salary" : 150000 }
65 test> db.people.find({ $or: [{salary: { $ne: 47250 }}, {salary: { $exists: true }}]})
{ "_id" : ObjectId("5e4de7d089fc012a22b5b953"), "name" : "Joe", "age" : 25, "position" : "Software Engineer", "salary" : 47250 }
{ "_id" : ObjectId("5e4de7d089fc012a22b5b954"), "name" : "Sam", "age" : 30, "position" : "Software Engineer", "salary" : 47250 }
{ "_id" : ObjectId("5e4de7d089fc012a22b5b955"), "name" : "Bob", "age" : 28, "position" : "Software Engineer", "salary" : 47250 }
{ "_id" : ObjectId("5e4de8cf89fc012a22b5b956"), "name" : "Jaun", "position" : "Manager", "salary" : 150000 }
{ "_id" : ObjectId("5e4ded6689fc012a22b5b957"), "name" : "Roger" }
66 test> db.people.find({ $or: [{salary: { $ne: 47250 }}, {salary: { $exists: false }}]})
{ "_id" : ObjectId("5e4de8cf89fc012a22b5b956"), "name" : "Jaun", "position" : "Manager", "salary" : 150000 }
{ "_id" : ObjectId("5e4ded6689fc012a22b5b957"), "name" : "Roger" }
67 test>
68 test>
69 test> db.people.updateMany({}, {$set: {references: ['Daniel', 'Bob']}})
{ "acknowledged" : true, "matchedCount" : 5, "modifiedCount" : 5 }
70 test> db.people.find().pretty()
{
        "_id" : ObjectId("5e4de7d089fc012a22b5b953"),
        "name" : "Joe",
        "age" : 25,
        "position" : "Software Engineer",
        "salary" : 47250,
        "references" : [
                "Daniel",
                "Bob"
        ]
}
{
        "_id" : ObjectId("5e4de7d089fc012a22b5b954"),
        "name" : "Sam",
        "age" : 30,
        "position" : "Software Engineer",
        "salary" : 47250,
        "references" : [
                "Daniel",
                "Bob"
        ]
}
{
        "_id" : ObjectId("5e4de7d089fc012a22b5b955"),
        "name" : "Bob",
        "age" : 28,
        "position" : "Software Engineer",
        "salary" : 47250,
        "references" : [
                "Daniel",
                "Bob"
        ]
}
{
        "_id" : ObjectId("5e4de8cf89fc012a22b5b956"),
        "name" : "Jaun",
        "position" : "Manager",
        "salary" : 150000,
        "references" : [
                "Daniel",
                "Bob"
        ]
}
{
        "_id" : ObjectId("5e4ded6689fc012a22b5b957"),
        "name" : "Roger",
        "references" : [
                "Daniel",
                "Bob"
        ]
}
71 test> db.people.updateMany({}, {$push: {references: 'Jared'}})
{ "acknowledged" : true, "matchedCount" : 5, "modifiedCount" : 5 }
72 test> db.people.find().pretty()
{
        "_id" : ObjectId("5e4de7d089fc012a22b5b953"),
        "name" : "Joe",
        "age" : 25,
        "position" : "Software Engineer",
        "salary" : 47250,
        "references" : [
                "Daniel",
                "Bob",
                "Jared"
        ]
}
{
        "_id" : ObjectId("5e4de7d089fc012a22b5b954"),
        "name" : "Sam",
        "age" : 30,
        "position" : "Software Engineer",
        "salary" : 47250,
        "references" : [
                "Daniel",
                "Bob",
                "Jared"
        ]
}
{
        "_id" : ObjectId("5e4de7d089fc012a22b5b955"),
        "name" : "Bob",
        "age" : 28,
        "position" : "Software Engineer",
        "salary" : 47250,
        "references" : [
                "Daniel",
                "Bob",
                "Jared"
        ]
}
{
        "_id" : ObjectId("5e4de8cf89fc012a22b5b956"),
        "name" : "Jaun",
        "position" : "Manager",
        "salary" : 150000,
        "references" : [
                "Daniel",
                "Bob",
                "Jared"
        ]
}
{
        "_id" : ObjectId("5e4ded6689fc012a22b5b957"),
        "name" : "Roger",
        "references" : [
                "Daniel",
                "Bob",
                "Jared"
        ]
}
73 test> db.people.updateMany({}, {$push: {references: ['Jared', 'Ivanka']}})
{ "acknowledged" : true, "matchedCount" : 5, "modifiedCount" : 5 }
74 test> db.people.find().pretty()
{
        "_id" : ObjectId("5e4de7d089fc012a22b5b953"),
        "name" : "Joe",
        "age" : 25,
        "position" : "Software Engineer",
        "salary" : 47250,
        "references" : [
                "Daniel",
                "Bob",
                "Jared",
                [
                        "Jared",
                        "Ivanka"
                ]
        ]
}
{
        "_id" : ObjectId("5e4de7d089fc012a22b5b954"),
        "name" : "Sam",
        "age" : 30,
        "position" : "Software Engineer",
        "salary" : 47250,
        "references" : [
                "Daniel",
                "Bob",
                "Jared",
                [
                        "Jared",
                        "Ivanka"
                ]
        ]
}
{
        "_id" : ObjectId("5e4de7d089fc012a22b5b955"),
        "name" : "Bob",
        "age" : 28,
        "position" : "Software Engineer",
        "salary" : 47250,
        "references" : [
                "Daniel",
                "Bob",
                "Jared",
                [
                        "Jared",
                        "Ivanka"
                ]
        ]
}
{
        "_id" : ObjectId("5e4de8cf89fc012a22b5b956"),
        "name" : "Jaun",
        "position" : "Manager",
        "salary" : 150000,
        "references" : [
                "Daniel",
                "Bob",
                "Jared",
                [
                        "Jared",
                        "Ivanka"
                ]
        ]
}
{
        "_id" : ObjectId("5e4ded6689fc012a22b5b957"),
        "name" : "Roger",
        "references" : [
                "Daniel",
                "Bob",
                "Jared",
                [
                        "Jared",
                        "Ivanka"
                ]
        ]
}
75 test> db.people.updateMany({}, {$push: {references: {$each: ['Jared', 'Ivanka']}}})
{ "acknowledged" : true, "matchedCount" : 5, "modifiedCount" : 5 }
76 test> db.people.find().pretty()
{
        "_id" : ObjectId("5e4de7d089fc012a22b5b953"),
        "name" : "Joe",
        "age" : 25,
        "position" : "Software Engineer",
        "salary" : 47250,
        "references" : [
                "Daniel",
                "Bob",
                "Jared",
                [
                        "Jared",
                        "Ivanka"
                ],
                "Jared",
                "Ivanka"
        ]
}
{
        "_id" : ObjectId("5e4de7d089fc012a22b5b954"),
        "name" : "Sam",
        "age" : 30,
        "position" : "Software Engineer",
        "salary" : 47250,
        "references" : [
                "Daniel",
                "Bob",
                "Jared",
                [
                        "Jared",
                        "Ivanka"
                ],
                "Jared",
                "Ivanka"
        ]
}
{
        "_id" : ObjectId("5e4de7d089fc012a22b5b955"),
        "name" : "Bob",
        "age" : 28,
        "position" : "Software Engineer",
        "salary" : 47250,
        "references" : [
                "Daniel",
                "Bob",
                "Jared",
                [
                        "Jared",
                        "Ivanka"
                ],
                "Jared",
                "Ivanka"
        ]
}
{
        "_id" : ObjectId("5e4de8cf89fc012a22b5b956"),
        "name" : "Jaun",
        "position" : "Manager",
        "salary" : 150000,
        "references" : [
                "Daniel",
                "Bob",
                "Jared",
                [
                        "Jared",
                        "Ivanka"
                ],
                "Jared",
                "Ivanka"
        ]
}
{
        "_id" : ObjectId("5e4ded6689fc012a22b5b957"),
        "name" : "Roger",
        "references" : [
                "Daniel",
                "Bob",
                "Jared",
                [
                        "Jared",
                        "Ivanka"
                ],
                "Jared",
                "Ivanka"
        ]
}
77 test> db.people.updateMany({}, {$addToSet: {references: {$each: ['Jared', 'Ivanka', 'Peter']}}})
{ "acknowledged" : true, "matchedCount" : 5, "modifiedCount" : 5 }
78 test> db.people.find().pretty()
{
        "_id" : ObjectId("5e4de7d089fc012a22b5b953"),
        "name" : "Joe",
        "age" : 25,
        "position" : "Software Engineer",
        "salary" : 47250,
        "references" : [
                "Daniel",
                "Bob",
                "Jared",
                [
                        "Jared",
                        "Ivanka"
                ],
                "Jared",
                "Ivanka",
                "Peter"
        ]
}
{
        "_id" : ObjectId("5e4de7d089fc012a22b5b954"),
        "name" : "Sam",
        "age" : 30,
        "position" : "Software Engineer",
        "salary" : 47250,
        "references" : [
                "Daniel",
                "Bob",
                "Jared",
                [
                        "Jared",
                        "Ivanka"
                ],
                "Jared",
                "Ivanka",
                "Peter"
        ]
}
{
        "_id" : ObjectId("5e4de7d089fc012a22b5b955"),
        "name" : "Bob",
        "age" : 28,
        "position" : "Software Engineer",
        "salary" : 47250,
        "references" : [
                "Daniel",
                "Bob",
                "Jared",
                [
                        "Jared",
                        "Ivanka"
                ],
                "Jared",
                "Ivanka",
                "Peter"
        ]
}
{
        "_id" : ObjectId("5e4de8cf89fc012a22b5b956"),
        "name" : "Jaun",
        "position" : "Manager",
        "salary" : 150000,
        "references" : [
                "Daniel",
                "Bob",
                "Jared",
                [
                        "Jared",
                        "Ivanka"
                ],
                "Jared",
                "Ivanka",
                "Peter"
        ]
}
{
        "_id" : ObjectId("5e4ded6689fc012a22b5b957"),
        "name" : "Roger",
        "references" : [
                "Daniel",
                "Bob",
                "Jared",
                [
                        "Jared",
                        "Ivanka"
                ],
                "Jared",
                "Ivanka",
                "Peter"
        ]
}
79 test> dp.people.updateMany({}, {$pop: {references: 1}})
2020-02-19T21:29:02.403-0500 E  QUERY    [js] uncaught exception: ReferenceError: dp is not defined :
@(shell):1:1
80 test> db.people.updateMany({}, {$pop: {references: 1}})
{ "acknowledged" : true, "matchedCount" : 5, "modifiedCount" : 5 }
81 test> db.people.find().pretty()
{
        "_id" : ObjectId("5e4de7d089fc012a22b5b953"),
        "name" : "Joe",
        "age" : 25,
        "position" : "Software Engineer",
        "salary" : 47250,
        "references" : [
                "Daniel",
                "Bob",
                "Jared",
                [
                        "Jared",
                        "Ivanka"
                ],
                "Jared",
                "Ivanka"
        ]
}
{
        "_id" : ObjectId("5e4de7d089fc012a22b5b954"),
        "name" : "Sam",
        "age" : 30,
        "position" : "Software Engineer",
        "salary" : 47250,
        "references" : [
                "Daniel",
                "Bob",
                "Jared",
                [
                        "Jared",
                        "Ivanka"
                ],
                "Jared",
                "Ivanka"
        ]
}
{
        "_id" : ObjectId("5e4de7d089fc012a22b5b955"),
        "name" : "Bob",
        "age" : 28,
        "position" : "Software Engineer",
        "salary" : 47250,
        "references" : [
                "Daniel",
                "Bob",
                "Jared",
                [
                        "Jared",
                        "Ivanka"
                ],
                "Jared",
                "Ivanka"
        ]
}
{
        "_id" : ObjectId("5e4de8cf89fc012a22b5b956"),
        "name" : "Jaun",
        "position" : "Manager",
        "salary" : 150000,
        "references" : [
                "Daniel",
                "Bob",
                "Jared",
                [
                        "Jared",
                        "Ivanka"
                ],
                "Jared",
                "Ivanka"
        ]
}
{
        "_id" : ObjectId("5e4ded6689fc012a22b5b957"),
        "name" : "Roger",
        "references" : [
                "Daniel",
                "Bob",
                "Jared",
                [
                        "Jared",
                        "Ivanka"
                ],
                "Jared",
                "Ivanka"
        ]
}
82 test> db.people.updateMany({}, {$pop: {references: -1}})
{ "acknowledged" : true, "matchedCount" : 5, "modifiedCount" : 5 }
83 test> db.people.find().pretty()
{
        "_id" : ObjectId("5e4de7d089fc012a22b5b953"),
        "name" : "Joe",
        "age" : 25,
        "position" : "Software Engineer",
        "salary" : 47250,
        "references" : [
                "Bob",
                "Jared",
                [
                        "Jared",
                        "Ivanka"
                ],
                "Jared",
                "Ivanka"
        ]
}
{
        "_id" : ObjectId("5e4de7d089fc012a22b5b954"),
        "name" : "Sam",
        "age" : 30,
        "position" : "Software Engineer",
        "salary" : 47250,
        "references" : [
                "Bob",
                "Jared",
                [
                        "Jared",
                        "Ivanka"
                ],
                "Jared",
                "Ivanka"
        ]
}
{
        "_id" : ObjectId("5e4de7d089fc012a22b5b955"),
        "name" : "Bob",
        "age" : 28,
        "position" : "Software Engineer",
        "salary" : 47250,
        "references" : [
                "Bob",
                "Jared",
                [
                        "Jared",
                        "Ivanka"
                ],
                "Jared",
                "Ivanka"
        ]
}
{
        "_id" : ObjectId("5e4de8cf89fc012a22b5b956"),
        "name" : "Jaun",
        "position" : "Manager",
        "salary" : 150000,
        "references" : [
                "Bob",
                "Jared",
                [
                        "Jared",
                        "Ivanka"
                ],
                "Jared",
                "Ivanka"
        ]
}
{
        "_id" : ObjectId("5e4ded6689fc012a22b5b957"),
        "name" : "Roger",
        "references" : [
                "Bob",
                "Jared",
                [
                        "Jared",
                        "Ivanka"
                ],
                "Jared",
                "Ivanka"
        ]
}
84 test> db.people.updateMany({}, {$pull: {references: 'Jared'}})
{ "acknowledged" : true, "matchedCount" : 5, "modifiedCount" : 5 }
85 test> db.people.find().pretty()
{
        "_id" : ObjectId("5e4de7d089fc012a22b5b953"),
        "name" : "Joe",
        "age" : 25,
        "position" : "Software Engineer",
        "salary" : 47250,
        "references" : [
                "Bob",
                [
                        "Jared",
                        "Ivanka"
                ],
                "Ivanka"
        ]
}
{
        "_id" : ObjectId("5e4de7d089fc012a22b5b954"),
        "name" : "Sam",
        "age" : 30,
        "position" : "Software Engineer",
        "salary" : 47250,
        "references" : [
                "Bob",
                [
                        "Jared",
                        "Ivanka"
                ],
                "Ivanka"
        ]
}
{
        "_id" : ObjectId("5e4de7d089fc012a22b5b955"),
        "name" : "Bob",
        "age" : 28,
        "position" : "Software Engineer",
        "salary" : 47250,
        "references" : [
                "Bob",
                [
                        "Jared",
                        "Ivanka"
                ],
                "Ivanka"
        ]
}
{
        "_id" : ObjectId("5e4de8cf89fc012a22b5b956"),
        "name" : "Jaun",
        "position" : "Manager",
        "salary" : 150000,
        "references" : [
                "Bob",
                [
                        "Jared",
                        "Ivanka"
                ],
                "Ivanka"
        ]
}
{
        "_id" : ObjectId("5e4ded6689fc012a22b5b957"),
        "name" : "Roger",
        "references" : [
                "Bob",
                [
                        "Jared",
                        "Ivanka"
                ],
                "Ivanka"
        ]
}